
Allocating common symbols
Common symbol       size              file

BPB                 0x4               bin/kc.o
prdt                0x4               bin/ATA.o
before_int_ax       0x2               bin/isr.o
tckcounter          0x1               bin/isr.o
tasks               0x294             bin/kc.o
systeminfo          0x68              bin/kc.o
pci_device_info     0x28000           bin/kc.o
int_stack           0x4               bin/isr.o
buff                0x100             bin/keyboard.o
mem_table           0x40000           bin/memory.o
tss                 0x68              bin/gdt.o
VendorID            0x4               bin/cpu.o
cpuvend             0x4               bin/cpu.o
last_interrupt      0x1               bin/isr.o
segments            0x4               bin/kc.o
before_int_di       0x2               bin/isr.o
vfs_info            0xc               bin/kc.o
counter             0x2               bin/isr.o
BMR                 0x4               bin/ATA.o
devices             0x80              bin/kc.o
MEM_MAX             0x4               bin/memory.o
ROOTDIR             0x4               bin/fat.o
abar                0x4               bin/kc.o

Discarded input sections

 .group         0x0000000000000000        0x8 bin/kc.o
 .group         0x0000000000000000        0x8 bin/sys.o
 .group         0x0000000000000000        0x8 bin/screen.o
 .group         0x0000000000000000        0x8 bin/screen.o
 .text.__x86.get_pc_thunk.ax
                0x0000000000000000        0x4 bin/screen.o
 .text.__x86.get_pc_thunk.bx
                0x0000000000000000        0x4 bin/screen.o
 .group         0x0000000000000000        0x8 bin/gdt.o
 .group         0x0000000000000000        0x8 bin/gdt.o
 .text.__x86.get_pc_thunk.ax
                0x0000000000000000        0x4 bin/gdt.o
 .text.__x86.get_pc_thunk.bx
                0x0000000000000000        0x4 bin/gdt.o
 .group         0x0000000000000000        0x8 bin/hardw.o
 .group         0x0000000000000000        0x8 bin/hardw.o
 .text.__x86.get_pc_thunk.ax
                0x0000000000000000        0x4 bin/hardw.o
 .text.__x86.get_pc_thunk.bx
                0x0000000000000000        0x4 bin/hardw.o
 .group         0x0000000000000000        0x8 bin/cpu.o
 .group         0x0000000000000000        0x8 bin/cpu.o
 .text.__x86.get_pc_thunk.ax
                0x0000000000000000        0x4 bin/cpu.o
 .text.__x86.get_pc_thunk.bx
                0x0000000000000000        0x4 bin/cpu.o
 .group         0x0000000000000000        0x8 bin/isr.o
 .group         0x0000000000000000        0x8 bin/isr.o
 .text.__x86.get_pc_thunk.ax
                0x0000000000000000        0x4 bin/isr.o
 .text.__x86.get_pc_thunk.bx
                0x0000000000000000        0x4 bin/isr.o
 .group         0x0000000000000000        0x8 bin/util.o
 .group         0x0000000000000000        0x8 bin/util.o
 .text.__x86.get_pc_thunk.ax
                0x0000000000000000        0x4 bin/util.o
 .text.__x86.get_pc_thunk.bx
                0x0000000000000000        0x4 bin/util.o
 .group         0x0000000000000000        0x8 bin/errorHandl.o
 .text.__x86.get_pc_thunk.bx
                0x0000000000000000        0x4 bin/errorHandl.o
 .group         0x0000000000000000        0x8 bin/keyboard.o
 .group         0x0000000000000000        0x8 bin/keyboard.o
 .text.__x86.get_pc_thunk.ax
                0x0000000000000000        0x4 bin/keyboard.o
 .text.__x86.get_pc_thunk.bx
                0x0000000000000000        0x4 bin/keyboard.o
 .group         0x0000000000000000        0x8 bin/memory.o
 .text.__x86.get_pc_thunk.ax
                0x0000000000000000        0x4 bin/memory.o
 .group         0x0000000000000000        0x8 bin/pci.o
 .group         0x0000000000000000        0x8 bin/pci.o
 .text.__x86.get_pc_thunk.ax
                0x0000000000000000        0x4 bin/pci.o
 .text.__x86.get_pc_thunk.bx
                0x0000000000000000        0x4 bin/pci.o
 .group         0x0000000000000000        0x8 bin/ahci.o
 .group         0x0000000000000000        0x8 bin/ahci.o
 .text.__x86.get_pc_thunk.ax
                0x0000000000000000        0x4 bin/ahci.o
 .text.__x86.get_pc_thunk.bx
                0x0000000000000000        0x4 bin/ahci.o
 .group         0x0000000000000000        0x8 bin/ATA.o
 .group         0x0000000000000000        0x8 bin/ATA.o
 .text.__x86.get_pc_thunk.ax
                0x0000000000000000        0x4 bin/ATA.o
 .text.__x86.get_pc_thunk.bx
                0x0000000000000000        0x4 bin/ATA.o
 .group         0x0000000000000000        0x8 bin/mfat.o
 .text.__x86.get_pc_thunk.bx
                0x0000000000000000        0x4 bin/mfat.o
 .group         0x0000000000000000        0x8 bin/fat.o
 .group         0x0000000000000000        0x8 bin/fat.o
 .text.__x86.get_pc_thunk.ax
                0x0000000000000000        0x4 bin/fat.o
 .text.__x86.get_pc_thunk.bx
                0x0000000000000000        0x4 bin/fat.o
 .group         0x0000000000000000        0x8 bin/hdd.o
 .text.__x86.get_pc_thunk.bx
                0x0000000000000000        0x4 bin/hdd.o
 .group         0x0000000000000000        0x8 bin/DRVhandl.o
 .group         0x0000000000000000        0x8 bin/DRVhandl.o
 .text.__x86.get_pc_thunk.ax
                0x0000000000000000        0x4 bin/DRVhandl.o
 .text.__x86.get_pc_thunk.bx
                0x0000000000000000        0x4 bin/DRVhandl.o
 .group         0x0000000000000000        0x8 bin/multitasking.o
 .group         0x0000000000000000        0x8 bin/multitasking.o
 .group         0x0000000000000000        0x8 bin/multitasking.o
 .text.__x86.get_pc_thunk.ax
                0x0000000000000000        0x4 bin/multitasking.o
 .text.__x86.get_pc_thunk.bx
                0x0000000000000000        0x4 bin/multitasking.o
 .group         0x0000000000000000        0x8 bin/v86c.o
 .text.__x86.get_pc_thunk.ax
                0x0000000000000000        0x4 bin/v86c.o

Memory Configuration

Name             Origin             Length             Attributes
*default*        0x0000000000000000 0xffffffffffffffff

Linker script and memory map

                0x0000000000200000                . = 0x200000

.text           0x0000000000200000     0x9620
 *(.text)
 .text          0x0000000000200000     0x20ad bin/kasm.o
                0x000000000020000c                start
                0x0000000000200021                paging
 .text          0x00000000002020ad      0x35d bin/kc.o
                0x00000000002020ad                main
 .text          0x000000000020240a      0x157 bin/sys.o
                0x000000000020240a                inb
                0x0000000000202431                inw
                0x000000000020245a                outb
                0x0000000000202485                outw
                0x00000000002024b0                outl
                0x00000000002024d2                inl
                0x00000000002024f8                sysinlong
                0x000000000020251e                outsw
 .text          0x0000000000202561      0x734 bin/screen.o
                0x0000000000202561                updCurs
                0x00000000002025ea                setcolor
                0x0000000000202603                trace
                0x0000000000202705                putchar
                0x0000000000202875                TextModeVideoMemDump
                0x00000000002028ba                print
                0x000000000020291c                printline
                0x000000000020299b                linecheck
                0x00000000002029d0                clearl
                0x0000000000202a7c                clearscr
                0x0000000000202aca                scroll
                0x0000000000202bce                disablecursor
                0x0000000000202c0a                paintscr
 .text          0x0000000000202c95      0x24b bin/gdt.o
                0x0000000000202c95                Prep_TSS
                0x0000000000202d36                TSS_update_stack
                0x0000000000202d67                GDT
 .text          0x0000000000202ee0       0x36 bin/gdtasm.o
                0x0000000000202ee0                gdt_set32
                0x0000000000202f12                CRzero
 .text          0x0000000000202f16      0x5d6 bin/hardw.o
                0x0000000000202f16                setints
                0x0000000000202f5f                IRQclrmsk
                0x0000000000202fd5                IRQclrallmsks
                0x000000000020300e                IRQmskall
                0x0000000000203070                IRQdisableall
                0x00000000002030ac                IRQsetmsk
                0x0000000000203120                initpics
                0x0000000000203204                inthndld
                0x0000000000203249                PIC_remap
                0x0000000000203332                PIT_init
                0x000000000020338b                inita20
                0x0000000000203429                DetectSpeed
                0x0000000000203491                keybsndcom
                0x00000000002034c2                keybwait
 .text          0x00000000002034ec      0x12a bin/cpu.o
                0x00000000002034ec                idtent
                0x000000000020351a                setidt
                0x0000000000203570                CPUID
                0x000000000020359e                IDT_add
                0x00000000002035fb                cpuSetMSR
 .text          0x0000000000203616      0x93e bin/isr.o
                0x0000000000203616                isrinst
                0x000000000020375f                isr0c
                0x0000000000203798                isr1c
                0x00000000002037e1                isr3c
                0x000000000020380d                isr4c
                0x000000000020381f                isr7c
                0x0000000000203866                isr8c
                0x000000000020388d                isr11c
                0x00000000002038b8                isr12c
                0x00000000002038e4                isr13c
                0x0000000000203dd3                isr14c
                0x0000000000203dfe                isr15
                0x0000000000203e2a                isr20c
                0x0000000000203e7b                isr21c
                0x0000000000203ed0                isr30c
                0x0000000000203f09                isr47c
 .text          0x0000000000203f54      0x56c bin/util.o
                0x0000000000203f54                getBYTE
                0x0000000000203f89                getWORD
                0x0000000000203fbf                eqlstr
                0x0000000000204043                sleep
                0x0000000000204084                timer_start
                0x00000000002040a3                timer_end
                0x00000000002040d1                movestr
                0x000000000020414a                hasStr
                0x00000000002041ae                hexstr
                0x0000000000204215                strlen
                0x0000000000204246                TransformUpLowUC
                0x00000000002042f6                PartyChop
                0x0000000000204345                strtok
                0x0000000000204396                strsep
                0x00000000002043ee                strpbrk
 .text          0x00000000002044c0        0xa bin/idta.o
                0x00000000002044c0                idt_set
 *fill*         0x00000000002044ca        0x6 
 .text          0x00000000002044d0       0xe2 bin/isra.o
                0x00000000002044d0                isr0
                0x00000000002044e7                isr1
                0x00000000002044f0                isr3
                0x00000000002044fa                isr4
                0x0000000000204502                isr7
                0x000000000020450b                isr8
                0x0000000000204514                isr9
                0x0000000000204515                isr10
                0x0000000000204518                isr11
                0x0000000000204529                isr13
                0x0000000000204565                isr14
                0x000000000020456f                isr20
                0x0000000000204597                isr21
                0x00000000002045a0                isr30
                0x00000000002045a9                isr47
 *fill*         0x00000000002045b2        0xe 
 .text          0x00000000002045c0       0xfb bin/asm.o
                0x00000000002045c0                PIT_initasm
                0x00000000002045cf                PIT_readcount
                0x00000000002045e7                enable_A20
                0x0000000000204633                GetCPUVendor
                0x000000000020464d                TLBflush
                0x0000000000204657                getESP
                0x0000000000204662                TSS_flush
                0x000000000020466a                jmp_user_mode
                0x0000000000204697                jmp_back_kernel
                0x00000000002046ab                memory_set_stack
                0x00000000002046b7                StackPointer
 .text          0x00000000002046bb      0x316 bin/errorHandl.o
                0x00000000002046bb                kernel_panic
                0x00000000002047ba                InitFail
                0x0000000000204819                console_Warning
                0x000000000020486b                error
 .text          0x00000000002049d1      0x170 bin/keyboard.o
                0x00000000002049d1                keybin
                0x0000000000204a14                putonscr
                0x0000000000204a2d                IS_pressed
                0x0000000000204a60                hang_for_key
                0x0000000000204a8b                InitKbrd
 .text          0x0000000000204b41      0x3c0 bin/memory.o
                0x0000000000204b41                memory_init
                0x0000000000204b62                GRUB_GetMemInfo
                0x0000000000204c49                malloc
                0x0000000000204dc8                demalloc
                0x0000000000204e2b                kmemset
                0x0000000000204e5b                MemCopy
                0x0000000000204eb0                strcopy
 .text          0x0000000000204f01      0x3e4 bin/pci.o
                0x0000000000204f01                getPCIval
                0x0000000000204fa2                GetPCIDevice
                0x0000000000205151                pciConfigRead
                0x00000000002051f7                pciConfigWrite
                0x000000000020529b                pciGetInterruptLine
 .text          0x00000000002052e5      0x853 bin/ahci.o
                0x00000000002052e5                AHCI_init
                0x0000000000205362                getBAR5
                0x00000000002053e8                AHCI_setup_port
                0x000000000020541a                search_drives
                0x0000000000205698                port_rebase
                0x00000000002057fa                start_cmd
                0x000000000020583c                stop_cmd
                0x0000000000205892                Read_SATA
                0x0000000000205ab2                find_cmdslot
 .text          0x0000000000205b38     0x1020 bin/ATA.o
                0x0000000000205b38                ATA_init
                0x0000000000205de3                ATAPI_init
                0x0000000000205dfc                ATAwait
                0x0000000000205e2f                ATAPI_CHECK
                0x0000000000205f58                ATA_swreset
                0x0000000000205ff0                DRIVE_ERROR_DETECT
                0x000000000020604a                nIEN_rs
                0x0000000000206092                PIO_READ_ATA
                0x000000000020622c                PIO_WRITE_ATA
                0x000000000020641a                PIO_READ_ATAPI
                0x0000000000206796                DMA_ATA_SETUP
                0x0000000000206895                DMA_ATA_READ
                0x00000000002069e7                DMA_ATA_WRITE
                0x0000000000206aea                ATA_STANDARD
 .text          0x0000000000206b58       0xf6 bin/mfat.o
                0x0000000000206b58                MFAT_format
 .text          0x0000000000206c4e      0xc0c bin/fat.o
                0x0000000000206c4e                GetBootCodeFAT
                0x0000000000206c95                FATinit
                0x0000000000206d56                GetFile
                0x0000000000206dcf                FindFile
                0x0000000000206ebd                FAT_Traverse
                0x0000000000206f71                fat_find_dir
                0x000000000020708e                FindNextDir
                0x00000000002071b2                FAT32_WRITE_FILE
                0x00000000002072d8                FAT32_DIRPREP
                0x00000000002073a6                FAT32_Write_cluster
                0x00000000002073f8                FAT32_READ_FILE
                0x0000000000207464                FAT_cluster_LBA
                0x000000000020749c                FAT_read_table
                0x000000000020758a                ReadDir
                0x00000000002076f1                FATFindFreeClusterChain
 .text          0x000000000020785a      0x261 bin/hdd.o
                0x000000000020785a                get_drive_info
                0x0000000000207a1e                GetFirstSectLBA
 .text          0x0000000000207abb        0x0 bin/iso.o
 .text          0x0000000000207abb      0x1f8 bin/DRVhandl.o
                0x0000000000207abb                driver_type
                0x0000000000207aeb                FindDriver
                0x0000000000207c35                run_v86_driver
 *fill*         0x0000000000207cb3        0xd 
 .text          0x0000000000207cc0       0x61 bin/v86.o
                0x0000000000207cc0                v86_enter
                0x0000000000207cf9                do_exor
                0x0000000000207d08                do_regs
 .text          0x0000000000207d21      0x87e bin/multitasking.o
                0x0000000000207d21                Task_Save_State
                0x0000000000207e2f                task_timeguard
                0x0000000000207fb6                task_push_v86
                0x0000000000208078                task_push
                0x000000000020813b                task_pop
                0x00000000002083ab                task_save
                0x00000000002084c8                task_findnew
                0x000000000020853c                task_internal_ret_from_interrupt
 .text          0x000000000020859f       0x72 bin/v86c.o
                0x000000000020859f                v86_linear_to_sgoff
                0x00000000002085dc                v86_sgoff_to_linear
 *fill*         0x0000000000208611        0xf 
 .text          0x0000000000208620     0x1000 bin/stack.o
                0x0000000000208620                stack
                0x0000000000209620                end_stack

.text.__x86.get_pc_thunk.bx
                0x0000000000209620        0x4
 .text.__x86.get_pc_thunk.bx
                0x0000000000209620        0x4 bin/kc.o
                0x0000000000209620                __x86.get_pc_thunk.bx

.text.__x86.get_pc_thunk.ax
                0x0000000000209624        0x4
 .text.__x86.get_pc_thunk.ax
                0x0000000000209624        0x4 bin/sys.o
                0x0000000000209624                __x86.get_pc_thunk.ax

.text.__x86.get_pc_thunk.dx
                0x0000000000209628        0x4
 .text.__x86.get_pc_thunk.dx
                0x0000000000209628        0x4 bin/multitasking.o
                0x0000000000209628                __x86.get_pc_thunk.dx

.iplt           0x0000000000209630        0x0
 .iplt          0x0000000000209630        0x0 bin/stack.o

.rodata         0x000000000020962c      0x978
 .rodata        0x000000000020962c      0x15b bin/kc.o
 .rodata        0x0000000000209787        0x3 bin/screen.o
                0x0000000000209787                height
                0x0000000000209788                width
                0x0000000000209789                depth
 .rodata        0x000000000020978a      0x130 bin/isr.o
 .rodata        0x00000000002098ba       0x1b bin/util.o
 *fill*         0x00000000002098d5        0x3 
 .rodata        0x00000000002098d8      0x3d8 bin/errorHandl.o
 .rodata        0x0000000000209cb0        0xe bin/keyboard.o
 .rodata        0x0000000000209cbe       0x36 bin/pci.o
 .rodata        0x0000000000209cf4       0x9a bin/ahci.o
 *fill*         0x0000000000209d8e        0x2 
 .rodata        0x0000000000209d90      0x12c bin/ATA.o
 .rodata        0x0000000000209ebc       0x49 bin/mfat.o
 .rodata        0x0000000000209f05       0x22 bin/fat.o
 .rodata        0x0000000000209f27       0x11 bin/hdd.o
 .rodata        0x0000000000209f38       0x54 bin/DRVhandl.o
 .rodata        0x0000000000209f8c       0x18 bin/multitasking.o

.eh_frame       0x0000000000209fa4     0x153c
 .eh_frame      0x0000000000209fa4       0x58 bin/kc.o
 .eh_frame      0x0000000000209ffc      0x114 bin/sys.o
                                        0x12c (size before relaxing)
 .eh_frame      0x000000000020a110      0x1c8 bin/screen.o
                                        0x208 (size before relaxing)
 .eh_frame      0x000000000020a2d8       0x8c bin/gdt.o
                                         0xcc (size before relaxing)
 .eh_frame      0x000000000020a364      0x1fc bin/hardw.o
                                        0x23c (size before relaxing)
 .eh_frame      0x000000000020a560       0xa4 bin/cpu.o
                                         0xe4 (size before relaxing)
 .eh_frame      0x000000000020a604      0x23c bin/isr.o
                                        0x27c (size before relaxing)
 .eh_frame      0x000000000020a840      0x20c bin/util.o
                                        0x24c (size before relaxing)
 .eh_frame      0x000000000020aa4c       0x88 bin/errorHandl.o
                                         0xb4 (size before relaxing)
 .eh_frame      0x000000000020aad4       0xa4 bin/keyboard.o
                                         0xe4 (size before relaxing)
 .eh_frame      0x000000000020ab78       0xec bin/memory.o
                                        0x118 (size before relaxing)
 .eh_frame      0x000000000020ac64       0xc8 bin/pci.o
                                        0x108 (size before relaxing)
 .eh_frame      0x000000000020ad2c      0x160 bin/ahci.o
                                        0x1a0 (size before relaxing)
 .eh_frame      0x000000000020ae8c      0x1f8 bin/ATA.o
                                        0x238 (size before relaxing)
 .eh_frame      0x000000000020b084       0x24 bin/mfat.o
                                         0x50 (size before relaxing)
 .eh_frame      0x000000000020b0a8      0x228 bin/fat.o
                                        0x268 (size before relaxing)
 .eh_frame      0x000000000020b2d0       0x48 bin/hdd.o
                                         0x74 (size before relaxing)
 .eh_frame      0x000000000020b318       0x68 bin/DRVhandl.o
                                         0xa8 (size before relaxing)
 .eh_frame      0x000000000020b380      0x120 bin/multitasking.o
                                        0x160 (size before relaxing)
 .eh_frame      0x000000000020b4a0       0x40 bin/v86c.o
                                         0x6c (size before relaxing)

.note.gnu.property
                0x000000000020b4e0       0x1c
 .note.gnu.property
                0x000000000020b4e0       0x1c bin/stack.o

.rel.dyn        0x000000000020b4fc        0x0
 .rel.got       0x000000000020b4fc        0x0 bin/stack.o
 .rel.iplt      0x000000000020b4fc        0x0 bin/stack.o
 .rel.text      0x000000000020b4fc        0x0 bin/stack.o
 .rel.data.rel  0x000000000020b4fc        0x0 bin/stack.o

.data           0x000000000020b4fc       0x19
 *(.data)
 .data          0x000000000020b4fc        0x4 bin/kc.o
                0x000000000020b4fc                GRUBMAGIC
 .data          0x000000000020b500        0x0 bin/sys.o
 .data          0x000000000020b500        0x4 bin/screen.o
                0x000000000020b500                color
 .data          0x000000000020b504        0x0 bin/gdt.o
 .data          0x000000000020b504        0x4 bin/hardw.o
                0x000000000020b504                CMOS_NMI_disable
 .data          0x000000000020b508        0x0 bin/cpu.o
 .data          0x000000000020b508        0x0 bin/isr.o
 .data          0x000000000020b508        0x0 bin/util.o
 .data          0x000000000020b508        0x0 bin/errorHandl.o
 .data          0x000000000020b508        0x4 bin/keyboard.o
                0x000000000020b508                scancodeset
 .data          0x000000000020b50c        0x8 bin/memory.o
                0x000000000020b50c                MEM_start
                0x000000000020b510                mem_table_entry
 .data          0x000000000020b514        0x0 bin/pci.o
 .data          0x000000000020b514        0x0 bin/ahci.o
 .data          0x000000000020b514        0x0 bin/ATA.o
 .data          0x000000000020b514        0x0 bin/mfat.o
 .data          0x000000000020b514        0x0 bin/fat.o
 .data          0x000000000020b514        0x0 bin/hdd.o
 .data          0x000000000020b514        0x0 bin/iso.o
 .data          0x000000000020b514        0x0 bin/DRVhandl.o
 .data          0x000000000020b514        0x1 bin/multitasking.o
 .data          0x000000000020b515        0x0 bin/v86c.o

.data.rel       0x000000000020b518        0x4
 .data.rel      0x000000000020b518        0x4 bin/keyboard.o
                0x000000000020b518                kbrdbfr

.data.rel.local
                0x000000000020b51c        0xc
 .data.rel.local
                0x000000000020b51c        0xc bin/DRVhandl.o
                0x000000000020b51c                UNKOWN
                0x000000000020b520                EMPTY
                0x000000000020b524                VESA

.got            0x000000000020b528        0x0
 .got           0x000000000020b528        0x0 bin/stack.o

.got.plt        0x000000000020b528        0xc
 .got.plt       0x000000000020b528        0xc bin/stack.o
                0x000000000020b528                _GLOBAL_OFFSET_TABLE_

.igot.plt       0x000000000020b534        0x0
 .igot.plt      0x000000000020b534        0x0 bin/stack.o

.bss            0x000000000020b540    0x68f10
 *(.bss)
 .bss           0x000000000020b540        0xc bin/kc.o
                0x000000000020b540                KERNEL_FLAGS
 .bss           0x000000000020b54c        0x0 bin/sys.o
 .bss           0x000000000020b54c       0x10 bin/screen.o
                0x000000000020b54c                cursorX
                0x000000000020b550                cursorY
 *fill*         0x000000000020b55c        0x4 
 .bss           0x000000000020b560       0x5e bin/gdt.o
 *fill*         0x000000000020b5be        0x2 
 .bss           0x000000000020b5c0        0x8 bin/hardw.o
 *fill*         0x000000000020b5c8       0x18 
 .bss           0x000000000020b5e0      0x826 bin/cpu.o
 *fill*         0x000000000020be06        0x2 
 .bss           0x000000000020be08        0xc bin/isr.o
                0x000000000020be08                sec
 .bss           0x000000000020be14       0x10 bin/util.o
 .bss           0x000000000020be24        0x8 bin/errorHandl.o
 .bss           0x000000000020be2c       0x1c bin/keyboard.o
                0x000000000020be2c                enter
                0x000000000020be30                bEnterPause
                0x000000000020be34                boolsk3
                0x000000000020be38                noreturn
                0x000000000020be3c                shift
 .bss           0x000000000020be48        0x8 bin/memory.o
 .bss           0x000000000020be50        0x8 bin/pci.o
 .bss           0x000000000020be58        0x8 bin/ahci.o
 .bss           0x000000000020be60        0x8 bin/ATA.o
 .bss           0x000000000020be68        0x8 bin/mfat.o
 .bss           0x000000000020be70       0x10 bin/fat.o
 .bss           0x000000000020be80        0x8 bin/hdd.o
 .bss           0x000000000020be88        0x8 bin/iso.o
 .bss           0x000000000020be90        0x8 bin/DRVhandl.o
 .bss           0x000000000020be98        0xc bin/multitasking.o
                0x000000000020be98                CurrentTasks
 .bss           0x000000000020bea4        0x8 bin/v86c.o
 *fill*         0x000000000020beac       0x14 
 COMMON         0x000000000020bec0    0x283e4 bin/kc.o
                0x000000000020bec0                BPB
                0x000000000020bee0                tasks
                0x000000000020c180                systeminfo
                0x000000000020c200                pci_device_info
                0x0000000000234200                segments
                0x0000000000234204                vfs_info
                0x0000000000234220                devices
                0x00000000002342a0                abar
 *fill*         0x00000000002342a4       0x1c 
 COMMON         0x00000000002342c0       0x68 bin/gdt.o
                0x00000000002342c0                tss
 COMMON         0x0000000000234328        0x8 bin/cpu.o
                0x0000000000234328                VendorID
                0x000000000023432c                cpuvend
 COMMON         0x0000000000234330        0xe bin/isr.o
                0x0000000000234330                before_int_ax
                0x0000000000234332                tckcounter
                0x0000000000234334                int_stack
                0x0000000000234338                last_interrupt
                0x000000000023433a                before_int_di
                0x000000000023433c                counter
 *fill*         0x000000000023433e        0x2 
 COMMON         0x0000000000234340      0x100 bin/keyboard.o
                0x0000000000234340                buff
 COMMON         0x0000000000234440    0x40004 bin/memory.o
                0x0000000000234440                mem_table
                0x0000000000274440                MEM_MAX
 COMMON         0x0000000000274444        0x8 bin/ATA.o
                0x0000000000274444                prdt
                0x0000000000274448                BMR
 COMMON         0x000000000027444c        0x4 bin/fat.o
                0x000000000027444c                ROOTDIR
LOAD bin/kasm.o
LOAD bin/kc.o
LOAD bin/sys.o
LOAD bin/screen.o
LOAD bin/gdt.o
LOAD bin/gdtasm.o
LOAD bin/hardw.o
LOAD bin/cpu.o
LOAD bin/isr.o
LOAD bin/util.o
LOAD bin/idta.o
LOAD bin/isra.o
LOAD bin/asm.o
LOAD bin/errorHandl.o
LOAD bin/keyboard.o
LOAD bin/memory.o
LOAD bin/pci.o
LOAD bin/ahci.o
LOAD bin/ATA.o
LOAD bin/mfat.o
LOAD bin/fat.o
LOAD bin/hdd.o
LOAD bin/iso.o
LOAD bin/DRVhandl.o
LOAD bin/v86.o
LOAD bin/multitasking.o
LOAD bin/v86c.o
LOAD bin/stack.o
OUTPUT(bin/Build/kernel.sys elf32-i386)

.comment        0x0000000000000000       0x4d
 .comment       0x0000000000000000       0x23 bin/kc.o
                                         0x24 (size before relaxing)
 .comment       0x0000000000000023       0x24 bin/sys.o
 .comment       0x0000000000000023       0x24 bin/screen.o
 .comment       0x0000000000000023       0x24 bin/gdt.o
 .comment       0x0000000000000023       0x24 bin/hardw.o
 .comment       0x0000000000000023       0x24 bin/cpu.o
 .comment       0x0000000000000023       0x24 bin/isr.o
 .comment       0x0000000000000023       0x24 bin/util.o
 .comment       0x0000000000000023       0x24 bin/errorHandl.o
 .comment       0x0000000000000023       0x24 bin/keyboard.o
 .comment       0x0000000000000023       0x24 bin/memory.o
 .comment       0x0000000000000023       0x24 bin/pci.o
 .comment       0x0000000000000023       0x24 bin/ahci.o
 .comment       0x0000000000000023       0x24 bin/ATA.o
 .comment       0x0000000000000023       0x2a bin/mfat.o
                                         0x2b (size before relaxing)
 .comment       0x000000000000004d       0x24 bin/fat.o
 .comment       0x000000000000004d       0x24 bin/hdd.o
 .comment       0x000000000000004d       0x24 bin/iso.o
 .comment       0x000000000000004d       0x24 bin/DRVhandl.o
 .comment       0x000000000000004d       0x24 bin/multitasking.o
 .comment       0x000000000000004d       0x24 bin/v86c.o

.note.GNU-stack
                0x0000000000000000        0x0
 .note.GNU-stack
                0x0000000000000000        0x0 bin/kc.o
 .note.GNU-stack
                0x0000000000000000        0x0 bin/sys.o
 .note.GNU-stack
                0x0000000000000000        0x0 bin/screen.o
 .note.GNU-stack
                0x0000000000000000        0x0 bin/gdt.o
 .note.GNU-stack
                0x0000000000000000        0x0 bin/hardw.o
 .note.GNU-stack
                0x0000000000000000        0x0 bin/cpu.o
 .note.GNU-stack
                0x0000000000000000        0x0 bin/isr.o
 .note.GNU-stack
                0x0000000000000000        0x0 bin/util.o
 .note.GNU-stack
                0x0000000000000000        0x0 bin/errorHandl.o
 .note.GNU-stack
                0x0000000000000000        0x0 bin/keyboard.o
 .note.GNU-stack
                0x0000000000000000        0x0 bin/memory.o
 .note.GNU-stack
                0x0000000000000000        0x0 bin/pci.o
 .note.GNU-stack
                0x0000000000000000        0x0 bin/ahci.o
 .note.GNU-stack
                0x0000000000000000        0x0 bin/ATA.o
 .note.GNU-stack
                0x0000000000000000        0x0 bin/mfat.o
 .note.GNU-stack
                0x0000000000000000        0x0 bin/fat.o
 .note.GNU-stack
                0x0000000000000000        0x0 bin/hdd.o
 .note.GNU-stack
                0x0000000000000000        0x0 bin/iso.o
 .note.GNU-stack
                0x0000000000000000        0x0 bin/DRVhandl.o
 .note.GNU-stack
                0x0000000000000000        0x0 bin/multitasking.o
 .note.GNU-stack
                0x0000000000000000        0x0 bin/v86c.o
