
Allocating common symbols
Common symbol       size              file

BPB                 0x4               bin/kc.o
prdt                0x4               bin/ATA.o
before_int_ax       0x2               bin/isr.o
tckcounter          0x1               bin/isr.o
tasks               0x294             bin/kc.o
systeminfo          0x68              bin/kc.o
pci_device_info     0x28000           bin/kc.o
int_stack           0x4               bin/isr.o
buff                0x100             bin/keyboard.o
mem_table           0x40000           bin/memory.o
tss                 0x68              bin/gdt.o
VendorID            0x4               bin/cpu.o
cpuvend             0x4               bin/cpu.o
last_interrupt      0x1               bin/isr.o
segments            0x4               bin/kc.o
before_int_di       0x2               bin/isr.o
vfs_info            0xc               bin/kc.o
counter             0x2               bin/isr.o
BMR                 0x4               bin/ATA.o
devices             0x80              bin/kc.o
MEM_MAX             0x4               bin/memory.o
ROOTDIR             0x4               bin/fat.o
abar                0x4               bin/kc.o

Discarded input sections

 .group         0x0000000000000000        0x8 bin/kc.o
 .group         0x0000000000000000        0x8 bin/sys.o
 .group         0x0000000000000000        0x8 bin/screen.o
 .group         0x0000000000000000        0x8 bin/screen.o
 .text.__x86.get_pc_thunk.ax
                0x0000000000000000        0x4 bin/screen.o
 .text.__x86.get_pc_thunk.bx
                0x0000000000000000        0x4 bin/screen.o
 .group         0x0000000000000000        0x8 bin/gdt.o
 .group         0x0000000000000000        0x8 bin/gdt.o
 .text.__x86.get_pc_thunk.ax
                0x0000000000000000        0x4 bin/gdt.o
 .text.__x86.get_pc_thunk.bx
                0x0000000000000000        0x4 bin/gdt.o
 .group         0x0000000000000000        0x8 bin/hardw.o
 .group         0x0000000000000000        0x8 bin/hardw.o
 .text.__x86.get_pc_thunk.ax
                0x0000000000000000        0x4 bin/hardw.o
 .text.__x86.get_pc_thunk.bx
                0x0000000000000000        0x4 bin/hardw.o
 .group         0x0000000000000000        0x8 bin/cpu.o
 .group         0x0000000000000000        0x8 bin/cpu.o
 .text.__x86.get_pc_thunk.ax
                0x0000000000000000        0x4 bin/cpu.o
 .text.__x86.get_pc_thunk.bx
                0x0000000000000000        0x4 bin/cpu.o
 .group         0x0000000000000000        0x8 bin/isr.o
 .group         0x0000000000000000        0x8 bin/isr.o
 .text.__x86.get_pc_thunk.ax
                0x0000000000000000        0x4 bin/isr.o
 .text.__x86.get_pc_thunk.bx
                0x0000000000000000        0x4 bin/isr.o
 .group         0x0000000000000000        0x8 bin/util.o
 .group         0x0000000000000000        0x8 bin/util.o
 .text.__x86.get_pc_thunk.ax
                0x0000000000000000        0x4 bin/util.o
 .text.__x86.get_pc_thunk.bx
                0x0000000000000000        0x4 bin/util.o
 .group         0x0000000000000000        0x8 bin/errorHandl.o
 .text.__x86.get_pc_thunk.bx
                0x0000000000000000        0x4 bin/errorHandl.o
 .group         0x0000000000000000        0x8 bin/keyboard.o
 .group         0x0000000000000000        0x8 bin/keyboard.o
 .text.__x86.get_pc_thunk.ax
                0x0000000000000000        0x4 bin/keyboard.o
 .text.__x86.get_pc_thunk.bx
                0x0000000000000000        0x4 bin/keyboard.o
 .group         0x0000000000000000        0x8 bin/memory.o
 .group         0x0000000000000000        0x8 bin/memory.o
 .text.__x86.get_pc_thunk.ax
                0x0000000000000000        0x4 bin/memory.o
 .text.__x86.get_pc_thunk.bx
                0x0000000000000000        0x4 bin/memory.o
 .group         0x0000000000000000        0x8 bin/pci.o
 .group         0x0000000000000000        0x8 bin/pci.o
 .text.__x86.get_pc_thunk.ax
                0x0000000000000000        0x4 bin/pci.o
 .text.__x86.get_pc_thunk.bx
                0x0000000000000000        0x4 bin/pci.o
 .group         0x0000000000000000        0x8 bin/ahci.o
 .group         0x0000000000000000        0x8 bin/ahci.o
 .text.__x86.get_pc_thunk.ax
                0x0000000000000000        0x4 bin/ahci.o
 .text.__x86.get_pc_thunk.bx
                0x0000000000000000        0x4 bin/ahci.o
 .group         0x0000000000000000        0x8 bin/ATA.o
 .group         0x0000000000000000        0x8 bin/ATA.o
 .text.__x86.get_pc_thunk.ax
                0x0000000000000000        0x4 bin/ATA.o
 .text.__x86.get_pc_thunk.bx
                0x0000000000000000        0x4 bin/ATA.o
 .group         0x0000000000000000        0x8 bin/mfat.o
 .text.__x86.get_pc_thunk.bx
                0x0000000000000000        0x4 bin/mfat.o
 .group         0x0000000000000000        0x8 bin/fat.o
 .group         0x0000000000000000        0x8 bin/fat.o
 .text.__x86.get_pc_thunk.ax
                0x0000000000000000        0x4 bin/fat.o
 .text.__x86.get_pc_thunk.bx
                0x0000000000000000        0x4 bin/fat.o
 .group         0x0000000000000000        0x8 bin/hdd.o
 .text.__x86.get_pc_thunk.bx
                0x0000000000000000        0x4 bin/hdd.o
 .group         0x0000000000000000        0x8 bin/DRVhandl.o
 .group         0x0000000000000000        0x8 bin/DRVhandl.o
 .text.__x86.get_pc_thunk.ax
                0x0000000000000000        0x4 bin/DRVhandl.o
 .text.__x86.get_pc_thunk.bx
                0x0000000000000000        0x4 bin/DRVhandl.o
 .group         0x0000000000000000        0x8 bin/multitasking.o
 .group         0x0000000000000000        0x8 bin/multitasking.o
 .group         0x0000000000000000        0x8 bin/multitasking.o
 .text.__x86.get_pc_thunk.ax
                0x0000000000000000        0x4 bin/multitasking.o
 .text.__x86.get_pc_thunk.bx
                0x0000000000000000        0x4 bin/multitasking.o
 .group         0x0000000000000000        0x8 bin/v86c.o
 .text.__x86.get_pc_thunk.ax
                0x0000000000000000        0x4 bin/v86c.o

Memory Configuration

Name             Origin             Length             Attributes
*default*        0x0000000000000000 0xffffffffffffffff

Linker script and memory map

                0x0000000000200000                . = 0x200000

.text           0x0000000000200000     0x9650
 *(.text)
 .text          0x0000000000200000     0x20ad bin/kasm.o
                0x000000000020000c                start
                0x0000000000200021                paging
 .text          0x00000000002020ad      0x35d bin/kc.o
                0x00000000002020ad                main
 .text          0x000000000020240a      0x157 bin/sys.o
                0x000000000020240a                inb
                0x0000000000202431                inw
                0x000000000020245a                outb
                0x0000000000202485                outw
                0x00000000002024b0                outl
                0x00000000002024d2                inl
                0x00000000002024f8                sysinlong
                0x000000000020251e                outsw
 .text          0x0000000000202561      0x734 bin/screen.o
                0x0000000000202561                updCurs
                0x00000000002025ea                setcolor
                0x0000000000202603                trace
                0x0000000000202705                putchar
                0x0000000000202875                TextModeVideoMemDump
                0x00000000002028ba                print
                0x000000000020291c                printline
                0x000000000020299b                linecheck
                0x00000000002029d0                clearl
                0x0000000000202a7c                clearscr
                0x0000000000202aca                scroll
                0x0000000000202bce                disablecursor
                0x0000000000202c0a                paintscr
 .text          0x0000000000202c95      0x24b bin/gdt.o
                0x0000000000202c95                Prep_TSS
                0x0000000000202d36                TSS_update_stack
                0x0000000000202d67                GDT
 .text          0x0000000000202ee0       0x36 bin/gdtasm.o
                0x0000000000202ee0                gdt_set32
                0x0000000000202f12                CRzero
 .text          0x0000000000202f16      0x5d6 bin/hardw.o
                0x0000000000202f16                setints
                0x0000000000202f5f                IRQclrmsk
                0x0000000000202fd5                IRQclrallmsks
                0x000000000020300e                IRQmskall
                0x0000000000203070                IRQdisableall
                0x00000000002030ac                IRQsetmsk
                0x0000000000203120                initpics
                0x0000000000203204                inthndld
                0x0000000000203249                PIC_remap
                0x0000000000203332                PIT_init
                0x000000000020338b                inita20
                0x0000000000203429                DetectSpeed
                0x0000000000203491                keybsndcom
                0x00000000002034c2                keybwait
 .text          0x00000000002034ec      0x12a bin/cpu.o
                0x00000000002034ec                idtent
                0x000000000020351a                setidt
                0x0000000000203570                CPUID
                0x000000000020359e                IDT_add
                0x00000000002035fb                cpuSetMSR
 .text          0x0000000000203616      0x93e bin/isr.o
                0x0000000000203616                isrinst
                0x000000000020375f                isr0c
                0x0000000000203798                isr1c
                0x00000000002037e1                isr3c
                0x000000000020380d                isr4c
                0x000000000020381f                isr7c
                0x0000000000203866                isr8c
                0x000000000020388d                isr11c
                0x00000000002038b8                isr12c
                0x00000000002038e4                isr13c
                0x0000000000203dd3                isr14c
                0x0000000000203dfe                isr15
                0x0000000000203e2a                isr20c
                0x0000000000203e7b                isr21c
                0x0000000000203ed0                isr30c
                0x0000000000203f09                isr47c
 .text          0x0000000000203f54      0x56c bin/util.o
                0x0000000000203f54                getBYTE
                0x0000000000203f89                getWORD
                0x0000000000203fbf                eqlstr
                0x0000000000204043                sleep
                0x0000000000204084                timer_start
                0x00000000002040a3                timer_end
                0x00000000002040d1                movestr
                0x000000000020414a                hasStr
                0x00000000002041ae                hexstr
                0x0000000000204215                strlen
                0x0000000000204246                TransformUpLowUC
                0x00000000002042f6                PartyChop
                0x0000000000204345                strtok
                0x0000000000204396                strsep
                0x00000000002043ee                strpbrk
 .text          0x00000000002044c0        0xa bin/idta.o
                0x00000000002044c0                idt_set
 *fill*         0x00000000002044ca        0x6 
 .text          0x00000000002044d0       0xe2 bin/isra.o
                0x00000000002044d0                isr0
                0x00000000002044e7                isr1
                0x00000000002044f0                isr3
                0x00000000002044fa                isr4
                0x0000000000204502                isr7
                0x000000000020450b                isr8
                0x0000000000204514                isr9
                0x0000000000204515                isr10
                0x0000000000204518                isr11
                0x0000000000204529                isr13
                0x0000000000204565                isr14
                0x000000000020456f                isr20
                0x0000000000204597                isr21
                0x00000000002045a0                isr30
                0x00000000002045a9                isr47
 *fill*         0x00000000002045b2        0xe 
 .text          0x00000000002045c0       0xfb bin/asm.o
                0x00000000002045c0                PIT_initasm
                0x00000000002045cf                PIT_readcount
                0x00000000002045e7                enable_A20
                0x0000000000204633                GetCPUVendor
                0x000000000020464d                TLBflush
                0x0000000000204657                getESP
                0x0000000000204662                TSS_flush
                0x000000000020466a                jmp_user_mode
                0x0000000000204697                jmp_back_kernel
                0x00000000002046ab                memory_set_stack
                0x00000000002046b7                StackPointer
 .text          0x00000000002046bb      0x316 bin/errorHandl.o
                0x00000000002046bb                kernel_panic
                0x00000000002047ba                InitFail
                0x0000000000204819                console_Warning
                0x000000000020486b                error
 .text          0x00000000002049d1      0x170 bin/keyboard.o
                0x00000000002049d1                keybin
                0x0000000000204a14                putonscr
                0x0000000000204a2d                IS_pressed
                0x0000000000204a60                hang_for_key
                0x0000000000204a8b                InitKbrd
 .text          0x0000000000204b41      0x3ba bin/memory.o
                0x0000000000204b41                memory_init
                0x0000000000204b62                GRUB_GetMemInfo
                0x0000000000204c49                malloc
                0x0000000000204dbb                demalloc
                0x0000000000204e25                kmemset
                0x0000000000204e55                MemCopy
                0x0000000000204eaa                strcopy
 .text          0x0000000000204efb      0x3e4 bin/pci.o
                0x0000000000204efb                getPCIval
                0x0000000000204f9c                GetPCIDevice
                0x000000000020514b                pciConfigRead
                0x00000000002051f1                pciConfigWrite
                0x0000000000205295                pciGetInterruptLine
 .text          0x00000000002052df      0x853 bin/ahci.o
                0x00000000002052df                AHCI_init
                0x000000000020535c                getBAR5
                0x00000000002053e2                AHCI_setup_port
                0x0000000000205414                search_drives
                0x0000000000205692                port_rebase
                0x00000000002057f4                start_cmd
                0x0000000000205836                stop_cmd
                0x000000000020588c                Read_SATA
                0x0000000000205aac                find_cmdslot
 .text          0x0000000000205b32     0x1054 bin/ATA.o
                0x0000000000205b32                ATA_init
                0x0000000000205ddd                ATAPI_init
                0x0000000000205df6                ATAwait
                0x0000000000205e29                ATAPI_CHECK
                0x0000000000205f52                ATA_swreset
                0x0000000000205fea                DRIVE_ERROR_DETECT
                0x0000000000206044                nIEN_rs
                0x000000000020608c                PIO_READ_ATA
                0x000000000020625a                PIO_WRITE_ATA
                0x0000000000206448                PIO_READ_ATAPI
                0x00000000002067c4                DMA_ATA_SETUP
                0x00000000002068c3                DMA_ATA_READ
                0x0000000000206a15                DMA_ATA_WRITE
                0x0000000000206b18                ATA_STANDARD
 .text          0x0000000000206b86       0xf6 bin/mfat.o
                0x0000000000206b86                MFAT_format
 .text          0x0000000000206c7c      0xc0c bin/fat.o
                0x0000000000206c7c                GetBootCodeFAT
                0x0000000000206cc3                FATinit
                0x0000000000206d84                GetFile
                0x0000000000206dfd                FindFile
                0x0000000000206eeb                FAT_Traverse
                0x0000000000206f9f                fat_find_dir
                0x00000000002070bc                FindNextDir
                0x00000000002071e0                FAT32_WRITE_FILE
                0x0000000000207306                FAT32_DIRPREP
                0x00000000002073d4                FAT32_Write_cluster
                0x0000000000207426                FAT32_READ_FILE
                0x0000000000207492                FAT_cluster_LBA
                0x00000000002074ca                FAT_read_table
                0x00000000002075b8                ReadDir
                0x000000000020771f                FATFindFreeClusterChain
 .text          0x0000000000207888      0x261 bin/hdd.o
                0x0000000000207888                get_drive_info
                0x0000000000207a4c                GetFirstSectLBA
 .text          0x0000000000207ae9        0x0 bin/iso.o
 .text          0x0000000000207ae9      0x1f8 bin/DRVhandl.o
                0x0000000000207ae9                driver_type
                0x0000000000207b19                FindDriver
                0x0000000000207c63                run_v86_driver
 *fill*         0x0000000000207ce1        0xf 
 .text          0x0000000000207cf0       0x61 bin/v86.o
                0x0000000000207cf0                v86_enter
                0x0000000000207d29                do_exor
                0x0000000000207d38                do_regs
 .text          0x0000000000207d51      0x87e bin/multitasking.o
                0x0000000000207d51                Task_Save_State
                0x0000000000207e5f                task_timeguard
                0x0000000000207fe6                task_push_v86
                0x00000000002080a8                task_push
                0x000000000020816b                task_pop
                0x00000000002083db                task_save
                0x00000000002084f8                task_findnew
                0x000000000020856c                task_internal_ret_from_interrupt
 .text          0x00000000002085cf       0x72 bin/v86c.o
                0x00000000002085cf                v86_linear_to_sgoff
                0x000000000020860c                v86_sgoff_to_linear
 *fill*         0x0000000000208641        0xf 
 .text          0x0000000000208650     0x1000 bin/stack.o
                0x0000000000208650                stack
                0x0000000000209650                end_stack

.text.__x86.get_pc_thunk.bx
                0x0000000000209650        0x4
 .text.__x86.get_pc_thunk.bx
                0x0000000000209650        0x4 bin/kc.o
                0x0000000000209650                __x86.get_pc_thunk.bx

.text.__x86.get_pc_thunk.ax
                0x0000000000209654        0x4
 .text.__x86.get_pc_thunk.ax
                0x0000000000209654        0x4 bin/sys.o
                0x0000000000209654                __x86.get_pc_thunk.ax

.text.__x86.get_pc_thunk.dx
                0x0000000000209658        0x4
 .text.__x86.get_pc_thunk.dx
                0x0000000000209658        0x4 bin/multitasking.o
                0x0000000000209658                __x86.get_pc_thunk.dx

.iplt           0x0000000000209660        0x0
 .iplt          0x0000000000209660        0x0 bin/stack.o

.rodata         0x000000000020965c      0x99c
 .rodata        0x000000000020965c      0x15b bin/kc.o
 .rodata        0x00000000002097b7        0x3 bin/screen.o
                0x00000000002097b7                height
                0x00000000002097b8                width
                0x00000000002097b9                depth
 .rodata        0x00000000002097ba      0x130 bin/isr.o
 .rodata        0x00000000002098ea       0x1b bin/util.o
 *fill*         0x0000000000209905        0x3 
 .rodata        0x0000000000209908      0x3d8 bin/errorHandl.o
 .rodata        0x0000000000209ce0        0xe bin/keyboard.o
 *fill*         0x0000000000209cee        0x2 
 .rodata        0x0000000000209cf0       0x20 bin/memory.o
 .rodata        0x0000000000209d10       0x36 bin/pci.o
 *fill*         0x0000000000209d46        0x2 
 .rodata        0x0000000000209d48       0x9a bin/ahci.o
 *fill*         0x0000000000209de2        0x2 
 .rodata        0x0000000000209de4      0x12c bin/ATA.o
 .rodata        0x0000000000209f10       0x49 bin/mfat.o
 .rodata        0x0000000000209f59       0x22 bin/fat.o
 .rodata        0x0000000000209f7b       0x11 bin/hdd.o
 .rodata        0x0000000000209f8c       0x54 bin/DRVhandl.o
 .rodata        0x0000000000209fe0       0x18 bin/multitasking.o

.eh_frame       0x0000000000209ff8     0x1540
 .eh_frame      0x0000000000209ff8       0x58 bin/kc.o
 .eh_frame      0x000000000020a050      0x114 bin/sys.o
                                        0x12c (size before relaxing)
 .eh_frame      0x000000000020a164      0x1c8 bin/screen.o
                                        0x208 (size before relaxing)
 .eh_frame      0x000000000020a32c       0x8c bin/gdt.o
                                         0xcc (size before relaxing)
 .eh_frame      0x000000000020a3b8      0x1fc bin/hardw.o
                                        0x23c (size before relaxing)
 .eh_frame      0x000000000020a5b4       0xa4 bin/cpu.o
                                         0xe4 (size before relaxing)
 .eh_frame      0x000000000020a658      0x23c bin/isr.o
                                        0x27c (size before relaxing)
 .eh_frame      0x000000000020a894      0x20c bin/util.o
                                        0x24c (size before relaxing)
 .eh_frame      0x000000000020aaa0       0x88 bin/errorHandl.o
                                         0xb4 (size before relaxing)
 .eh_frame      0x000000000020ab28       0xa4 bin/keyboard.o
                                         0xe4 (size before relaxing)
 .eh_frame      0x000000000020abcc       0xf0 bin/memory.o
                                        0x130 (size before relaxing)
 .eh_frame      0x000000000020acbc       0xc8 bin/pci.o
                                        0x108 (size before relaxing)
 .eh_frame      0x000000000020ad84      0x160 bin/ahci.o
                                        0x1a0 (size before relaxing)
 .eh_frame      0x000000000020aee4      0x1f8 bin/ATA.o
                                        0x238 (size before relaxing)
 .eh_frame      0x000000000020b0dc       0x24 bin/mfat.o
                                         0x50 (size before relaxing)
 .eh_frame      0x000000000020b100      0x228 bin/fat.o
                                        0x268 (size before relaxing)
 .eh_frame      0x000000000020b328       0x48 bin/hdd.o
                                         0x74 (size before relaxing)
 .eh_frame      0x000000000020b370       0x68 bin/DRVhandl.o
                                         0xa8 (size before relaxing)
 .eh_frame      0x000000000020b3d8      0x120 bin/multitasking.o
                                        0x160 (size before relaxing)
 .eh_frame      0x000000000020b4f8       0x40 bin/v86c.o
                                         0x6c (size before relaxing)

.note.gnu.property
                0x000000000020b538       0x1c
 .note.gnu.property
                0x000000000020b538       0x1c bin/stack.o

.rel.dyn        0x000000000020b554        0x0
 .rel.got       0x000000000020b554        0x0 bin/stack.o
 .rel.iplt      0x000000000020b554        0x0 bin/stack.o
 .rel.text      0x000000000020b554        0x0 bin/stack.o
 .rel.data.rel  0x000000000020b554        0x0 bin/stack.o

.data           0x000000000020b554       0x19
 *(.data)
 .data          0x000000000020b554        0x4 bin/kc.o
                0x000000000020b554                GRUBMAGIC
 .data          0x000000000020b558        0x0 bin/sys.o
 .data          0x000000000020b558        0x4 bin/screen.o
                0x000000000020b558                color
 .data          0x000000000020b55c        0x0 bin/gdt.o
 .data          0x000000000020b55c        0x4 bin/hardw.o
                0x000000000020b55c                CMOS_NMI_disable
 .data          0x000000000020b560        0x0 bin/cpu.o
 .data          0x000000000020b560        0x0 bin/isr.o
 .data          0x000000000020b560        0x0 bin/util.o
 .data          0x000000000020b560        0x0 bin/errorHandl.o
 .data          0x000000000020b560        0x4 bin/keyboard.o
                0x000000000020b560                scancodeset
 .data          0x000000000020b564        0x8 bin/memory.o
                0x000000000020b564                MEM_start
                0x000000000020b568                mem_table_entry
 .data          0x000000000020b56c        0x0 bin/pci.o
 .data          0x000000000020b56c        0x0 bin/ahci.o
 .data          0x000000000020b56c        0x0 bin/ATA.o
 .data          0x000000000020b56c        0x0 bin/mfat.o
 .data          0x000000000020b56c        0x0 bin/fat.o
 .data          0x000000000020b56c        0x0 bin/hdd.o
 .data          0x000000000020b56c        0x0 bin/iso.o
 .data          0x000000000020b56c        0x0 bin/DRVhandl.o
 .data          0x000000000020b56c        0x1 bin/multitasking.o
 .data          0x000000000020b56d        0x0 bin/v86c.o

.data.rel       0x000000000020b570        0x4
 .data.rel      0x000000000020b570        0x4 bin/keyboard.o
                0x000000000020b570                kbrdbfr

.data.rel.local
                0x000000000020b574        0xc
 .data.rel.local
                0x000000000020b574        0xc bin/DRVhandl.o
                0x000000000020b574                UNKOWN
                0x000000000020b578                EMPTY
                0x000000000020b57c                VESA

.got            0x000000000020b580        0x0
 .got           0x000000000020b580        0x0 bin/stack.o

.got.plt        0x000000000020b580        0xc
 .got.plt       0x000000000020b580        0xc bin/stack.o
                0x000000000020b580                _GLOBAL_OFFSET_TABLE_

.igot.plt       0x000000000020b58c        0x0
 .igot.plt      0x000000000020b58c        0x0 bin/stack.o

.bss            0x000000000020b5a0    0x68f10
 *(.bss)
 .bss           0x000000000020b5a0        0xc bin/kc.o
                0x000000000020b5a0                KERNEL_FLAGS
 .bss           0x000000000020b5ac        0x0 bin/sys.o
 .bss           0x000000000020b5ac       0x10 bin/screen.o
                0x000000000020b5ac                cursorX
                0x000000000020b5b0                cursorY
 *fill*         0x000000000020b5bc        0x4 
 .bss           0x000000000020b5c0       0x5e bin/gdt.o
 *fill*         0x000000000020b61e        0x2 
 .bss           0x000000000020b620        0x8 bin/hardw.o
 *fill*         0x000000000020b628       0x18 
 .bss           0x000000000020b640      0x826 bin/cpu.o
 *fill*         0x000000000020be66        0x2 
 .bss           0x000000000020be68        0xc bin/isr.o
                0x000000000020be68                sec
 .bss           0x000000000020be74       0x10 bin/util.o
 .bss           0x000000000020be84        0x8 bin/errorHandl.o
 .bss           0x000000000020be8c       0x1c bin/keyboard.o
                0x000000000020be8c                enter
                0x000000000020be90                bEnterPause
                0x000000000020be94                boolsk3
                0x000000000020be98                noreturn
                0x000000000020be9c                shift
 .bss           0x000000000020bea8        0x8 bin/memory.o
 .bss           0x000000000020beb0        0x8 bin/pci.o
 .bss           0x000000000020beb8        0x8 bin/ahci.o
 .bss           0x000000000020bec0        0x8 bin/ATA.o
 .bss           0x000000000020bec8        0x8 bin/mfat.o
 .bss           0x000000000020bed0       0x10 bin/fat.o
 .bss           0x000000000020bee0        0x8 bin/hdd.o
 .bss           0x000000000020bee8        0x8 bin/iso.o
 .bss           0x000000000020bef0        0x8 bin/DRVhandl.o
 .bss           0x000000000020bef8        0xc bin/multitasking.o
                0x000000000020bef8                CurrentTasks
 .bss           0x000000000020bf04        0x8 bin/v86c.o
 *fill*         0x000000000020bf0c       0x14 
 COMMON         0x000000000020bf20    0x283e4 bin/kc.o
                0x000000000020bf20                BPB
                0x000000000020bf40                tasks
                0x000000000020c1e0                systeminfo
                0x000000000020c260                pci_device_info
                0x0000000000234260                segments
                0x0000000000234264                vfs_info
                0x0000000000234280                devices
                0x0000000000234300                abar
 *fill*         0x0000000000234304       0x1c 
 COMMON         0x0000000000234320       0x68 bin/gdt.o
                0x0000000000234320                tss
 COMMON         0x0000000000234388        0x8 bin/cpu.o
                0x0000000000234388                VendorID
                0x000000000023438c                cpuvend
 COMMON         0x0000000000234390        0xe bin/isr.o
                0x0000000000234390                before_int_ax
                0x0000000000234392                tckcounter
                0x0000000000234394                int_stack
                0x0000000000234398                last_interrupt
                0x000000000023439a                before_int_di
                0x000000000023439c                counter
 *fill*         0x000000000023439e        0x2 
 COMMON         0x00000000002343a0      0x100 bin/keyboard.o
                0x00000000002343a0                buff
 COMMON         0x00000000002344a0    0x40004 bin/memory.o
                0x00000000002344a0                mem_table
                0x00000000002744a0                MEM_MAX
 COMMON         0x00000000002744a4        0x8 bin/ATA.o
                0x00000000002744a4                prdt
                0x00000000002744a8                BMR
 COMMON         0x00000000002744ac        0x4 bin/fat.o
                0x00000000002744ac                ROOTDIR
LOAD bin/kasm.o
LOAD bin/kc.o
LOAD bin/sys.o
LOAD bin/screen.o
LOAD bin/gdt.o
LOAD bin/gdtasm.o
LOAD bin/hardw.o
LOAD bin/cpu.o
LOAD bin/isr.o
LOAD bin/util.o
LOAD bin/idta.o
LOAD bin/isra.o
LOAD bin/asm.o
LOAD bin/errorHandl.o
LOAD bin/keyboard.o
LOAD bin/memory.o
LOAD bin/pci.o
LOAD bin/ahci.o
LOAD bin/ATA.o
LOAD bin/mfat.o
LOAD bin/fat.o
LOAD bin/hdd.o
LOAD bin/iso.o
LOAD bin/DRVhandl.o
LOAD bin/v86.o
LOAD bin/multitasking.o
LOAD bin/v86c.o
LOAD bin/stack.o
OUTPUT(bin/Build/kernel.sys elf32-i386)

.comment        0x0000000000000000       0x4d
 .comment       0x0000000000000000       0x23 bin/kc.o
                                         0x24 (size before relaxing)
 .comment       0x0000000000000023       0x24 bin/sys.o
 .comment       0x0000000000000023       0x24 bin/screen.o
 .comment       0x0000000000000023       0x24 bin/gdt.o
 .comment       0x0000000000000023       0x24 bin/hardw.o
 .comment       0x0000000000000023       0x24 bin/cpu.o
 .comment       0x0000000000000023       0x24 bin/isr.o
 .comment       0x0000000000000023       0x24 bin/util.o
 .comment       0x0000000000000023       0x24 bin/errorHandl.o
 .comment       0x0000000000000023       0x24 bin/keyboard.o
 .comment       0x0000000000000023       0x24 bin/memory.o
 .comment       0x0000000000000023       0x24 bin/pci.o
 .comment       0x0000000000000023       0x24 bin/ahci.o
 .comment       0x0000000000000023       0x24 bin/ATA.o
 .comment       0x0000000000000023       0x2a bin/mfat.o
                                         0x2b (size before relaxing)
 .comment       0x000000000000004d       0x24 bin/fat.o
 .comment       0x000000000000004d       0x24 bin/hdd.o
 .comment       0x000000000000004d       0x24 bin/iso.o
 .comment       0x000000000000004d       0x24 bin/DRVhandl.o
 .comment       0x000000000000004d       0x24 bin/multitasking.o
 .comment       0x000000000000004d       0x24 bin/v86c.o

.note.GNU-stack
                0x0000000000000000        0x0
 .note.GNU-stack
                0x0000000000000000        0x0 bin/kc.o
 .note.GNU-stack
                0x0000000000000000        0x0 bin/sys.o
 .note.GNU-stack
                0x0000000000000000        0x0 bin/screen.o
 .note.GNU-stack
                0x0000000000000000        0x0 bin/gdt.o
 .note.GNU-stack
                0x0000000000000000        0x0 bin/hardw.o
 .note.GNU-stack
                0x0000000000000000        0x0 bin/cpu.o
 .note.GNU-stack
                0x0000000000000000        0x0 bin/isr.o
 .note.GNU-stack
                0x0000000000000000        0x0 bin/util.o
 .note.GNU-stack
                0x0000000000000000        0x0 bin/errorHandl.o
 .note.GNU-stack
                0x0000000000000000        0x0 bin/keyboard.o
 .note.GNU-stack
                0x0000000000000000        0x0 bin/memory.o
 .note.GNU-stack
                0x0000000000000000        0x0 bin/pci.o
 .note.GNU-stack
                0x0000000000000000        0x0 bin/ahci.o
 .note.GNU-stack
                0x0000000000000000        0x0 bin/ATA.o
 .note.GNU-stack
                0x0000000000000000        0x0 bin/mfat.o
 .note.GNU-stack
                0x0000000000000000        0x0 bin/fat.o
 .note.GNU-stack
                0x0000000000000000        0x0 bin/hdd.o
 .note.GNU-stack
                0x0000000000000000        0x0 bin/iso.o
 .note.GNU-stack
                0x0000000000000000        0x0 bin/DRVhandl.o
 .note.GNU-stack
                0x0000000000000000        0x0 bin/multitasking.o
 .note.GNU-stack
                0x0000000000000000        0x0 bin/v86c.o
