
Allocating common symbols
Common symbol       size              file

BPB                 0x4               bin/kc.o
prdt                0x4               bin/ATA.o
before_int_ax       0x2               bin/isr.o
tckcounter          0x1               bin/isr.o
tasks               0x294             bin/kc.o
systeminfo          0x68              bin/kc.o
pci_device_info     0x28000           bin/kc.o
int_stack           0x4               bin/isr.o
buff                0x100             bin/keyboard.o
mem_table           0x40000           bin/memory.o
tss                 0x68              bin/gdt.o
VendorID            0x4               bin/cpu.o
cpuvend             0x4               bin/cpu.o
last_interrupt      0x1               bin/isr.o
segments            0x4               bin/kc.o
before_int_di       0x2               bin/isr.o
vfs_info            0xc               bin/kc.o
counter             0x2               bin/isr.o
BMR                 0x4               bin/ATA.o
devices             0x80              bin/kc.o
MEM_MAX             0x4               bin/memory.o
ROOTDIR             0x4               bin/fat.o
abar                0x4               bin/kc.o

Discarded input sections

 .group         0x0000000000000000        0x8 bin/kc.o
 .group         0x0000000000000000        0x8 bin/sys.o
 .group         0x0000000000000000        0x8 bin/screen.o
 .group         0x0000000000000000        0x8 bin/screen.o
 .text.__x86.get_pc_thunk.ax
                0x0000000000000000        0x4 bin/screen.o
 .text.__x86.get_pc_thunk.bx
                0x0000000000000000        0x4 bin/screen.o
 .group         0x0000000000000000        0x8 bin/gdt.o
 .group         0x0000000000000000        0x8 bin/gdt.o
 .text.__x86.get_pc_thunk.ax
                0x0000000000000000        0x4 bin/gdt.o
 .text.__x86.get_pc_thunk.bx
                0x0000000000000000        0x4 bin/gdt.o
 .group         0x0000000000000000        0x8 bin/hardw.o
 .group         0x0000000000000000        0x8 bin/hardw.o
 .text.__x86.get_pc_thunk.ax
                0x0000000000000000        0x4 bin/hardw.o
 .text.__x86.get_pc_thunk.bx
                0x0000000000000000        0x4 bin/hardw.o
 .group         0x0000000000000000        0x8 bin/cpu.o
 .group         0x0000000000000000        0x8 bin/cpu.o
 .text.__x86.get_pc_thunk.ax
                0x0000000000000000        0x4 bin/cpu.o
 .text.__x86.get_pc_thunk.bx
                0x0000000000000000        0x4 bin/cpu.o
 .group         0x0000000000000000        0x8 bin/isr.o
 .group         0x0000000000000000        0x8 bin/isr.o
 .text.__x86.get_pc_thunk.ax
                0x0000000000000000        0x4 bin/isr.o
 .text.__x86.get_pc_thunk.bx
                0x0000000000000000        0x4 bin/isr.o
 .group         0x0000000000000000        0x8 bin/util.o
 .group         0x0000000000000000        0x8 bin/util.o
 .text.__x86.get_pc_thunk.ax
                0x0000000000000000        0x4 bin/util.o
 .text.__x86.get_pc_thunk.bx
                0x0000000000000000        0x4 bin/util.o
 .group         0x0000000000000000        0x8 bin/errorHandl.o
 .text.__x86.get_pc_thunk.bx
                0x0000000000000000        0x4 bin/errorHandl.o
 .group         0x0000000000000000        0x8 bin/keyboard.o
 .group         0x0000000000000000        0x8 bin/keyboard.o
 .text.__x86.get_pc_thunk.ax
                0x0000000000000000        0x4 bin/keyboard.o
 .text.__x86.get_pc_thunk.bx
                0x0000000000000000        0x4 bin/keyboard.o
 .group         0x0000000000000000        0x8 bin/memory.o
 .text.__x86.get_pc_thunk.ax
                0x0000000000000000        0x4 bin/memory.o
 .group         0x0000000000000000        0x8 bin/pci.o
 .group         0x0000000000000000        0x8 bin/pci.o
 .text.__x86.get_pc_thunk.ax
                0x0000000000000000        0x4 bin/pci.o
 .text.__x86.get_pc_thunk.bx
                0x0000000000000000        0x4 bin/pci.o
 .group         0x0000000000000000        0x8 bin/ahci.o
 .group         0x0000000000000000        0x8 bin/ahci.o
 .text.__x86.get_pc_thunk.ax
                0x0000000000000000        0x4 bin/ahci.o
 .text.__x86.get_pc_thunk.bx
                0x0000000000000000        0x4 bin/ahci.o
 .group         0x0000000000000000        0x8 bin/ATA.o
 .group         0x0000000000000000        0x8 bin/ATA.o
 .text.__x86.get_pc_thunk.ax
                0x0000000000000000        0x4 bin/ATA.o
 .text.__x86.get_pc_thunk.bx
                0x0000000000000000        0x4 bin/ATA.o
 .group         0x0000000000000000        0x8 bin/mfat.o
 .text.__x86.get_pc_thunk.bx
                0x0000000000000000        0x4 bin/mfat.o
 .group         0x0000000000000000        0x8 bin/fat.o
 .group         0x0000000000000000        0x8 bin/fat.o
 .text.__x86.get_pc_thunk.ax
                0x0000000000000000        0x4 bin/fat.o
 .text.__x86.get_pc_thunk.bx
                0x0000000000000000        0x4 bin/fat.o
 .group         0x0000000000000000        0x8 bin/hdd.o
 .text.__x86.get_pc_thunk.bx
                0x0000000000000000        0x4 bin/hdd.o
 .group         0x0000000000000000        0x8 bin/DRVhandl.o
 .group         0x0000000000000000        0x8 bin/DRVhandl.o
 .text.__x86.get_pc_thunk.ax
                0x0000000000000000        0x4 bin/DRVhandl.o
 .text.__x86.get_pc_thunk.bx
                0x0000000000000000        0x4 bin/DRVhandl.o
 .group         0x0000000000000000        0x8 bin/multitasking.o
 .group         0x0000000000000000        0x8 bin/multitasking.o
 .group         0x0000000000000000        0x8 bin/multitasking.o
 .text.__x86.get_pc_thunk.ax
                0x0000000000000000        0x4 bin/multitasking.o
 .text.__x86.get_pc_thunk.bx
                0x0000000000000000        0x4 bin/multitasking.o
 .group         0x0000000000000000        0x8 bin/v86c.o
 .text.__x86.get_pc_thunk.ax
                0x0000000000000000        0x4 bin/v86c.o

Memory Configuration

Name             Origin             Length             Attributes
*default*        0x0000000000000000 0xffffffffffffffff

Linker script and memory map

                0x0000000000200000                . = 0x200000

.text           0x0000000000200000     0x95a0
 *(.text)
 .text          0x0000000000200000     0x20ad bin/kasm.o
                0x000000000020000c                start
                0x0000000000200021                paging
 .text          0x00000000002020ad      0x231 bin/kc.o
                0x00000000002020ad                main
                0x0000000000202231                kernel_version
 .text          0x00000000002022de      0x157 bin/sys.o
                0x00000000002022de                inb
                0x0000000000202305                inw
                0x000000000020232e                outb
                0x0000000000202359                outw
                0x0000000000202384                outl
                0x00000000002023a6                inl
                0x00000000002023cc                sysinlong
                0x00000000002023f2                outsw
 .text          0x0000000000202435      0x734 bin/screen.o
                0x0000000000202435                updCurs
                0x00000000002024be                setcolor
                0x00000000002024d7                trace
                0x00000000002025d9                putchar
                0x0000000000202749                TextModeVideoMemDump
                0x000000000020278e                print
                0x00000000002027f0                printline
                0x000000000020286f                linecheck
                0x00000000002028a4                clearl
                0x0000000000202950                clearscr
                0x000000000020299e                scroll
                0x0000000000202aa2                disablecursor
                0x0000000000202ade                paintscr
 .text          0x0000000000202b69      0x24b bin/gdt.o
                0x0000000000202b69                Prep_TSS
                0x0000000000202c0a                TSS_update_stack
                0x0000000000202c3b                GDT
 *fill*         0x0000000000202db4        0xc 
 .text          0x0000000000202dc0       0x36 bin/gdtasm.o
                0x0000000000202dc0                gdt_set32
                0x0000000000202df2                CRzero
 .text          0x0000000000202df6      0x5d6 bin/hardw.o
                0x0000000000202df6                setints
                0x0000000000202e3f                IRQclrmsk
                0x0000000000202eb5                IRQclrallmsks
                0x0000000000202eee                IRQmskall
                0x0000000000202f50                IRQdisableall
                0x0000000000202f8c                IRQsetmsk
                0x0000000000203000                initpics
                0x00000000002030e4                inthndld
                0x0000000000203129                PIC_remap
                0x0000000000203212                PIT_init
                0x000000000020326b                inita20
                0x0000000000203309                DetectSpeed
                0x0000000000203371                keybsndcom
                0x00000000002033a2                keybwait
 .text          0x00000000002033cc      0x12a bin/cpu.o
                0x00000000002033cc                idtent
                0x00000000002033fa                setidt
                0x0000000000203450                CPUID
                0x000000000020347e                IDT_add
                0x00000000002034db                cpuSetMSR
 .text          0x00000000002034f6      0x819 bin/isr.o
                0x00000000002034f6                isrinst
                0x000000000020363f                isr0c
                0x0000000000203678                isr1c
                0x00000000002036c1                isr3c
                0x00000000002036ed                isr4c
                0x00000000002036ff                isr7c
                0x0000000000203746                isr8c
                0x000000000020376d                isr11c
                0x0000000000203798                isr12c
                0x00000000002037c4                isr13c
                0x0000000000203b8e                isr14c
                0x0000000000203bb9                isr15
                0x0000000000203be5                isr20c
                0x0000000000203c36                isr21c
                0x0000000000203c8b                isr30c
                0x0000000000203cc4                isr47c
 .text          0x0000000000203d0f      0x61f bin/util.o
                0x0000000000203d0f                getBYTE
                0x0000000000203d44                getWORD
                0x0000000000203d7a                eqlstr
                0x0000000000203dfe                sleep
                0x0000000000203e3f                timer_start
                0x0000000000203e5e                timer_end
                0x0000000000203e8c                movestr
                0x0000000000203f05                hasStr
                0x0000000000203f69                hexstr
                0x0000000000203fd0                intstr
                0x0000000000204083                strlen
                0x00000000002040b4                TransformUpLowUC
                0x0000000000204164                PartyChop
                0x00000000002041b3                strtok
                0x0000000000204204                strsep
                0x000000000020425c                strpbrk
 *fill*         0x000000000020432e        0x2 
 .text          0x0000000000204330        0xa bin/idta.o
                0x0000000000204330                idt_set
 *fill*         0x000000000020433a        0x6 
 .text          0x0000000000204340       0xf1 bin/isra.o
                0x0000000000204340                isr0
                0x000000000020435c                isr1
                0x000000000020436a                isr3
                0x0000000000204374                isr4
                0x000000000020437c                isr7
                0x0000000000204385                isr8
                0x0000000000204393                isr9
                0x0000000000204394                isr10
                0x0000000000204397                isr11
                0x00000000002043a8                isr13
                0x00000000002043e4                isr14
                0x00000000002043ee                isr20
                0x0000000000204416                isr21
                0x000000000020441f                isr30
                0x0000000000204428                isr47
 *fill*         0x0000000000204431        0xf 
 .text          0x0000000000204440       0xfb bin/asm.o
                0x0000000000204440                PIT_initasm
                0x000000000020444f                PIT_readcount
                0x0000000000204467                enable_A20
                0x00000000002044b3                GetCPUVendor
                0x00000000002044cd                TLBflush
                0x00000000002044d7                getESP
                0x00000000002044e2                TSS_flush
                0x00000000002044ea                jmp_user_mode
                0x0000000000204517                jmp_back_kernel
                0x000000000020452b                memory_set_stack
                0x0000000000204537                StackPointer
 .text          0x000000000020453b      0x48d bin/errorHandl.o
                0x000000000020453b                kernel_panic
                0x000000000020463a                kernel_panic_dump
                0x00000000002047b1                InitFail
                0x0000000000204810                console_Warning
                0x0000000000204862                error
 .text          0x00000000002049c8      0x170 bin/keyboard.o
                0x00000000002049c8                keybin
                0x0000000000204a0b                putonscr
                0x0000000000204a24                IS_pressed
                0x0000000000204a57                hang_for_key
                0x0000000000204a82                InitKbrd
 .text          0x0000000000204b38      0x3c0 bin/memory.o
                0x0000000000204b38                memory_init
                0x0000000000204b59                GRUB_GetMemInfo
                0x0000000000204c40                malloc
                0x0000000000204dbf                demalloc
                0x0000000000204e22                kmemset
                0x0000000000204e52                MemCopy
                0x0000000000204ea7                strcopy
 .text          0x0000000000204ef8      0x3e4 bin/pci.o
                0x0000000000204ef8                getPCIval
                0x0000000000204f99                GetPCIDevice
                0x0000000000205148                pciConfigRead
                0x00000000002051ee                pciConfigWrite
                0x0000000000205292                pciGetInterruptLine
 .text          0x00000000002052dc      0x853 bin/ahci.o
                0x00000000002052dc                AHCI_init
                0x0000000000205359                getBAR5
                0x00000000002053df                AHCI_setup_port
                0x0000000000205411                search_drives
                0x000000000020568f                port_rebase
                0x00000000002057f1                start_cmd
                0x0000000000205833                stop_cmd
                0x0000000000205889                Read_SATA
                0x0000000000205aa9                find_cmdslot
 .text          0x0000000000205b2f     0x1020 bin/ATA.o
                0x0000000000205b2f                ATA_init
                0x0000000000205dda                ATAPI_init
                0x0000000000205df3                ATAwait
                0x0000000000205e26                ATAPI_CHECK
                0x0000000000205f4f                ATA_swreset
                0x0000000000205fe7                DRIVE_ERROR_DETECT
                0x0000000000206041                nIEN_rs
                0x0000000000206089                PIO_READ_ATA
                0x0000000000206223                PIO_WRITE_ATA
                0x0000000000206411                PIO_READ_ATAPI
                0x000000000020678d                DMA_ATA_SETUP
                0x000000000020688c                DMA_ATA_READ
                0x00000000002069de                DMA_ATA_WRITE
                0x0000000000206ae1                ATA_STANDARD
 .text          0x0000000000206b4f       0xf6 bin/mfat.o
                0x0000000000206b4f                MFAT_format
 .text          0x0000000000206c45      0xbf8 bin/fat.o
                0x0000000000206c45                GetBootCodeFAT
                0x0000000000206c8c                FATinit
                0x0000000000206d39                GetFile
                0x0000000000206db2                FindFile
                0x0000000000206ea0                FAT_Traverse
                0x0000000000206f54                fat_find_dir
                0x0000000000207071                FindNextDir
                0x0000000000207195                FAT32_WRITE_FILE
                0x00000000002072bb                FAT32_DIRPREP
                0x0000000000207389                FAT32_Write_cluster
                0x00000000002073db                FAT32_READ_FILE
                0x0000000000207447                FAT_cluster_LBA
                0x000000000020747f                FAT_read_table
                0x000000000020756d                ReadDir
                0x00000000002076d4                FATFindFreeClusterChain
 .text          0x000000000020783d      0x261 bin/hdd.o
                0x000000000020783d                get_drive_info
                0x0000000000207a01                GetFirstSectLBA
 .text          0x0000000000207a9e        0x0 bin/iso.o
 .text          0x0000000000207a9e      0x1f8 bin/DRVhandl.o
                0x0000000000207a9e                driver_type
                0x0000000000207ace                FindDriver
                0x0000000000207c18                run_v86_driver
 *fill*         0x0000000000207c96        0xa 
 .text          0x0000000000207ca0       0x61 bin/v86.o
                0x0000000000207ca0                v86_enter
                0x0000000000207cd9                do_exor
                0x0000000000207ce8                do_regs
 .text          0x0000000000207d01      0x81f bin/multitasking.o
                0x0000000000207d01                Task_Save_State
                0x0000000000207e0f                task_timeguard
                0x0000000000207f37                task_push_v86
                0x0000000000207ff9                task_push
                0x00000000002080bc                task_pop
                0x000000000020832c                task_save
                0x0000000000208449                task_findnew
                0x00000000002084bd                task_internal_ret_from_interrupt
 .text          0x0000000000208520       0x72 bin/v86c.o
                0x0000000000208520                v86_linear_to_sgoff
                0x000000000020855d                v86_sgoff_to_linear
 *fill*         0x0000000000208592        0xe 
 .text          0x00000000002085a0     0x1000 bin/stack.o
                0x00000000002085a0                stack
                0x00000000002095a0                end_stack

.text.__x86.get_pc_thunk.bx
                0x00000000002095a0        0x4
 .text.__x86.get_pc_thunk.bx
                0x00000000002095a0        0x4 bin/kc.o
                0x00000000002095a0                __x86.get_pc_thunk.bx

.text.__x86.get_pc_thunk.ax
                0x00000000002095a4        0x4
 .text.__x86.get_pc_thunk.ax
                0x00000000002095a4        0x4 bin/sys.o
                0x00000000002095a4                __x86.get_pc_thunk.ax

.text.__x86.get_pc_thunk.dx
                0x00000000002095a8        0x4
 .text.__x86.get_pc_thunk.dx
                0x00000000002095a8        0x4 bin/multitasking.o
                0x00000000002095a8                __x86.get_pc_thunk.dx

.iplt           0x00000000002095b0        0x0
 .iplt          0x00000000002095b0        0x0 bin/stack.o

.rodata         0x00000000002095ac      0x8a4
 .rodata        0x00000000002095ac       0x99 bin/kc.o
 .rodata        0x0000000000209645        0x3 bin/screen.o
                0x0000000000209645                height
                0x0000000000209646                width
                0x0000000000209647                depth
 .rodata        0x0000000000209648       0xd0 bin/isr.o
 .rodata        0x0000000000209718       0x1b bin/util.o
 *fill*         0x0000000000209733        0x1 
 .rodata        0x0000000000209734      0x430 bin/errorHandl.o
 .rodata        0x0000000000209b64        0xe bin/keyboard.o
 .rodata        0x0000000000209b72       0x36 bin/pci.o
 .rodata        0x0000000000209ba8       0x9a bin/ahci.o
 *fill*         0x0000000000209c42        0x2 
 .rodata        0x0000000000209c44      0x12c bin/ATA.o
 .rodata        0x0000000000209d70       0x49 bin/mfat.o
 .rodata        0x0000000000209db9        0xb bin/fat.o
 .rodata        0x0000000000209dc4       0x11 bin/hdd.o
 .rodata        0x0000000000209dd5       0x54 bin/DRVhandl.o
 .rodata        0x0000000000209e29       0x27 bin/multitasking.o

.eh_frame       0x0000000000209e50     0x159c
 .eh_frame      0x0000000000209e50       0x7c bin/kc.o
 .eh_frame      0x0000000000209ecc      0x114 bin/sys.o
                                        0x12c (size before relaxing)
 .eh_frame      0x0000000000209fe0      0x1c8 bin/screen.o
                                        0x208 (size before relaxing)
 .eh_frame      0x000000000020a1a8       0x8c bin/gdt.o
                                         0xcc (size before relaxing)
 .eh_frame      0x000000000020a234      0x1fc bin/hardw.o
                                        0x23c (size before relaxing)
 .eh_frame      0x000000000020a430       0xa4 bin/cpu.o
                                         0xe4 (size before relaxing)
 .eh_frame      0x000000000020a4d4      0x23c bin/isr.o
                                        0x27c (size before relaxing)
 .eh_frame      0x000000000020a710      0x22c bin/util.o
                                        0x26c (size before relaxing)
 .eh_frame      0x000000000020a93c       0xa4 bin/errorHandl.o
                                         0xd0 (size before relaxing)
 .eh_frame      0x000000000020a9e0       0xa4 bin/keyboard.o
                                         0xe4 (size before relaxing)
 .eh_frame      0x000000000020aa84       0xec bin/memory.o
                                        0x118 (size before relaxing)
 .eh_frame      0x000000000020ab70       0xc8 bin/pci.o
                                        0x108 (size before relaxing)
 .eh_frame      0x000000000020ac38      0x160 bin/ahci.o
                                        0x1a0 (size before relaxing)
 .eh_frame      0x000000000020ad98      0x1f8 bin/ATA.o
                                        0x238 (size before relaxing)
 .eh_frame      0x000000000020af90       0x24 bin/mfat.o
                                         0x50 (size before relaxing)
 .eh_frame      0x000000000020afb4      0x228 bin/fat.o
                                        0x268 (size before relaxing)
 .eh_frame      0x000000000020b1dc       0x48 bin/hdd.o
                                         0x74 (size before relaxing)
 .eh_frame      0x000000000020b224       0x68 bin/DRVhandl.o
                                         0xa8 (size before relaxing)
 .eh_frame      0x000000000020b28c      0x120 bin/multitasking.o
                                        0x160 (size before relaxing)
 .eh_frame      0x000000000020b3ac       0x40 bin/v86c.o
                                         0x6c (size before relaxing)

.note.gnu.property
                0x000000000020b3ec       0x1c
 .note.gnu.property
                0x000000000020b3ec       0x1c bin/stack.o

.rel.dyn        0x000000000020b408        0x0
 .rel.got       0x000000000020b408        0x0 bin/stack.o
 .rel.iplt      0x000000000020b408        0x0 bin/stack.o
 .rel.text      0x000000000020b408        0x0 bin/stack.o
 .rel.data.rel  0x000000000020b408        0x0 bin/stack.o

.data           0x000000000020b408       0x14
 *(.data)
 .data          0x000000000020b408        0x0 bin/kc.o
 .data          0x000000000020b408        0x0 bin/sys.o
 .data          0x000000000020b408        0x4 bin/screen.o
                0x000000000020b408                color
 .data          0x000000000020b40c        0x0 bin/gdt.o
 .data          0x000000000020b40c        0x4 bin/hardw.o
                0x000000000020b40c                CMOS_NMI_disable
 .data          0x000000000020b410        0x0 bin/cpu.o
 .data          0x000000000020b410        0x0 bin/isr.o
 .data          0x000000000020b410        0x0 bin/util.o
 .data          0x000000000020b410        0x0 bin/errorHandl.o
 .data          0x000000000020b410        0x4 bin/keyboard.o
                0x000000000020b410                scancodeset
 .data          0x000000000020b414        0x8 bin/memory.o
                0x000000000020b414                MEM_start
                0x000000000020b418                mem_table_entry
 .data          0x000000000020b41c        0x0 bin/pci.o
 .data          0x000000000020b41c        0x0 bin/ahci.o
 .data          0x000000000020b41c        0x0 bin/ATA.o
 .data          0x000000000020b41c        0x0 bin/mfat.o
 .data          0x000000000020b41c        0x0 bin/fat.o
 .data          0x000000000020b41c        0x0 bin/hdd.o
 .data          0x000000000020b41c        0x0 bin/iso.o
 .data          0x000000000020b41c        0x0 bin/DRVhandl.o
 .data          0x000000000020b41c        0x0 bin/multitasking.o
 .data          0x000000000020b41c        0x0 bin/v86c.o

.data.rel       0x000000000020b41c        0x4
 .data.rel      0x000000000020b41c        0x4 bin/keyboard.o
                0x000000000020b41c                kbrdbfr

.data.rel.local
                0x000000000020b420        0xc
 .data.rel.local
                0x000000000020b420        0xc bin/DRVhandl.o
                0x000000000020b420                UNKOWN
                0x000000000020b424                EMPTY
                0x000000000020b428                VESA

.got            0x000000000020b42c        0x0
 .got           0x000000000020b42c        0x0 bin/stack.o

.got.plt        0x000000000020b42c        0xc
 .got.plt       0x000000000020b42c        0xc bin/stack.o
                0x000000000020b42c                _GLOBAL_OFFSET_TABLE_

.igot.plt       0x000000000020b438        0x0
 .igot.plt      0x000000000020b438        0x0 bin/stack.o

.bss            0x000000000020b440    0x68f10
 *(.bss)
 .bss           0x000000000020b440        0xc bin/kc.o
                0x000000000020b440                KERNEL_FLAGS
 .bss           0x000000000020b44c        0x0 bin/sys.o
 .bss           0x000000000020b44c       0x10 bin/screen.o
                0x000000000020b44c                cursorX
                0x000000000020b450                cursorY
 *fill*         0x000000000020b45c        0x4 
 .bss           0x000000000020b460       0x5e bin/gdt.o
 *fill*         0x000000000020b4be        0x2 
 .bss           0x000000000020b4c0        0x8 bin/hardw.o
 *fill*         0x000000000020b4c8       0x18 
 .bss           0x000000000020b4e0      0x826 bin/cpu.o
 *fill*         0x000000000020bd06        0x2 
 .bss           0x000000000020bd08        0xc bin/isr.o
                0x000000000020bd08                sec
 .bss           0x000000000020bd14       0x10 bin/util.o
 .bss           0x000000000020bd24        0x8 bin/errorHandl.o
 .bss           0x000000000020bd2c       0x1c bin/keyboard.o
                0x000000000020bd2c                enter
                0x000000000020bd30                bEnterPause
                0x000000000020bd34                boolsk3
                0x000000000020bd38                noreturn
                0x000000000020bd3c                shift
 .bss           0x000000000020bd48        0x8 bin/memory.o
 .bss           0x000000000020bd50        0x8 bin/pci.o
 .bss           0x000000000020bd58        0x8 bin/ahci.o
 .bss           0x000000000020bd60        0x8 bin/ATA.o
 .bss           0x000000000020bd68        0x8 bin/mfat.o
 .bss           0x000000000020bd70       0x10 bin/fat.o
 .bss           0x000000000020bd80        0x8 bin/hdd.o
 .bss           0x000000000020bd88        0x8 bin/iso.o
 .bss           0x000000000020bd90        0x8 bin/DRVhandl.o
 .bss           0x000000000020bd98        0xd bin/multitasking.o
                0x000000000020bd98                CurrentTasks
 *fill*         0x000000000020bda5        0x3 
 .bss           0x000000000020bda8        0x8 bin/v86c.o
 *fill*         0x000000000020bdb0       0x10 
 COMMON         0x000000000020bdc0    0x283e4 bin/kc.o
                0x000000000020bdc0                BPB
                0x000000000020bde0                tasks
                0x000000000020c080                systeminfo
                0x000000000020c100                pci_device_info
                0x0000000000234100                segments
                0x0000000000234104                vfs_info
                0x0000000000234120                devices
                0x00000000002341a0                abar
 *fill*         0x00000000002341a4       0x1c 
 COMMON         0x00000000002341c0       0x68 bin/gdt.o
                0x00000000002341c0                tss
 COMMON         0x0000000000234228        0x8 bin/cpu.o
                0x0000000000234228                VendorID
                0x000000000023422c                cpuvend
 COMMON         0x0000000000234230        0xe bin/isr.o
                0x0000000000234230                before_int_ax
                0x0000000000234232                tckcounter
                0x0000000000234234                int_stack
                0x0000000000234238                last_interrupt
                0x000000000023423a                before_int_di
                0x000000000023423c                counter
 *fill*         0x000000000023423e        0x2 
 COMMON         0x0000000000234240      0x100 bin/keyboard.o
                0x0000000000234240                buff
 COMMON         0x0000000000234340    0x40004 bin/memory.o
                0x0000000000234340                mem_table
                0x0000000000274340                MEM_MAX
 COMMON         0x0000000000274344        0x8 bin/ATA.o
                0x0000000000274344                prdt
                0x0000000000274348                BMR
 COMMON         0x000000000027434c        0x4 bin/fat.o
                0x000000000027434c                ROOTDIR
LOAD bin/kasm.o
LOAD bin/kc.o
LOAD bin/sys.o
LOAD bin/screen.o
LOAD bin/gdt.o
LOAD bin/gdtasm.o
LOAD bin/hardw.o
LOAD bin/cpu.o
LOAD bin/isr.o
LOAD bin/util.o
LOAD bin/idta.o
LOAD bin/isra.o
LOAD bin/asm.o
LOAD bin/errorHandl.o
LOAD bin/keyboard.o
LOAD bin/memory.o
LOAD bin/pci.o
LOAD bin/ahci.o
LOAD bin/ATA.o
LOAD bin/mfat.o
LOAD bin/fat.o
LOAD bin/hdd.o
LOAD bin/iso.o
LOAD bin/DRVhandl.o
LOAD bin/v86.o
LOAD bin/multitasking.o
LOAD bin/v86c.o
LOAD bin/stack.o
OUTPUT(bin/Build/kernel.sys elf32-i386)

.comment        0x0000000000000000       0x4d
 .comment       0x0000000000000000       0x23 bin/kc.o
                                         0x24 (size before relaxing)
 .comment       0x0000000000000023       0x24 bin/sys.o
 .comment       0x0000000000000023       0x24 bin/screen.o
 .comment       0x0000000000000023       0x24 bin/gdt.o
 .comment       0x0000000000000023       0x24 bin/hardw.o
 .comment       0x0000000000000023       0x24 bin/cpu.o
 .comment       0x0000000000000023       0x24 bin/isr.o
 .comment       0x0000000000000023       0x24 bin/util.o
 .comment       0x0000000000000023       0x24 bin/errorHandl.o
 .comment       0x0000000000000023       0x24 bin/keyboard.o
 .comment       0x0000000000000023       0x24 bin/memory.o
 .comment       0x0000000000000023       0x24 bin/pci.o
 .comment       0x0000000000000023       0x24 bin/ahci.o
 .comment       0x0000000000000023       0x24 bin/ATA.o
 .comment       0x0000000000000023       0x2a bin/mfat.o
                                         0x2b (size before relaxing)
 .comment       0x000000000000004d       0x24 bin/fat.o
 .comment       0x000000000000004d       0x24 bin/hdd.o
 .comment       0x000000000000004d       0x24 bin/iso.o
 .comment       0x000000000000004d       0x24 bin/DRVhandl.o
 .comment       0x000000000000004d       0x24 bin/multitasking.o
 .comment       0x000000000000004d       0x24 bin/v86c.o

.note.GNU-stack
                0x0000000000000000        0x0
 .note.GNU-stack
                0x0000000000000000        0x0 bin/kc.o
 .note.GNU-stack
                0x0000000000000000        0x0 bin/sys.o
 .note.GNU-stack
                0x0000000000000000        0x0 bin/screen.o
 .note.GNU-stack
                0x0000000000000000        0x0 bin/gdt.o
 .note.GNU-stack
                0x0000000000000000        0x0 bin/hardw.o
 .note.GNU-stack
                0x0000000000000000        0x0 bin/cpu.o
 .note.GNU-stack
                0x0000000000000000        0x0 bin/isr.o
 .note.GNU-stack
                0x0000000000000000        0x0 bin/util.o
 .note.GNU-stack
                0x0000000000000000        0x0 bin/errorHandl.o
 .note.GNU-stack
                0x0000000000000000        0x0 bin/keyboard.o
 .note.GNU-stack
                0x0000000000000000        0x0 bin/memory.o
 .note.GNU-stack
                0x0000000000000000        0x0 bin/pci.o
 .note.GNU-stack
                0x0000000000000000        0x0 bin/ahci.o
 .note.GNU-stack
                0x0000000000000000        0x0 bin/ATA.o
 .note.GNU-stack
                0x0000000000000000        0x0 bin/mfat.o
 .note.GNU-stack
                0x0000000000000000        0x0 bin/fat.o
 .note.GNU-stack
                0x0000000000000000        0x0 bin/hdd.o
 .note.GNU-stack
                0x0000000000000000        0x0 bin/iso.o
 .note.GNU-stack
                0x0000000000000000        0x0 bin/DRVhandl.o
 .note.GNU-stack
                0x0000000000000000        0x0 bin/multitasking.o
 .note.GNU-stack
                0x0000000000000000        0x0 bin/v86c.o
