
Allocating common symbols
Common symbol       size              file

BPB                 0x4               bin/kc.o
prdt                0x4               bin/ATA.o
before_int_ax       0x2               bin/isr.o
tckcounter          0x1               bin/isr.o
tasks               0x294             bin/kc.o
systeminfo          0x68              bin/kc.o
pci_device_info     0x28000           bin/kc.o
int_stack           0x4               bin/isr.o
buff                0x100             bin/keyboard.o
mem_table           0x40000           bin/memory.o
tss                 0x68              bin/gdt.o
VendorID            0x4               bin/cpu.o
cpuvend             0x4               bin/cpu.o
last_interrupt      0x1               bin/isr.o
segments            0x4               bin/kc.o
before_int_di       0x2               bin/isr.o
vfs_info            0xc               bin/kc.o
counter             0x2               bin/isr.o
BMR                 0x4               bin/ATA.o
devices             0x80              bin/kc.o
MEM_MAX             0x4               bin/memory.o
ROOTDIR             0x4               bin/fat.o
abar                0x4               bin/kc.o

Discarded input sections

 .group         0x0000000000000000        0x8 bin/kc.o
 .group         0x0000000000000000        0x8 bin/sys.o
 .group         0x0000000000000000        0x8 bin/screen.o
 .group         0x0000000000000000        0x8 bin/screen.o
 .text.__x86.get_pc_thunk.ax
                0x0000000000000000        0x4 bin/screen.o
 .text.__x86.get_pc_thunk.bx
                0x0000000000000000        0x4 bin/screen.o
 .group         0x0000000000000000        0x8 bin/gdt.o
 .group         0x0000000000000000        0x8 bin/gdt.o
 .text.__x86.get_pc_thunk.ax
                0x0000000000000000        0x4 bin/gdt.o
 .text.__x86.get_pc_thunk.bx
                0x0000000000000000        0x4 bin/gdt.o
 .group         0x0000000000000000        0x8 bin/hardw.o
 .group         0x0000000000000000        0x8 bin/hardw.o
 .text.__x86.get_pc_thunk.ax
                0x0000000000000000        0x4 bin/hardw.o
 .text.__x86.get_pc_thunk.bx
                0x0000000000000000        0x4 bin/hardw.o
 .group         0x0000000000000000        0x8 bin/cpu.o
 .group         0x0000000000000000        0x8 bin/cpu.o
 .text.__x86.get_pc_thunk.ax
                0x0000000000000000        0x4 bin/cpu.o
 .text.__x86.get_pc_thunk.bx
                0x0000000000000000        0x4 bin/cpu.o
 .group         0x0000000000000000        0x8 bin/isr.o
 .group         0x0000000000000000        0x8 bin/isr.o
 .text.__x86.get_pc_thunk.ax
                0x0000000000000000        0x4 bin/isr.o
 .text.__x86.get_pc_thunk.bx
                0x0000000000000000        0x4 bin/isr.o
 .group         0x0000000000000000        0x8 bin/util.o
 .group         0x0000000000000000        0x8 bin/util.o
 .text.__x86.get_pc_thunk.ax
                0x0000000000000000        0x4 bin/util.o
 .text.__x86.get_pc_thunk.bx
                0x0000000000000000        0x4 bin/util.o
 .group         0x0000000000000000        0x8 bin/errorHandl.o
 .text.__x86.get_pc_thunk.bx
                0x0000000000000000        0x4 bin/errorHandl.o
 .group         0x0000000000000000        0x8 bin/keyboard.o
 .group         0x0000000000000000        0x8 bin/keyboard.o
 .text.__x86.get_pc_thunk.ax
                0x0000000000000000        0x4 bin/keyboard.o
 .text.__x86.get_pc_thunk.bx
                0x0000000000000000        0x4 bin/keyboard.o
 .group         0x0000000000000000        0x8 bin/memory.o
 .text.__x86.get_pc_thunk.ax
                0x0000000000000000        0x4 bin/memory.o
 .group         0x0000000000000000        0x8 bin/pci.o
 .group         0x0000000000000000        0x8 bin/pci.o
 .text.__x86.get_pc_thunk.ax
                0x0000000000000000        0x4 bin/pci.o
 .text.__x86.get_pc_thunk.bx
                0x0000000000000000        0x4 bin/pci.o
 .group         0x0000000000000000        0x8 bin/ahci.o
 .group         0x0000000000000000        0x8 bin/ahci.o
 .text.__x86.get_pc_thunk.ax
                0x0000000000000000        0x4 bin/ahci.o
 .text.__x86.get_pc_thunk.bx
                0x0000000000000000        0x4 bin/ahci.o
 .group         0x0000000000000000        0x8 bin/ATA.o
 .group         0x0000000000000000        0x8 bin/ATA.o
 .text.__x86.get_pc_thunk.ax
                0x0000000000000000        0x4 bin/ATA.o
 .text.__x86.get_pc_thunk.bx
                0x0000000000000000        0x4 bin/ATA.o
 .group         0x0000000000000000        0x8 bin/mfat.o
 .text.__x86.get_pc_thunk.bx
                0x0000000000000000        0x4 bin/mfat.o
 .group         0x0000000000000000        0x8 bin/fat.o
 .group         0x0000000000000000        0x8 bin/fat.o
 .text.__x86.get_pc_thunk.ax
                0x0000000000000000        0x4 bin/fat.o
 .text.__x86.get_pc_thunk.bx
                0x0000000000000000        0x4 bin/fat.o
 .group         0x0000000000000000        0x8 bin/hdd.o
 .text.__x86.get_pc_thunk.bx
                0x0000000000000000        0x4 bin/hdd.o
 .group         0x0000000000000000        0x8 bin/DRVhandl.o
 .group         0x0000000000000000        0x8 bin/DRVhandl.o
 .text.__x86.get_pc_thunk.ax
                0x0000000000000000        0x4 bin/DRVhandl.o
 .text.__x86.get_pc_thunk.bx
                0x0000000000000000        0x4 bin/DRVhandl.o
 .group         0x0000000000000000        0x8 bin/multitasking.o
 .group         0x0000000000000000        0x8 bin/multitasking.o
 .group         0x0000000000000000        0x8 bin/multitasking.o
 .text.__x86.get_pc_thunk.ax
                0x0000000000000000        0x4 bin/multitasking.o
 .text.__x86.get_pc_thunk.bx
                0x0000000000000000        0x4 bin/multitasking.o
 .group         0x0000000000000000        0x8 bin/v86c.o
 .text.__x86.get_pc_thunk.ax
                0x0000000000000000        0x4 bin/v86c.o

Memory Configuration

Name             Origin             Length             Attributes
*default*        0x0000000000000000 0xffffffffffffffff

Linker script and memory map

                0x0000000000200000                . = 0x200000

.text           0x0000000000200000     0x9580
 *(.text)
 .text          0x0000000000200000     0x20ad bin/kasm.o
                0x000000000020000c                start
                0x0000000000200021                paging
 .text          0x00000000002020ad      0x2c2 bin/kc.o
                0x00000000002020ad                main
 .text          0x000000000020236f      0x157 bin/sys.o
                0x000000000020236f                inb
                0x0000000000202396                inw
                0x00000000002023bf                outb
                0x00000000002023ea                outw
                0x0000000000202415                outl
                0x0000000000202437                inl
                0x000000000020245d                sysinlong
                0x0000000000202483                outsw
 .text          0x00000000002024c6      0x734 bin/screen.o
                0x00000000002024c6                updCurs
                0x000000000020254f                setcolor
                0x0000000000202568                trace
                0x000000000020266a                putchar
                0x00000000002027da                TextModeVideoMemDump
                0x000000000020281f                print
                0x0000000000202881                printline
                0x0000000000202900                linecheck
                0x0000000000202935                clearl
                0x00000000002029e1                clearscr
                0x0000000000202a2f                scroll
                0x0000000000202b33                disablecursor
                0x0000000000202b6f                paintscr
 .text          0x0000000000202bfa      0x24b bin/gdt.o
                0x0000000000202bfa                Prep_TSS
                0x0000000000202c9b                TSS_update_stack
                0x0000000000202ccc                GDT
 *fill*         0x0000000000202e45        0xb 
 .text          0x0000000000202e50       0x36 bin/gdtasm.o
                0x0000000000202e50                gdt_set32
                0x0000000000202e82                CRzero
 .text          0x0000000000202e86      0x5d6 bin/hardw.o
                0x0000000000202e86                setints
                0x0000000000202ecf                IRQclrmsk
                0x0000000000202f45                IRQclrallmsks
                0x0000000000202f7e                IRQmskall
                0x0000000000202fe0                IRQdisableall
                0x000000000020301c                IRQsetmsk
                0x0000000000203090                initpics
                0x0000000000203174                inthndld
                0x00000000002031b9                PIC_remap
                0x00000000002032a2                PIT_init
                0x00000000002032fb                inita20
                0x0000000000203399                DetectSpeed
                0x0000000000203401                keybsndcom
                0x0000000000203432                keybwait
 .text          0x000000000020345c      0x12a bin/cpu.o
                0x000000000020345c                idtent
                0x000000000020348a                setidt
                0x00000000002034e0                CPUID
                0x000000000020350e                IDT_add
                0x000000000020356b                cpuSetMSR
 .text          0x0000000000203586      0x81b bin/isr.o
                0x0000000000203586                isrinst
                0x00000000002036cf                isr0c
                0x0000000000203708                isr1c
                0x0000000000203751                isr3c
                0x000000000020377d                isr4c
                0x000000000020378f                isr7c
                0x00000000002037d6                isr8c
                0x00000000002037fd                isr11c
                0x0000000000203828                isr12c
                0x0000000000203854                isr13c
                0x0000000000203c20                isr14c
                0x0000000000203c4b                isr15
                0x0000000000203c77                isr20c
                0x0000000000203cc8                isr21c
                0x0000000000203d1d                isr30c
                0x0000000000203d56                isr47c
 .text          0x0000000000203da1      0x56c bin/util.o
                0x0000000000203da1                getBYTE
                0x0000000000203dd6                getWORD
                0x0000000000203e0c                eqlstr
                0x0000000000203e90                sleep
                0x0000000000203ed1                timer_start
                0x0000000000203ef0                timer_end
                0x0000000000203f1e                movestr
                0x0000000000203f97                hasStr
                0x0000000000203ffb                hexstr
                0x0000000000204062                strlen
                0x0000000000204093                TransformUpLowUC
                0x0000000000204143                PartyChop
                0x0000000000204192                strtok
                0x00000000002041e3                strsep
                0x000000000020423b                strpbrk
 *fill*         0x000000000020430d        0x3 
 .text          0x0000000000204310        0xa bin/idta.o
                0x0000000000204310                idt_set
 *fill*         0x000000000020431a        0x6 
 .text          0x0000000000204320       0xf1 bin/isra.o
                0x0000000000204320                isr0
                0x000000000020433c                isr1
                0x000000000020434a                isr3
                0x0000000000204354                isr4
                0x000000000020435c                isr7
                0x0000000000204365                isr8
                0x0000000000204373                isr9
                0x0000000000204374                isr10
                0x0000000000204377                isr11
                0x0000000000204388                isr13
                0x00000000002043c4                isr14
                0x00000000002043ce                isr20
                0x00000000002043f6                isr21
                0x00000000002043ff                isr30
                0x0000000000204408                isr47
 *fill*         0x0000000000204411        0xf 
 .text          0x0000000000204420       0xfb bin/asm.o
                0x0000000000204420                PIT_initasm
                0x000000000020442f                PIT_readcount
                0x0000000000204447                enable_A20
                0x0000000000204493                GetCPUVendor
                0x00000000002044ad                TLBflush
                0x00000000002044b7                getESP
                0x00000000002044c2                TSS_flush
                0x00000000002044ca                jmp_user_mode
                0x00000000002044f7                jmp_back_kernel
                0x000000000020450b                memory_set_stack
                0x0000000000204517                StackPointer
 .text          0x000000000020451b      0x48d bin/errorHandl.o
                0x000000000020451b                kernel_panic
                0x000000000020461a                kernel_panic_dump
                0x0000000000204791                InitFail
                0x00000000002047f0                console_Warning
                0x0000000000204842                error
 .text          0x00000000002049a8      0x170 bin/keyboard.o
                0x00000000002049a8                keybin
                0x00000000002049eb                putonscr
                0x0000000000204a04                IS_pressed
                0x0000000000204a37                hang_for_key
                0x0000000000204a62                InitKbrd
 .text          0x0000000000204b18      0x3c0 bin/memory.o
                0x0000000000204b18                memory_init
                0x0000000000204b39                GRUB_GetMemInfo
                0x0000000000204c20                malloc
                0x0000000000204d9f                demalloc
                0x0000000000204e02                kmemset
                0x0000000000204e32                MemCopy
                0x0000000000204e87                strcopy
 .text          0x0000000000204ed8      0x3e4 bin/pci.o
                0x0000000000204ed8                getPCIval
                0x0000000000204f79                GetPCIDevice
                0x0000000000205128                pciConfigRead
                0x00000000002051ce                pciConfigWrite
                0x0000000000205272                pciGetInterruptLine
 .text          0x00000000002052bc      0x853 bin/ahci.o
                0x00000000002052bc                AHCI_init
                0x0000000000205339                getBAR5
                0x00000000002053bf                AHCI_setup_port
                0x00000000002053f1                search_drives
                0x000000000020566f                port_rebase
                0x00000000002057d1                start_cmd
                0x0000000000205813                stop_cmd
                0x0000000000205869                Read_SATA
                0x0000000000205a89                find_cmdslot
 .text          0x0000000000205b0f     0x1020 bin/ATA.o
                0x0000000000205b0f                ATA_init
                0x0000000000205dba                ATAPI_init
                0x0000000000205dd3                ATAwait
                0x0000000000205e06                ATAPI_CHECK
                0x0000000000205f2f                ATA_swreset
                0x0000000000205fc7                DRIVE_ERROR_DETECT
                0x0000000000206021                nIEN_rs
                0x0000000000206069                PIO_READ_ATA
                0x0000000000206203                PIO_WRITE_ATA
                0x00000000002063f1                PIO_READ_ATAPI
                0x000000000020676d                DMA_ATA_SETUP
                0x000000000020686c                DMA_ATA_READ
                0x00000000002069be                DMA_ATA_WRITE
                0x0000000000206ac1                ATA_STANDARD
 .text          0x0000000000206b2f       0xf6 bin/mfat.o
                0x0000000000206b2f                MFAT_format
 .text          0x0000000000206c25      0xbf8 bin/fat.o
                0x0000000000206c25                GetBootCodeFAT
                0x0000000000206c6c                FATinit
                0x0000000000206d19                GetFile
                0x0000000000206d92                FindFile
                0x0000000000206e80                FAT_Traverse
                0x0000000000206f34                fat_find_dir
                0x0000000000207051                FindNextDir
                0x0000000000207175                FAT32_WRITE_FILE
                0x000000000020729b                FAT32_DIRPREP
                0x0000000000207369                FAT32_Write_cluster
                0x00000000002073bb                FAT32_READ_FILE
                0x0000000000207427                FAT_cluster_LBA
                0x000000000020745f                FAT_read_table
                0x000000000020754d                ReadDir
                0x00000000002076b4                FATFindFreeClusterChain
 .text          0x000000000020781d      0x261 bin/hdd.o
                0x000000000020781d                get_drive_info
                0x00000000002079e1                GetFirstSectLBA
 .text          0x0000000000207a7e        0x0 bin/iso.o
 .text          0x0000000000207a7e      0x1f8 bin/DRVhandl.o
                0x0000000000207a7e                driver_type
                0x0000000000207aae                FindDriver
                0x0000000000207bf8                run_v86_driver
 *fill*         0x0000000000207c76        0xa 
 .text          0x0000000000207c80       0x61 bin/v86.o
                0x0000000000207c80                v86_enter
                0x0000000000207cb9                do_exor
                0x0000000000207cc8                do_regs
 .text          0x0000000000207ce1      0x81f bin/multitasking.o
                0x0000000000207ce1                Task_Save_State
                0x0000000000207def                task_timeguard
                0x0000000000207f17                task_push_v86
                0x0000000000207fd9                task_push
                0x000000000020809c                task_pop
                0x000000000020830c                task_save
                0x0000000000208429                task_findnew
                0x000000000020849d                task_internal_ret_from_interrupt
 .text          0x0000000000208500       0x72 bin/v86c.o
                0x0000000000208500                v86_linear_to_sgoff
                0x000000000020853d                v86_sgoff_to_linear
 *fill*         0x0000000000208572        0xe 
 .text          0x0000000000208580     0x1000 bin/stack.o
                0x0000000000208580                stack
                0x0000000000209580                end_stack

.text.__x86.get_pc_thunk.bx
                0x0000000000209580        0x4
 .text.__x86.get_pc_thunk.bx
                0x0000000000209580        0x4 bin/kc.o
                0x0000000000209580                __x86.get_pc_thunk.bx

.text.__x86.get_pc_thunk.ax
                0x0000000000209584        0x4
 .text.__x86.get_pc_thunk.ax
                0x0000000000209584        0x4 bin/sys.o
                0x0000000000209584                __x86.get_pc_thunk.ax

.text.__x86.get_pc_thunk.dx
                0x0000000000209588        0x4
 .text.__x86.get_pc_thunk.dx
                0x0000000000209588        0x4 bin/multitasking.o
                0x0000000000209588                __x86.get_pc_thunk.dx

.iplt           0x0000000000209590        0x0
 .iplt          0x0000000000209590        0x0 bin/stack.o

.rodata         0x000000000020958c      0x8cc
 .rodata        0x000000000020958c       0xc1 bin/kc.o
 .rodata        0x000000000020964d        0x3 bin/screen.o
                0x000000000020964d                height
                0x000000000020964e                width
                0x000000000020964f                depth
 .rodata        0x0000000000209650       0xd0 bin/isr.o
 .rodata        0x0000000000209720       0x1b bin/util.o
 *fill*         0x000000000020973b        0x1 
 .rodata        0x000000000020973c      0x430 bin/errorHandl.o
 .rodata        0x0000000000209b6c        0xe bin/keyboard.o
 .rodata        0x0000000000209b7a       0x36 bin/pci.o
 .rodata        0x0000000000209bb0       0x9a bin/ahci.o
 *fill*         0x0000000000209c4a        0x2 
 .rodata        0x0000000000209c4c      0x12c bin/ATA.o
 .rodata        0x0000000000209d78       0x49 bin/mfat.o
 .rodata        0x0000000000209dc1        0xb bin/fat.o
 .rodata        0x0000000000209dcc       0x11 bin/hdd.o
 .rodata        0x0000000000209ddd       0x54 bin/DRVhandl.o
 .rodata        0x0000000000209e31       0x27 bin/multitasking.o

.eh_frame       0x0000000000209e58     0x1558
 .eh_frame      0x0000000000209e58       0x58 bin/kc.o
 .eh_frame      0x0000000000209eb0      0x114 bin/sys.o
                                        0x12c (size before relaxing)
 .eh_frame      0x0000000000209fc4      0x1c8 bin/screen.o
                                        0x208 (size before relaxing)
 .eh_frame      0x000000000020a18c       0x8c bin/gdt.o
                                         0xcc (size before relaxing)
 .eh_frame      0x000000000020a218      0x1fc bin/hardw.o
                                        0x23c (size before relaxing)
 .eh_frame      0x000000000020a414       0xa4 bin/cpu.o
                                         0xe4 (size before relaxing)
 .eh_frame      0x000000000020a4b8      0x23c bin/isr.o
                                        0x27c (size before relaxing)
 .eh_frame      0x000000000020a6f4      0x20c bin/util.o
                                        0x24c (size before relaxing)
 .eh_frame      0x000000000020a900       0xa4 bin/errorHandl.o
                                         0xd0 (size before relaxing)
 .eh_frame      0x000000000020a9a4       0xa4 bin/keyboard.o
                                         0xe4 (size before relaxing)
 .eh_frame      0x000000000020aa48       0xec bin/memory.o
                                        0x118 (size before relaxing)
 .eh_frame      0x000000000020ab34       0xc8 bin/pci.o
                                        0x108 (size before relaxing)
 .eh_frame      0x000000000020abfc      0x160 bin/ahci.o
                                        0x1a0 (size before relaxing)
 .eh_frame      0x000000000020ad5c      0x1f8 bin/ATA.o
                                        0x238 (size before relaxing)
 .eh_frame      0x000000000020af54       0x24 bin/mfat.o
                                         0x50 (size before relaxing)
 .eh_frame      0x000000000020af78      0x228 bin/fat.o
                                        0x268 (size before relaxing)
 .eh_frame      0x000000000020b1a0       0x48 bin/hdd.o
                                         0x74 (size before relaxing)
 .eh_frame      0x000000000020b1e8       0x68 bin/DRVhandl.o
                                         0xa8 (size before relaxing)
 .eh_frame      0x000000000020b250      0x120 bin/multitasking.o
                                        0x160 (size before relaxing)
 .eh_frame      0x000000000020b370       0x40 bin/v86c.o
                                         0x6c (size before relaxing)

.note.gnu.property
                0x000000000020b3b0       0x1c
 .note.gnu.property
                0x000000000020b3b0       0x1c bin/stack.o

.rel.dyn        0x000000000020b3cc        0x0
 .rel.got       0x000000000020b3cc        0x0 bin/stack.o
 .rel.iplt      0x000000000020b3cc        0x0 bin/stack.o
 .rel.text      0x000000000020b3cc        0x0 bin/stack.o
 .rel.data.rel  0x000000000020b3cc        0x0 bin/stack.o

.data           0x000000000020b3cc       0x18
 *(.data)
 .data          0x000000000020b3cc        0x4 bin/kc.o
                0x000000000020b3cc                GRUBMAGIC
 .data          0x000000000020b3d0        0x0 bin/sys.o
 .data          0x000000000020b3d0        0x4 bin/screen.o
                0x000000000020b3d0                color
 .data          0x000000000020b3d4        0x0 bin/gdt.o
 .data          0x000000000020b3d4        0x4 bin/hardw.o
                0x000000000020b3d4                CMOS_NMI_disable
 .data          0x000000000020b3d8        0x0 bin/cpu.o
 .data          0x000000000020b3d8        0x0 bin/isr.o
 .data          0x000000000020b3d8        0x0 bin/util.o
 .data          0x000000000020b3d8        0x0 bin/errorHandl.o
 .data          0x000000000020b3d8        0x4 bin/keyboard.o
                0x000000000020b3d8                scancodeset
 .data          0x000000000020b3dc        0x8 bin/memory.o
                0x000000000020b3dc                MEM_start
                0x000000000020b3e0                mem_table_entry
 .data          0x000000000020b3e4        0x0 bin/pci.o
 .data          0x000000000020b3e4        0x0 bin/ahci.o
 .data          0x000000000020b3e4        0x0 bin/ATA.o
 .data          0x000000000020b3e4        0x0 bin/mfat.o
 .data          0x000000000020b3e4        0x0 bin/fat.o
 .data          0x000000000020b3e4        0x0 bin/hdd.o
 .data          0x000000000020b3e4        0x0 bin/iso.o
 .data          0x000000000020b3e4        0x0 bin/DRVhandl.o
 .data          0x000000000020b3e4        0x0 bin/multitasking.o
 .data          0x000000000020b3e4        0x0 bin/v86c.o

.data.rel       0x000000000020b3e4        0x4
 .data.rel      0x000000000020b3e4        0x4 bin/keyboard.o
                0x000000000020b3e4                kbrdbfr

.data.rel.local
                0x000000000020b3e8        0xc
 .data.rel.local
                0x000000000020b3e8        0xc bin/DRVhandl.o
                0x000000000020b3e8                UNKOWN
                0x000000000020b3ec                EMPTY
                0x000000000020b3f0                VESA

.got            0x000000000020b3f4        0x0
 .got           0x000000000020b3f4        0x0 bin/stack.o

.got.plt        0x000000000020b3f4        0xc
 .got.plt       0x000000000020b3f4        0xc bin/stack.o
                0x000000000020b3f4                _GLOBAL_OFFSET_TABLE_

.igot.plt       0x000000000020b400        0x0
 .igot.plt      0x000000000020b400        0x0 bin/stack.o

.bss            0x000000000020b400    0x68f10
 *(.bss)
 .bss           0x000000000020b400        0xc bin/kc.o
                0x000000000020b400                KERNEL_FLAGS
 .bss           0x000000000020b40c        0x0 bin/sys.o
 .bss           0x000000000020b40c       0x10 bin/screen.o
                0x000000000020b40c                cursorX
                0x000000000020b410                cursorY
 *fill*         0x000000000020b41c        0x4 
 .bss           0x000000000020b420       0x5e bin/gdt.o
 *fill*         0x000000000020b47e        0x2 
 .bss           0x000000000020b480        0x8 bin/hardw.o
 *fill*         0x000000000020b488       0x18 
 .bss           0x000000000020b4a0      0x826 bin/cpu.o
 *fill*         0x000000000020bcc6        0x2 
 .bss           0x000000000020bcc8        0xc bin/isr.o
                0x000000000020bcc8                sec
 .bss           0x000000000020bcd4       0x10 bin/util.o
 .bss           0x000000000020bce4        0x8 bin/errorHandl.o
 .bss           0x000000000020bcec       0x1c bin/keyboard.o
                0x000000000020bcec                enter
                0x000000000020bcf0                bEnterPause
                0x000000000020bcf4                boolsk3
                0x000000000020bcf8                noreturn
                0x000000000020bcfc                shift
 .bss           0x000000000020bd08        0x8 bin/memory.o
 .bss           0x000000000020bd10        0x8 bin/pci.o
 .bss           0x000000000020bd18        0x8 bin/ahci.o
 .bss           0x000000000020bd20        0x8 bin/ATA.o
 .bss           0x000000000020bd28        0x8 bin/mfat.o
 .bss           0x000000000020bd30       0x10 bin/fat.o
 .bss           0x000000000020bd40        0x8 bin/hdd.o
 .bss           0x000000000020bd48        0x8 bin/iso.o
 .bss           0x000000000020bd50        0x8 bin/DRVhandl.o
 .bss           0x000000000020bd58        0xd bin/multitasking.o
                0x000000000020bd58                CurrentTasks
 *fill*         0x000000000020bd65        0x3 
 .bss           0x000000000020bd68        0x8 bin/v86c.o
 *fill*         0x000000000020bd70       0x10 
 COMMON         0x000000000020bd80    0x283e4 bin/kc.o
                0x000000000020bd80                BPB
                0x000000000020bda0                tasks
                0x000000000020c040                systeminfo
                0x000000000020c0c0                pci_device_info
                0x00000000002340c0                segments
                0x00000000002340c4                vfs_info
                0x00000000002340e0                devices
                0x0000000000234160                abar
 *fill*         0x0000000000234164       0x1c 
 COMMON         0x0000000000234180       0x68 bin/gdt.o
                0x0000000000234180                tss
 COMMON         0x00000000002341e8        0x8 bin/cpu.o
                0x00000000002341e8                VendorID
                0x00000000002341ec                cpuvend
 COMMON         0x00000000002341f0        0xe bin/isr.o
                0x00000000002341f0                before_int_ax
                0x00000000002341f2                tckcounter
                0x00000000002341f4                int_stack
                0x00000000002341f8                last_interrupt
                0x00000000002341fa                before_int_di
                0x00000000002341fc                counter
 *fill*         0x00000000002341fe        0x2 
 COMMON         0x0000000000234200      0x100 bin/keyboard.o
                0x0000000000234200                buff
 COMMON         0x0000000000234300    0x40004 bin/memory.o
                0x0000000000234300                mem_table
                0x0000000000274300                MEM_MAX
 COMMON         0x0000000000274304        0x8 bin/ATA.o
                0x0000000000274304                prdt
                0x0000000000274308                BMR
 COMMON         0x000000000027430c        0x4 bin/fat.o
                0x000000000027430c                ROOTDIR
LOAD bin/kasm.o
LOAD bin/kc.o
LOAD bin/sys.o
LOAD bin/screen.o
LOAD bin/gdt.o
LOAD bin/gdtasm.o
LOAD bin/hardw.o
LOAD bin/cpu.o
LOAD bin/isr.o
LOAD bin/util.o
LOAD bin/idta.o
LOAD bin/isra.o
LOAD bin/asm.o
LOAD bin/errorHandl.o
LOAD bin/keyboard.o
LOAD bin/memory.o
LOAD bin/pci.o
LOAD bin/ahci.o
LOAD bin/ATA.o
LOAD bin/mfat.o
LOAD bin/fat.o
LOAD bin/hdd.o
LOAD bin/iso.o
LOAD bin/DRVhandl.o
LOAD bin/v86.o
LOAD bin/multitasking.o
LOAD bin/v86c.o
LOAD bin/stack.o
OUTPUT(bin/Build/kernel.sys elf32-i386)

.comment        0x0000000000000000       0x4d
 .comment       0x0000000000000000       0x23 bin/kc.o
                                         0x24 (size before relaxing)
 .comment       0x0000000000000023       0x24 bin/sys.o
 .comment       0x0000000000000023       0x24 bin/screen.o
 .comment       0x0000000000000023       0x24 bin/gdt.o
 .comment       0x0000000000000023       0x24 bin/hardw.o
 .comment       0x0000000000000023       0x24 bin/cpu.o
 .comment       0x0000000000000023       0x24 bin/isr.o
 .comment       0x0000000000000023       0x24 bin/util.o
 .comment       0x0000000000000023       0x24 bin/errorHandl.o
 .comment       0x0000000000000023       0x24 bin/keyboard.o
 .comment       0x0000000000000023       0x24 bin/memory.o
 .comment       0x0000000000000023       0x24 bin/pci.o
 .comment       0x0000000000000023       0x24 bin/ahci.o
 .comment       0x0000000000000023       0x24 bin/ATA.o
 .comment       0x0000000000000023       0x2a bin/mfat.o
                                         0x2b (size before relaxing)
 .comment       0x000000000000004d       0x24 bin/fat.o
 .comment       0x000000000000004d       0x24 bin/hdd.o
 .comment       0x000000000000004d       0x24 bin/iso.o
 .comment       0x000000000000004d       0x24 bin/DRVhandl.o
 .comment       0x000000000000004d       0x24 bin/multitasking.o
 .comment       0x000000000000004d       0x24 bin/v86c.o

.note.GNU-stack
                0x0000000000000000        0x0
 .note.GNU-stack
                0x0000000000000000        0x0 bin/kc.o
 .note.GNU-stack
                0x0000000000000000        0x0 bin/sys.o
 .note.GNU-stack
                0x0000000000000000        0x0 bin/screen.o
 .note.GNU-stack
                0x0000000000000000        0x0 bin/gdt.o
 .note.GNU-stack
                0x0000000000000000        0x0 bin/hardw.o
 .note.GNU-stack
                0x0000000000000000        0x0 bin/cpu.o
 .note.GNU-stack
                0x0000000000000000        0x0 bin/isr.o
 .note.GNU-stack
                0x0000000000000000        0x0 bin/util.o
 .note.GNU-stack
                0x0000000000000000        0x0 bin/errorHandl.o
 .note.GNU-stack
                0x0000000000000000        0x0 bin/keyboard.o
 .note.GNU-stack
                0x0000000000000000        0x0 bin/memory.o
 .note.GNU-stack
                0x0000000000000000        0x0 bin/pci.o
 .note.GNU-stack
                0x0000000000000000        0x0 bin/ahci.o
 .note.GNU-stack
                0x0000000000000000        0x0 bin/ATA.o
 .note.GNU-stack
                0x0000000000000000        0x0 bin/mfat.o
 .note.GNU-stack
                0x0000000000000000        0x0 bin/fat.o
 .note.GNU-stack
                0x0000000000000000        0x0 bin/hdd.o
 .note.GNU-stack
                0x0000000000000000        0x0 bin/iso.o
 .note.GNU-stack
                0x0000000000000000        0x0 bin/DRVhandl.o
 .note.GNU-stack
                0x0000000000000000        0x0 bin/multitasking.o
 .note.GNU-stack
                0x0000000000000000        0x0 bin/v86c.o
