
Allocating common symbols
Common symbol       size              file

BPB                 0x4               bin/kc.o
prdt                0x4               bin/ATA.o
before_int_ax       0x2               bin/isr.o
tckcounter          0x1               bin/isr.o
tasks               0x294             bin/kc.o
systeminfo          0x68              bin/kc.o
pci_device_info     0x28000           bin/kc.o
int_stack           0x4               bin/isr.o
buff                0x100             bin/keyboard.o
mem_table           0x40000           bin/memory.o
tss                 0x68              bin/gdt.o
VendorID            0x4               bin/cpu.o
cpuvend             0x4               bin/cpu.o
last_interrupt      0x1               bin/isr.o
segments            0x4               bin/kc.o
before_int_di       0x2               bin/isr.o
vfs_info            0xc               bin/kc.o
counter             0x2               bin/isr.o
BMR                 0x4               bin/ATA.o
devices             0x80              bin/kc.o
MEM_MAX             0x4               bin/memory.o
ROOTDIR             0x4               bin/fat.o
abar                0x4               bin/kc.o

Discarded input sections

 .group         0x0000000000000000        0x8 bin/kc.o
 .group         0x0000000000000000        0x8 bin/sys.o
 .group         0x0000000000000000        0x8 bin/screen.o
 .group         0x0000000000000000        0x8 bin/screen.o
 .text.__x86.get_pc_thunk.ax
                0x0000000000000000        0x4 bin/screen.o
 .text.__x86.get_pc_thunk.bx
                0x0000000000000000        0x4 bin/screen.o
 .group         0x0000000000000000        0x8 bin/gdt.o
 .group         0x0000000000000000        0x8 bin/gdt.o
 .text.__x86.get_pc_thunk.ax
                0x0000000000000000        0x4 bin/gdt.o
 .text.__x86.get_pc_thunk.bx
                0x0000000000000000        0x4 bin/gdt.o
 .group         0x0000000000000000        0x8 bin/hardw.o
 .group         0x0000000000000000        0x8 bin/hardw.o
 .text.__x86.get_pc_thunk.ax
                0x0000000000000000        0x4 bin/hardw.o
 .text.__x86.get_pc_thunk.bx
                0x0000000000000000        0x4 bin/hardw.o
 .group         0x0000000000000000        0x8 bin/cpu.o
 .group         0x0000000000000000        0x8 bin/cpu.o
 .text.__x86.get_pc_thunk.ax
                0x0000000000000000        0x4 bin/cpu.o
 .text.__x86.get_pc_thunk.bx
                0x0000000000000000        0x4 bin/cpu.o
 .group         0x0000000000000000        0x8 bin/isr.o
 .group         0x0000000000000000        0x8 bin/isr.o
 .text.__x86.get_pc_thunk.ax
                0x0000000000000000        0x4 bin/isr.o
 .text.__x86.get_pc_thunk.bx
                0x0000000000000000        0x4 bin/isr.o
 .group         0x0000000000000000        0x8 bin/util.o
 .group         0x0000000000000000        0x8 bin/util.o
 .text.__x86.get_pc_thunk.ax
                0x0000000000000000        0x4 bin/util.o
 .text.__x86.get_pc_thunk.bx
                0x0000000000000000        0x4 bin/util.o
 .group         0x0000000000000000        0x8 bin/errorHandl.o
 .text.__x86.get_pc_thunk.bx
                0x0000000000000000        0x4 bin/errorHandl.o
 .group         0x0000000000000000        0x8 bin/keyboard.o
 .group         0x0000000000000000        0x8 bin/keyboard.o
 .text.__x86.get_pc_thunk.ax
                0x0000000000000000        0x4 bin/keyboard.o
 .text.__x86.get_pc_thunk.bx
                0x0000000000000000        0x4 bin/keyboard.o
 .group         0x0000000000000000        0x8 bin/memory.o
 .group         0x0000000000000000        0x8 bin/memory.o
 .text.__x86.get_pc_thunk.ax
                0x0000000000000000        0x4 bin/memory.o
 .text.__x86.get_pc_thunk.bx
                0x0000000000000000        0x4 bin/memory.o
 .group         0x0000000000000000        0x8 bin/pci.o
 .group         0x0000000000000000        0x8 bin/pci.o
 .text.__x86.get_pc_thunk.ax
                0x0000000000000000        0x4 bin/pci.o
 .text.__x86.get_pc_thunk.bx
                0x0000000000000000        0x4 bin/pci.o
 .group         0x0000000000000000        0x8 bin/ahci.o
 .group         0x0000000000000000        0x8 bin/ahci.o
 .text.__x86.get_pc_thunk.ax
                0x0000000000000000        0x4 bin/ahci.o
 .text.__x86.get_pc_thunk.bx
                0x0000000000000000        0x4 bin/ahci.o
 .group         0x0000000000000000        0x8 bin/ATA.o
 .group         0x0000000000000000        0x8 bin/ATA.o
 .text.__x86.get_pc_thunk.ax
                0x0000000000000000        0x4 bin/ATA.o
 .text.__x86.get_pc_thunk.bx
                0x0000000000000000        0x4 bin/ATA.o
 .group         0x0000000000000000        0x8 bin/mfat.o
 .text.__x86.get_pc_thunk.bx
                0x0000000000000000        0x4 bin/mfat.o
 .group         0x0000000000000000        0x8 bin/fat.o
 .group         0x0000000000000000        0x8 bin/fat.o
 .text.__x86.get_pc_thunk.ax
                0x0000000000000000        0x4 bin/fat.o
 .text.__x86.get_pc_thunk.bx
                0x0000000000000000        0x4 bin/fat.o
 .group         0x0000000000000000        0x8 bin/hdd.o
 .text.__x86.get_pc_thunk.bx
                0x0000000000000000        0x4 bin/hdd.o
 .group         0x0000000000000000        0x8 bin/DRVhandl.o
 .group         0x0000000000000000        0x8 bin/DRVhandl.o
 .text.__x86.get_pc_thunk.ax
                0x0000000000000000        0x4 bin/DRVhandl.o
 .text.__x86.get_pc_thunk.bx
                0x0000000000000000        0x4 bin/DRVhandl.o
 .group         0x0000000000000000        0x8 bin/multitasking.o
 .group         0x0000000000000000        0x8 bin/multitasking.o
 .group         0x0000000000000000        0x8 bin/multitasking.o
 .text.__x86.get_pc_thunk.ax
                0x0000000000000000        0x4 bin/multitasking.o
 .text.__x86.get_pc_thunk.bx
                0x0000000000000000        0x4 bin/multitasking.o
 .group         0x0000000000000000        0x8 bin/v86c.o
 .text.__x86.get_pc_thunk.ax
                0x0000000000000000        0x4 bin/v86c.o

Memory Configuration

Name             Origin             Length             Attributes
*default*        0x0000000000000000 0xffffffffffffffff

Linker script and memory map

                0x0000000000200000                . = 0x200000

.text           0x0000000000200000     0x8611
 *(.text)
 .text          0x0000000000200000     0x20ad bin/kasm.o
                0x000000000020000c                start
                0x0000000000200021                paging
 .text          0x00000000002020ad      0x35d bin/kc.o
                0x00000000002020ad                main
 .text          0x000000000020240a      0x157 bin/sys.o
                0x000000000020240a                inb
                0x0000000000202431                inw
                0x000000000020245a                outb
                0x0000000000202485                outw
                0x00000000002024b0                outl
                0x00000000002024d2                inl
                0x00000000002024f8                sysinlong
                0x000000000020251e                outsw
 .text          0x0000000000202561      0x734 bin/screen.o
                0x0000000000202561                updCurs
                0x00000000002025ea                setcolor
                0x0000000000202603                trace
                0x0000000000202705                putchar
                0x0000000000202875                TextModeVideoMemDump
                0x00000000002028ba                print
                0x000000000020291c                printline
                0x000000000020299b                linecheck
                0x00000000002029d0                clearl
                0x0000000000202a7c                clearscr
                0x0000000000202aca                scroll
                0x0000000000202bce                disablecursor
                0x0000000000202c0a                paintscr
 .text          0x0000000000202c95      0x24b bin/gdt.o
                0x0000000000202c95                Prep_TSS
                0x0000000000202d36                TSS_update_stack
                0x0000000000202d67                GDT
 .text          0x0000000000202ee0       0x36 bin/gdtasm.o
                0x0000000000202ee0                gdt_set32
                0x0000000000202f12                CRzero
 .text          0x0000000000202f16      0x5d6 bin/hardw.o
                0x0000000000202f16                setints
                0x0000000000202f5f                IRQclrmsk
                0x0000000000202fd5                IRQclrallmsks
                0x000000000020300e                IRQmskall
                0x0000000000203070                IRQdisableall
                0x00000000002030ac                IRQsetmsk
                0x0000000000203120                initpics
                0x0000000000203204                inthndld
                0x0000000000203249                PIC_remap
                0x0000000000203332                PIT_init
                0x000000000020338b                inita20
                0x0000000000203429                DetectSpeed
                0x0000000000203491                keybsndcom
                0x00000000002034c2                keybwait
 .text          0x00000000002034ec      0x12a bin/cpu.o
                0x00000000002034ec                idtent
                0x000000000020351a                setidt
                0x0000000000203570                CPUID
                0x000000000020359e                IDT_add
                0x00000000002035fb                cpuSetMSR
 .text          0x0000000000203616      0x93e bin/isr.o
                0x0000000000203616                isrinst
                0x000000000020375f                isr0c
                0x0000000000203798                isr1c
                0x00000000002037e1                isr3c
                0x000000000020380d                isr4c
                0x000000000020381f                isr7c
                0x0000000000203866                isr8c
                0x000000000020388d                isr11c
                0x00000000002038b8                isr12c
                0x00000000002038e4                isr13c
                0x0000000000203dd3                isr14c
                0x0000000000203dfe                isr15
                0x0000000000203e2a                isr20c
                0x0000000000203e7b                isr21c
                0x0000000000203ed0                isr30c
                0x0000000000203f09                isr47c
 .text          0x0000000000203f54      0x56c bin/util.o
                0x0000000000203f54                getBYTE
                0x0000000000203f89                getWORD
                0x0000000000203fbf                eqlstr
                0x0000000000204043                sleep
                0x0000000000204084                timer_start
                0x00000000002040a3                timer_end
                0x00000000002040d1                movestr
                0x000000000020414a                hasStr
                0x00000000002041ae                hexstr
                0x0000000000204215                strlen
                0x0000000000204246                TransformUpLowUC
                0x00000000002042f6                PartyChop
                0x0000000000204345                strtok
                0x0000000000204396                strsep
                0x00000000002043ee                strpbrk
 .text          0x00000000002044c0        0xa bin/idta.o
                0x00000000002044c0                idt_set
 *fill*         0x00000000002044ca        0x6 
 .text          0x00000000002044d0       0xe2 bin/isra.o
                0x00000000002044d0                isr0
                0x00000000002044e7                isr1
                0x00000000002044f0                isr3
                0x00000000002044fa                isr4
                0x0000000000204502                isr7
                0x000000000020450b                isr8
                0x0000000000204514                isr9
                0x0000000000204515                isr10
                0x0000000000204518                isr11
                0x0000000000204529                isr13
                0x0000000000204565                isr14
                0x000000000020456f                isr20
                0x0000000000204597                isr21
                0x00000000002045a0                isr30
                0x00000000002045a9                isr47
 *fill*         0x00000000002045b2        0xe 
 .text          0x00000000002045c0       0xef bin/asm.o
                0x00000000002045c0                PIT_initasm
                0x00000000002045cf                PIT_readcount
                0x00000000002045e7                enable_A20
                0x0000000000204633                GetCPUVendor
                0x000000000020464d                TLBflush
                0x0000000000204657                getESP
                0x0000000000204662                TSS_flush
                0x000000000020466a                jmp_user_mode
                0x0000000000204697                jmp_back_kernel
                0x00000000002046ab                StackPointer
 .text          0x00000000002046af      0x316 bin/errorHandl.o
                0x00000000002046af                kernel_panic
                0x00000000002047ae                InitFail
                0x000000000020480d                console_Warning
                0x000000000020485f                error
 .text          0x00000000002049c5      0x170 bin/keyboard.o
                0x00000000002049c5                keybin
                0x0000000000204a08                putonscr
                0x0000000000204a21                IS_pressed
                0x0000000000204a54                hang_for_key
                0x0000000000204a7f                InitKbrd
 .text          0x0000000000204b35      0x399 bin/memory.o
                0x0000000000204b35                GRUB_GetMemInfo
                0x0000000000204c1c                malloc
                0x0000000000204d8e                demalloc
                0x0000000000204df8                kmemset
                0x0000000000204e28                MemCopy
                0x0000000000204e7d                strcopy
 .text          0x0000000000204ece      0x3e4 bin/pci.o
                0x0000000000204ece                getPCIval
                0x0000000000204f6f                GetPCIDevice
                0x000000000020511e                pciConfigRead
                0x00000000002051c4                pciConfigWrite
                0x0000000000205268                pciGetInterruptLine
 .text          0x00000000002052b2      0x853 bin/ahci.o
                0x00000000002052b2                AHCI_init
                0x000000000020532f                getBAR5
                0x00000000002053b5                AHCI_setup_port
                0x00000000002053e7                search_drives
                0x0000000000205665                port_rebase
                0x00000000002057c7                start_cmd
                0x0000000000205809                stop_cmd
                0x000000000020585f                Read_SATA
                0x0000000000205a7f                find_cmdslot
 .text          0x0000000000205b05     0x1054 bin/ATA.o
                0x0000000000205b05                ATA_init
                0x0000000000205db0                ATAPI_init
                0x0000000000205dc9                ATAwait
                0x0000000000205dfc                ATAPI_CHECK
                0x0000000000205f25                ATA_swreset
                0x0000000000205fbd                DRIVE_ERROR_DETECT
                0x0000000000206017                nIEN_rs
                0x000000000020605f                PIO_READ_ATA
                0x000000000020622d                PIO_WRITE_ATA
                0x000000000020641b                PIO_READ_ATAPI
                0x0000000000206797                DMA_ATA_SETUP
                0x0000000000206896                DMA_ATA_READ
                0x00000000002069e8                DMA_ATA_WRITE
                0x0000000000206aeb                ATA_STANDARD
 .text          0x0000000000206b59       0xf6 bin/mfat.o
                0x0000000000206b59                MFAT_format
 .text          0x0000000000206c4f      0xc0c bin/fat.o
                0x0000000000206c4f                GetBootCodeFAT
                0x0000000000206c96                FATinit
                0x0000000000206d57                GetFile
                0x0000000000206dd0                FindFile
                0x0000000000206ebe                FAT_Traverse
                0x0000000000206f72                fat_find_dir
                0x000000000020708f                FindNextDir
                0x00000000002071b3                FAT32_WRITE_FILE
                0x00000000002072d9                FAT32_DIRPREP
                0x00000000002073a7                FAT32_Write_cluster
                0x00000000002073f9                FAT32_READ_FILE
                0x0000000000207465                FAT_cluster_LBA
                0x000000000020749d                FAT_read_table
                0x000000000020758b                ReadDir
                0x00000000002076f2                FATFindFreeClusterChain
 .text          0x000000000020785b      0x261 bin/hdd.o
                0x000000000020785b                get_drive_info
                0x0000000000207a1f                GetFirstSectLBA
 .text          0x0000000000207abc        0x0 bin/iso.o
 .text          0x0000000000207abc      0x1f8 bin/DRVhandl.o
                0x0000000000207abc                driver_type
                0x0000000000207aec                FindDriver
                0x0000000000207c36                run_v86_driver
 *fill*         0x0000000000207cb4        0xc 
 .text          0x0000000000207cc0       0x61 bin/v86.o
                0x0000000000207cc0                v86_enter
                0x0000000000207cf9                do_exor
                0x0000000000207d08                do_regs
 .text          0x0000000000207d21      0x87e bin/multitasking.o
                0x0000000000207d21                Task_Save_State
                0x0000000000207e2f                task_timeguard
                0x0000000000207fb6                task_push_v86
                0x0000000000208078                task_push
                0x000000000020813b                task_pop
                0x00000000002083ab                task_save
                0x00000000002084c8                task_findnew
                0x000000000020853c                task_internal_ret_from_interrupt
 .text          0x000000000020859f       0x72 bin/v86c.o
                0x000000000020859f                v86_linear_to_sgoff
                0x00000000002085dc                v86_sgoff_to_linear

.text.__x86.get_pc_thunk.bx
                0x0000000000208611        0x4
 .text.__x86.get_pc_thunk.bx
                0x0000000000208611        0x4 bin/kc.o
                0x0000000000208611                __x86.get_pc_thunk.bx

.text.__x86.get_pc_thunk.ax
                0x0000000000208615        0x4
 .text.__x86.get_pc_thunk.ax
                0x0000000000208615        0x4 bin/sys.o
                0x0000000000208615                __x86.get_pc_thunk.ax

.text.__x86.get_pc_thunk.dx
                0x0000000000208619        0x4
 .text.__x86.get_pc_thunk.dx
                0x0000000000208619        0x4 bin/multitasking.o
                0x0000000000208619                __x86.get_pc_thunk.dx

.iplt           0x0000000000208620        0x0
 .iplt          0x0000000000208620        0x0 bin/v86c.o

.rodata         0x0000000000208620      0x99c
 .rodata        0x0000000000208620      0x15b bin/kc.o
 .rodata        0x000000000020877b        0x3 bin/screen.o
                0x000000000020877b                height
                0x000000000020877c                width
                0x000000000020877d                depth
 .rodata        0x000000000020877e      0x130 bin/isr.o
 .rodata        0x00000000002088ae       0x1b bin/util.o
 *fill*         0x00000000002088c9        0x3 
 .rodata        0x00000000002088cc      0x3d8 bin/errorHandl.o
 .rodata        0x0000000000208ca4        0xe bin/keyboard.o
 *fill*         0x0000000000208cb2        0x2 
 .rodata        0x0000000000208cb4       0x20 bin/memory.o
 .rodata        0x0000000000208cd4       0x36 bin/pci.o
 *fill*         0x0000000000208d0a        0x2 
 .rodata        0x0000000000208d0c       0x9a bin/ahci.o
 *fill*         0x0000000000208da6        0x2 
 .rodata        0x0000000000208da8      0x12c bin/ATA.o
 .rodata        0x0000000000208ed4       0x49 bin/mfat.o
 .rodata        0x0000000000208f1d       0x22 bin/fat.o
 .rodata        0x0000000000208f3f       0x11 bin/hdd.o
 .rodata        0x0000000000208f50       0x54 bin/DRVhandl.o
 .rodata        0x0000000000208fa4       0x18 bin/multitasking.o

.eh_frame       0x0000000000208fbc     0x1520
 .eh_frame      0x0000000000208fbc       0x58 bin/kc.o
 .eh_frame      0x0000000000209014      0x114 bin/sys.o
                                        0x12c (size before relaxing)
 .eh_frame      0x0000000000209128      0x1c8 bin/screen.o
                                        0x208 (size before relaxing)
 .eh_frame      0x00000000002092f0       0x8c bin/gdt.o
                                         0xcc (size before relaxing)
 .eh_frame      0x000000000020937c      0x1fc bin/hardw.o
                                        0x23c (size before relaxing)
 .eh_frame      0x0000000000209578       0xa4 bin/cpu.o
                                         0xe4 (size before relaxing)
 .eh_frame      0x000000000020961c      0x23c bin/isr.o
                                        0x27c (size before relaxing)
 .eh_frame      0x0000000000209858      0x20c bin/util.o
                                        0x24c (size before relaxing)
 .eh_frame      0x0000000000209a64       0x88 bin/errorHandl.o
                                         0xb4 (size before relaxing)
 .eh_frame      0x0000000000209aec       0xa4 bin/keyboard.o
                                         0xe4 (size before relaxing)
 .eh_frame      0x0000000000209b90       0xd0 bin/memory.o
                                        0x110 (size before relaxing)
 .eh_frame      0x0000000000209c60       0xc8 bin/pci.o
                                        0x108 (size before relaxing)
 .eh_frame      0x0000000000209d28      0x160 bin/ahci.o
                                        0x1a0 (size before relaxing)
 .eh_frame      0x0000000000209e88      0x1f8 bin/ATA.o
                                        0x238 (size before relaxing)
 .eh_frame      0x000000000020a080       0x24 bin/mfat.o
                                         0x50 (size before relaxing)
 .eh_frame      0x000000000020a0a4      0x228 bin/fat.o
                                        0x268 (size before relaxing)
 .eh_frame      0x000000000020a2cc       0x48 bin/hdd.o
                                         0x74 (size before relaxing)
 .eh_frame      0x000000000020a314       0x68 bin/DRVhandl.o
                                         0xa8 (size before relaxing)
 .eh_frame      0x000000000020a37c      0x120 bin/multitasking.o
                                        0x160 (size before relaxing)
 .eh_frame      0x000000000020a49c       0x40 bin/v86c.o
                                         0x6c (size before relaxing)

.note.gnu.property
                0x000000000020a4dc       0x1c
 .note.gnu.property
                0x000000000020a4dc       0x1c bin/v86c.o

.rel.dyn        0x000000000020a4f8        0x0
 .rel.got       0x000000000020a4f8        0x0 bin/v86c.o
 .rel.iplt      0x000000000020a4f8        0x0 bin/v86c.o
 .rel.text      0x000000000020a4f8        0x0 bin/v86c.o
 .rel.data.rel  0x000000000020a4f8        0x0 bin/v86c.o

.data           0x000000000020a4f8       0x19
 *(.data)
 .data          0x000000000020a4f8        0x4 bin/kc.o
                0x000000000020a4f8                GRUBMAGIC
 .data          0x000000000020a4fc        0x0 bin/sys.o
 .data          0x000000000020a4fc        0x4 bin/screen.o
                0x000000000020a4fc                color
 .data          0x000000000020a500        0x0 bin/gdt.o
 .data          0x000000000020a500        0x4 bin/hardw.o
                0x000000000020a500                CMOS_NMI_disable
 .data          0x000000000020a504        0x0 bin/cpu.o
 .data          0x000000000020a504        0x0 bin/isr.o
 .data          0x000000000020a504        0x0 bin/util.o
 .data          0x000000000020a504        0x0 bin/errorHandl.o
 .data          0x000000000020a504        0x4 bin/keyboard.o
                0x000000000020a504                scancodeset
 .data          0x000000000020a508        0x8 bin/memory.o
                0x000000000020a508                MEM_start
                0x000000000020a50c                mem_table_entry
 .data          0x000000000020a510        0x0 bin/pci.o
 .data          0x000000000020a510        0x0 bin/ahci.o
 .data          0x000000000020a510        0x0 bin/ATA.o
 .data          0x000000000020a510        0x0 bin/mfat.o
 .data          0x000000000020a510        0x0 bin/fat.o
 .data          0x000000000020a510        0x0 bin/hdd.o
 .data          0x000000000020a510        0x0 bin/iso.o
 .data          0x000000000020a510        0x0 bin/DRVhandl.o
 .data          0x000000000020a510        0x1 bin/multitasking.o
 .data          0x000000000020a511        0x0 bin/v86c.o

.data.rel       0x000000000020a514        0x4
 .data.rel      0x000000000020a514        0x4 bin/keyboard.o
                0x000000000020a514                kbrdbfr

.data.rel.local
                0x000000000020a518        0xc
 .data.rel.local
                0x000000000020a518        0xc bin/DRVhandl.o
                0x000000000020a518                UNKOWN
                0x000000000020a51c                EMPTY
                0x000000000020a520                VESA

.got            0x000000000020a524        0x0
 .got           0x000000000020a524        0x0 bin/v86c.o

.got.plt        0x000000000020a524        0xc
 .got.plt       0x000000000020a524        0xc bin/v86c.o
                0x000000000020a524                _GLOBAL_OFFSET_TABLE_

.igot.plt       0x000000000020a530        0x0
 .igot.plt      0x000000000020a530        0x0 bin/v86c.o

.bss            0x000000000020a540    0x68f10
 *(.bss)
 .bss           0x000000000020a540        0xc bin/kc.o
                0x000000000020a540                KERNEL_FLAGS
 .bss           0x000000000020a54c        0x0 bin/sys.o
 .bss           0x000000000020a54c       0x10 bin/screen.o
                0x000000000020a54c                cursorX
                0x000000000020a550                cursorY
 *fill*         0x000000000020a55c        0x4 
 .bss           0x000000000020a560       0x5e bin/gdt.o
 *fill*         0x000000000020a5be        0x2 
 .bss           0x000000000020a5c0        0x8 bin/hardw.o
 *fill*         0x000000000020a5c8       0x18 
 .bss           0x000000000020a5e0      0x826 bin/cpu.o
 *fill*         0x000000000020ae06        0x2 
 .bss           0x000000000020ae08        0xc bin/isr.o
                0x000000000020ae08                sec
 .bss           0x000000000020ae14       0x10 bin/util.o
 .bss           0x000000000020ae24        0x8 bin/errorHandl.o
 .bss           0x000000000020ae2c       0x1c bin/keyboard.o
                0x000000000020ae2c                enter
                0x000000000020ae30                bEnterPause
                0x000000000020ae34                boolsk3
                0x000000000020ae38                noreturn
                0x000000000020ae3c                shift
 .bss           0x000000000020ae48        0x8 bin/memory.o
 .bss           0x000000000020ae50        0x8 bin/pci.o
 .bss           0x000000000020ae58        0x8 bin/ahci.o
 .bss           0x000000000020ae60        0x8 bin/ATA.o
 .bss           0x000000000020ae68        0x8 bin/mfat.o
 .bss           0x000000000020ae70       0x10 bin/fat.o
 .bss           0x000000000020ae80        0x8 bin/hdd.o
 .bss           0x000000000020ae88        0x8 bin/iso.o
 .bss           0x000000000020ae90        0x8 bin/DRVhandl.o
 .bss           0x000000000020ae98        0xc bin/multitasking.o
                0x000000000020ae98                CurrentTasks
 .bss           0x000000000020aea4        0x8 bin/v86c.o
 *fill*         0x000000000020aeac       0x14 
 COMMON         0x000000000020aec0    0x283e4 bin/kc.o
                0x000000000020aec0                BPB
                0x000000000020aee0                tasks
                0x000000000020b180                systeminfo
                0x000000000020b200                pci_device_info
                0x0000000000233200                segments
                0x0000000000233204                vfs_info
                0x0000000000233220                devices
                0x00000000002332a0                abar
 *fill*         0x00000000002332a4       0x1c 
 COMMON         0x00000000002332c0       0x68 bin/gdt.o
                0x00000000002332c0                tss
 COMMON         0x0000000000233328        0x8 bin/cpu.o
                0x0000000000233328                VendorID
                0x000000000023332c                cpuvend
 COMMON         0x0000000000233330        0xe bin/isr.o
                0x0000000000233330                before_int_ax
                0x0000000000233332                tckcounter
                0x0000000000233334                int_stack
                0x0000000000233338                last_interrupt
                0x000000000023333a                before_int_di
                0x000000000023333c                counter
 *fill*         0x000000000023333e        0x2 
 COMMON         0x0000000000233340      0x100 bin/keyboard.o
                0x0000000000233340                buff
 COMMON         0x0000000000233440    0x40004 bin/memory.o
                0x0000000000233440                mem_table
                0x0000000000273440                MEM_MAX
 COMMON         0x0000000000273444        0x8 bin/ATA.o
                0x0000000000273444                prdt
                0x0000000000273448                BMR
 COMMON         0x000000000027344c        0x4 bin/fat.o
                0x000000000027344c                ROOTDIR
LOAD bin/kasm.o
LOAD bin/kc.o
LOAD bin/sys.o
LOAD bin/screen.o
LOAD bin/gdt.o
LOAD bin/gdtasm.o
LOAD bin/hardw.o
LOAD bin/cpu.o
LOAD bin/isr.o
LOAD bin/util.o
LOAD bin/idta.o
LOAD bin/isra.o
LOAD bin/asm.o
LOAD bin/errorHandl.o
LOAD bin/keyboard.o
LOAD bin/memory.o
LOAD bin/pci.o
LOAD bin/ahci.o
LOAD bin/ATA.o
LOAD bin/mfat.o
LOAD bin/fat.o
LOAD bin/hdd.o
LOAD bin/iso.o
LOAD bin/DRVhandl.o
LOAD bin/v86.o
LOAD bin/multitasking.o
LOAD bin/v86c.o
OUTPUT(bin/Build/kernel.sys elf32-i386)

.comment        0x0000000000000000       0x4d
 .comment       0x0000000000000000       0x23 bin/kc.o
                                         0x24 (size before relaxing)
 .comment       0x0000000000000023       0x24 bin/sys.o
 .comment       0x0000000000000023       0x24 bin/screen.o
 .comment       0x0000000000000023       0x24 bin/gdt.o
 .comment       0x0000000000000023       0x24 bin/hardw.o
 .comment       0x0000000000000023       0x24 bin/cpu.o
 .comment       0x0000000000000023       0x24 bin/isr.o
 .comment       0x0000000000000023       0x24 bin/util.o
 .comment       0x0000000000000023       0x24 bin/errorHandl.o
 .comment       0x0000000000000023       0x24 bin/keyboard.o
 .comment       0x0000000000000023       0x24 bin/memory.o
 .comment       0x0000000000000023       0x24 bin/pci.o
 .comment       0x0000000000000023       0x24 bin/ahci.o
 .comment       0x0000000000000023       0x24 bin/ATA.o
 .comment       0x0000000000000023       0x2a bin/mfat.o
                                         0x2b (size before relaxing)
 .comment       0x000000000000004d       0x24 bin/fat.o
 .comment       0x000000000000004d       0x24 bin/hdd.o
 .comment       0x000000000000004d       0x24 bin/iso.o
 .comment       0x000000000000004d       0x24 bin/DRVhandl.o
 .comment       0x000000000000004d       0x24 bin/multitasking.o
 .comment       0x000000000000004d       0x24 bin/v86c.o

.note.GNU-stack
                0x0000000000000000        0x0
 .note.GNU-stack
                0x0000000000000000        0x0 bin/kc.o
 .note.GNU-stack
                0x0000000000000000        0x0 bin/sys.o
 .note.GNU-stack
                0x0000000000000000        0x0 bin/screen.o
 .note.GNU-stack
                0x0000000000000000        0x0 bin/gdt.o
 .note.GNU-stack
                0x0000000000000000        0x0 bin/hardw.o
 .note.GNU-stack
                0x0000000000000000        0x0 bin/cpu.o
 .note.GNU-stack
                0x0000000000000000        0x0 bin/isr.o
 .note.GNU-stack
                0x0000000000000000        0x0 bin/util.o
 .note.GNU-stack
                0x0000000000000000        0x0 bin/errorHandl.o
 .note.GNU-stack
                0x0000000000000000        0x0 bin/keyboard.o
 .note.GNU-stack
                0x0000000000000000        0x0 bin/memory.o
 .note.GNU-stack
                0x0000000000000000        0x0 bin/pci.o
 .note.GNU-stack
                0x0000000000000000        0x0 bin/ahci.o
 .note.GNU-stack
                0x0000000000000000        0x0 bin/ATA.o
 .note.GNU-stack
                0x0000000000000000        0x0 bin/mfat.o
 .note.GNU-stack
                0x0000000000000000        0x0 bin/fat.o
 .note.GNU-stack
                0x0000000000000000        0x0 bin/hdd.o
 .note.GNU-stack
                0x0000000000000000        0x0 bin/iso.o
 .note.GNU-stack
                0x0000000000000000        0x0 bin/DRVhandl.o
 .note.GNU-stack
                0x0000000000000000        0x0 bin/multitasking.o
 .note.GNU-stack
                0x0000000000000000        0x0 bin/v86c.o
