
Allocating common symbols
Common symbol       size              file

BPB                 0x4               bin/kc.o
prdt                0x4               bin/ATA.o
before_int_ax       0x2               bin/isr.o
tckcounter          0x1               bin/isr.o
tasks               0x294             bin/kc.o
systeminfo          0x68              bin/kc.o
pci_device_info     0x28000           bin/kc.o
int_stack           0x4               bin/isr.o
buff                0x100             bin/keyboard.o
mem_table           0x40000           bin/memory.o
tss                 0x68              bin/gdt.o
VendorID            0x4               bin/cpu.o
cpuvend             0x4               bin/cpu.o
last_interrupt      0x1               bin/isr.o
segments            0x4               bin/kc.o
before_int_di       0x2               bin/isr.o
vfs_info            0xc               bin/kc.o
counter             0x2               bin/isr.o
BMR                 0x4               bin/ATA.o
devices             0x80              bin/kc.o
MEM_MAX             0x4               bin/memory.o
ROOTDIR             0x4               bin/fat.o
abar                0x4               bin/kc.o

Discarded input sections

 .group         0x0000000000000000        0x8 bin/kc.o
 .group         0x0000000000000000        0x8 bin/sys.o
 .group         0x0000000000000000        0x8 bin/screen.o
 .group         0x0000000000000000        0x8 bin/screen.o
 .text.__x86.get_pc_thunk.ax
                0x0000000000000000        0x4 bin/screen.o
 .text.__x86.get_pc_thunk.bx
                0x0000000000000000        0x4 bin/screen.o
 .group         0x0000000000000000        0x8 bin/gdt.o
 .group         0x0000000000000000        0x8 bin/gdt.o
 .text.__x86.get_pc_thunk.ax
                0x0000000000000000        0x4 bin/gdt.o
 .text.__x86.get_pc_thunk.bx
                0x0000000000000000        0x4 bin/gdt.o
 .group         0x0000000000000000        0x8 bin/hardw.o
 .group         0x0000000000000000        0x8 bin/hardw.o
 .text.__x86.get_pc_thunk.ax
                0x0000000000000000        0x4 bin/hardw.o
 .text.__x86.get_pc_thunk.bx
                0x0000000000000000        0x4 bin/hardw.o
 .group         0x0000000000000000        0x8 bin/cpu.o
 .group         0x0000000000000000        0x8 bin/cpu.o
 .text.__x86.get_pc_thunk.ax
                0x0000000000000000        0x4 bin/cpu.o
 .text.__x86.get_pc_thunk.bx
                0x0000000000000000        0x4 bin/cpu.o
 .group         0x0000000000000000        0x8 bin/isr.o
 .group         0x0000000000000000        0x8 bin/isr.o
 .text.__x86.get_pc_thunk.ax
                0x0000000000000000        0x4 bin/isr.o
 .text.__x86.get_pc_thunk.bx
                0x0000000000000000        0x4 bin/isr.o
 .group         0x0000000000000000        0x8 bin/util.o
 .group         0x0000000000000000        0x8 bin/util.o
 .text.__x86.get_pc_thunk.ax
                0x0000000000000000        0x4 bin/util.o
 .text.__x86.get_pc_thunk.bx
                0x0000000000000000        0x4 bin/util.o
 .group         0x0000000000000000        0x8 bin/errorHandl.o
 .text.__x86.get_pc_thunk.bx
                0x0000000000000000        0x4 bin/errorHandl.o
 .group         0x0000000000000000        0x8 bin/keyboard.o
 .group         0x0000000000000000        0x8 bin/keyboard.o
 .text.__x86.get_pc_thunk.ax
                0x0000000000000000        0x4 bin/keyboard.o
 .text.__x86.get_pc_thunk.bx
                0x0000000000000000        0x4 bin/keyboard.o
 .group         0x0000000000000000        0x8 bin/memory.o
 .text.__x86.get_pc_thunk.ax
                0x0000000000000000        0x4 bin/memory.o
 .group         0x0000000000000000        0x8 bin/pci.o
 .group         0x0000000000000000        0x8 bin/pci.o
 .text.__x86.get_pc_thunk.ax
                0x0000000000000000        0x4 bin/pci.o
 .text.__x86.get_pc_thunk.bx
                0x0000000000000000        0x4 bin/pci.o
 .group         0x0000000000000000        0x8 bin/ahci.o
 .group         0x0000000000000000        0x8 bin/ahci.o
 .text.__x86.get_pc_thunk.ax
                0x0000000000000000        0x4 bin/ahci.o
 .text.__x86.get_pc_thunk.bx
                0x0000000000000000        0x4 bin/ahci.o
 .group         0x0000000000000000        0x8 bin/ATA.o
 .group         0x0000000000000000        0x8 bin/ATA.o
 .text.__x86.get_pc_thunk.ax
                0x0000000000000000        0x4 bin/ATA.o
 .text.__x86.get_pc_thunk.bx
                0x0000000000000000        0x4 bin/ATA.o
 .group         0x0000000000000000        0x8 bin/mfat.o
 .text.__x86.get_pc_thunk.bx
                0x0000000000000000        0x4 bin/mfat.o
 .group         0x0000000000000000        0x8 bin/fat.o
 .group         0x0000000000000000        0x8 bin/fat.o
 .text.__x86.get_pc_thunk.ax
                0x0000000000000000        0x4 bin/fat.o
 .text.__x86.get_pc_thunk.bx
                0x0000000000000000        0x4 bin/fat.o
 .group         0x0000000000000000        0x8 bin/hdd.o
 .text.__x86.get_pc_thunk.bx
                0x0000000000000000        0x4 bin/hdd.o
 .group         0x0000000000000000        0x8 bin/iso.o
 .text.__x86.get_pc_thunk.ax
                0x0000000000000000        0x4 bin/iso.o
 .group         0x0000000000000000        0x8 bin/DRVhandl.o
 .group         0x0000000000000000        0x8 bin/DRVhandl.o
 .text.__x86.get_pc_thunk.ax
                0x0000000000000000        0x4 bin/DRVhandl.o
 .text.__x86.get_pc_thunk.bx
                0x0000000000000000        0x4 bin/DRVhandl.o
 .group         0x0000000000000000        0x8 bin/multitasking.o
 .group         0x0000000000000000        0x8 bin/multitasking.o
 .group         0x0000000000000000        0x8 bin/multitasking.o
 .text.__x86.get_pc_thunk.ax
                0x0000000000000000        0x4 bin/multitasking.o
 .text.__x86.get_pc_thunk.bx
                0x0000000000000000        0x4 bin/multitasking.o
 .group         0x0000000000000000        0x8 bin/v86c.o
 .text.__x86.get_pc_thunk.ax
                0x0000000000000000        0x4 bin/v86c.o
 .group         0x0000000000000000        0x8 bin/vesa.o
 .text.__x86.get_pc_thunk.ax
                0x0000000000000000        0x4 bin/vesa.o

Memory Configuration

Name             Origin             Length             Attributes
*default*        0x0000000000000000 0xffffffffffffffff

Linker script and memory map

                0x0000000000200000                . = 0x200000

.text           0x0000000000200000     0x9530
 *(.text)
 .text          0x0000000000200000     0x20ad bin/kasm.o
                0x000000000020000c                start
                0x0000000000200021                paging
 .text          0x00000000002020ad      0x20e bin/kc.o
                0x00000000002020ad                main
                0x000000000020220e                kernel_version
 .text          0x00000000002022bb      0x157 bin/sys.o
                0x00000000002022bb                inb
                0x00000000002022e2                inw
                0x000000000020230b                outb
                0x0000000000202336                outw
                0x0000000000202361                outl
                0x0000000000202383                inl
                0x00000000002023a9                sysinlong
                0x00000000002023cf                outsw
 .text          0x0000000000202412      0x734 bin/screen.o
                0x0000000000202412                updCurs
                0x000000000020249b                setcolor
                0x00000000002024b4                trace
                0x00000000002025b6                putchar
                0x0000000000202726                TextModeVideoMemDump
                0x000000000020276b                print
                0x00000000002027cd                printline
                0x000000000020284c                linecheck
                0x0000000000202881                clearl
                0x000000000020292d                clearscr
                0x000000000020297b                scroll
                0x0000000000202a7f                disablecursor
                0x0000000000202abb                paintscr
 .text          0x0000000000202b46      0x24b bin/gdt.o
                0x0000000000202b46                Prep_TSS
                0x0000000000202be7                TSS_update_stack
                0x0000000000202c18                GDT
 *fill*         0x0000000000202d91        0xf 
 .text          0x0000000000202da0       0x36 bin/gdtasm.o
                0x0000000000202da0                gdt_set32
                0x0000000000202dd2                CRzero
 .text          0x0000000000202dd6      0x5d6 bin/hardw.o
                0x0000000000202dd6                setints
                0x0000000000202e1f                IRQclrmsk
                0x0000000000202e95                IRQclrallmsks
                0x0000000000202ece                IRQmskall
                0x0000000000202f30                IRQdisableall
                0x0000000000202f6c                IRQsetmsk
                0x0000000000202fe0                initpics
                0x00000000002030c4                inthndld
                0x0000000000203109                PIC_remap
                0x00000000002031f2                PIT_init
                0x000000000020324b                inita20
                0x00000000002032e9                DetectSpeed
                0x0000000000203351                keybsndcom
                0x0000000000203382                keybwait
 .text          0x00000000002033ac      0x12a bin/cpu.o
                0x00000000002033ac                idtent
                0x00000000002033da                setidt
                0x0000000000203430                CPUID
                0x000000000020345e                IDT_add
                0x00000000002034bb                cpuSetMSR
 .text          0x00000000002034d6      0x819 bin/isr.o
                0x00000000002034d6                isrinst
                0x000000000020361f                isr0c
                0x0000000000203658                isr1c
                0x00000000002036a1                isr3c
                0x00000000002036cd                isr4c
                0x00000000002036df                isr7c
                0x0000000000203726                isr8c
                0x000000000020374d                isr11c
                0x0000000000203778                isr12c
                0x00000000002037a4                isr13c
                0x0000000000203b6e                isr14c
                0x0000000000203b99                isr15
                0x0000000000203bc5                isr20c
                0x0000000000203c16                isr21c
                0x0000000000203c6b                isr30c
                0x0000000000203ca4                isr47c
 .text          0x0000000000203cef      0x61f bin/util.o
                0x0000000000203cef                getBYTE
                0x0000000000203d24                getWORD
                0x0000000000203d5a                eqlstr
                0x0000000000203dde                sleep
                0x0000000000203e1f                timer_start
                0x0000000000203e3e                timer_end
                0x0000000000203e6c                movestr
                0x0000000000203ee5                hasStr
                0x0000000000203f49                hexstr
                0x0000000000203fb0                intstr
                0x0000000000204063                strlen
                0x0000000000204094                TransformUpLowUC
                0x0000000000204144                PartyChop
                0x0000000000204193                strtok
                0x00000000002041e4                strsep
                0x000000000020423c                strpbrk
 *fill*         0x000000000020430e        0x2 
 .text          0x0000000000204310        0xa bin/idta.o
                0x0000000000204310                idt_set
 *fill*         0x000000000020431a        0x6 
 .text          0x0000000000204320       0xf1 bin/isra.o
                0x0000000000204320                isr0
                0x000000000020433c                isr1
                0x000000000020434a                isr3
                0x0000000000204354                isr4
                0x000000000020435c                isr7
                0x0000000000204365                isr8
                0x0000000000204373                isr9
                0x0000000000204374                isr10
                0x0000000000204377                isr11
                0x0000000000204388                isr13
                0x00000000002043c4                isr14
                0x00000000002043ce                isr20
                0x00000000002043f6                isr21
                0x00000000002043ff                isr30
                0x0000000000204408                isr47
 *fill*         0x0000000000204411        0xf 
 .text          0x0000000000204420       0xfb bin/asm.o
                0x0000000000204420                PIT_initasm
                0x000000000020442f                PIT_readcount
                0x0000000000204447                enable_A20
                0x0000000000204493                GetCPUVendor
                0x00000000002044ad                TLBflush
                0x00000000002044b7                getESP
                0x00000000002044c2                TSS_flush
                0x00000000002044ca                jmp_user_mode
                0x00000000002044f7                jmp_back_kernel
                0x000000000020450b                memory_set_stack
                0x0000000000204517                StackPointer
 .text          0x000000000020451b      0x48d bin/errorHandl.o
                0x000000000020451b                kernel_panic
                0x000000000020461a                kernel_panic_dump
                0x0000000000204791                InitFail
                0x00000000002047f0                console_Warning
                0x0000000000204842                error
 .text          0x00000000002049a8      0x170 bin/keyboard.o
                0x00000000002049a8                keybin
                0x00000000002049eb                putonscr
                0x0000000000204a04                IS_pressed
                0x0000000000204a37                hang_for_key
                0x0000000000204a62                InitKbrd
 .text          0x0000000000204b18      0x3c0 bin/memory.o
                0x0000000000204b18                memory_init
                0x0000000000204b39                GRUB_GetMemInfo
                0x0000000000204c20                malloc
                0x0000000000204d9f                demalloc
                0x0000000000204e02                kmemset
                0x0000000000204e32                MemCopy
                0x0000000000204e87                strcopy
 .text          0x0000000000204ed8      0x3e4 bin/pci.o
                0x0000000000204ed8                getPCIval
                0x0000000000204f79                GetPCIDevice
                0x0000000000205128                pciConfigRead
                0x00000000002051ce                pciConfigWrite
                0x0000000000205272                pciGetInterruptLine
 .text          0x00000000002052bc      0x853 bin/ahci.o
                0x00000000002052bc                AHCI_init
                0x0000000000205339                getBAR5
                0x00000000002053bf                AHCI_setup_port
                0x00000000002053f1                search_drives
                0x000000000020566f                port_rebase
                0x00000000002057d1                start_cmd
                0x0000000000205813                stop_cmd
                0x0000000000205869                Read_SATA
                0x0000000000205a89                find_cmdslot
 .text          0x0000000000205b0f      0xf45 bin/ATA.o
                0x0000000000205b0f                ATA_init
                0x0000000000205dba                ATAPI_init
                0x0000000000205dd3                ATAwait
                0x0000000000205e06                ATAPI_CHECK
                0x0000000000205f2f                ATA_swreset
                0x0000000000205fc7                DRIVE_ERROR_DETECT
                0x0000000000206021                nIEN_rs
                0x0000000000206069                PIO_READ_ATA
                0x0000000000206203                PIO_WRITE_ATA
                0x00000000002063f1                PIO_READ_ATAPI
                0x0000000000206692                DMA_ATA_SETUP
                0x0000000000206791                DMA_ATA_READ
                0x00000000002068e3                DMA_ATA_WRITE
                0x00000000002069e6                ATA_STANDARD
 .text          0x0000000000206a54       0xf6 bin/mfat.o
                0x0000000000206a54                MFAT_format
 .text          0x0000000000206b4a      0xbf8 bin/fat.o
                0x0000000000206b4a                GetBootCodeFAT
                0x0000000000206b91                FATinit
                0x0000000000206c3e                GetFile
                0x0000000000206cb7                FindFile
                0x0000000000206da5                FAT_Traverse
                0x0000000000206e59                fat_find_dir
                0x0000000000206f76                FindNextDir
                0x000000000020709a                FAT32_WRITE_FILE
                0x00000000002071c0                FAT32_DIRPREP
                0x000000000020728e                FAT32_Write_cluster
                0x00000000002072e0                FAT32_READ_FILE
                0x000000000020734c                FAT_cluster_LBA
                0x0000000000207384                FAT_read_table
                0x0000000000207472                ReadDir
                0x00000000002075d9                FATFindFreeClusterChain
 .text          0x0000000000207742      0x261 bin/hdd.o
                0x0000000000207742                get_drive_info
                0x0000000000207906                GetFirstSectLBA
 .text          0x00000000002079a3       0x19 bin/iso.o
                0x00000000002079a3                iso_init
 .text          0x00000000002079bc      0x1f8 bin/DRVhandl.o
                0x00000000002079bc                driver_type
                0x00000000002079ec                FindDriver
                0x0000000000207b36                run_v86_driver
 *fill*         0x0000000000207bb4        0xc 
 .text          0x0000000000207bc0       0x61 bin/v86.o
                0x0000000000207bc0                v86_enter
                0x0000000000207bf9                do_exor
                0x0000000000207c08                do_regs
 .text          0x0000000000207c21      0x81f bin/multitasking.o
                0x0000000000207c21                Task_Save_State
                0x0000000000207d2f                task_timeguard
                0x0000000000207e57                task_push_v86
                0x0000000000207f19                task_push
                0x0000000000207fdc                task_pop
                0x000000000020824c                task_save
                0x0000000000208369                task_findnew
                0x00000000002083dd                task_internal_ret_from_interrupt
 .text          0x0000000000208440       0x72 bin/v86c.o
                0x0000000000208440                v86_linear_to_sgoff
                0x000000000020847d                v86_sgoff_to_linear
 .text          0x00000000002084b2       0x72 bin/vesa.o
                0x00000000002084b2                vesa_findmode
                0x000000000020850f                vesa_difference
 *fill*         0x0000000000208524        0xc 
 .text          0x0000000000208530     0x1000 bin/stack.o
                0x0000000000208530                stack
                0x0000000000209530                end_stack

.text.__x86.get_pc_thunk.bx
                0x0000000000209530        0x4
 .text.__x86.get_pc_thunk.bx
                0x0000000000209530        0x4 bin/kc.o
                0x0000000000209530                __x86.get_pc_thunk.bx

.text.__x86.get_pc_thunk.ax
                0x0000000000209534        0x4
 .text.__x86.get_pc_thunk.ax
                0x0000000000209534        0x4 bin/sys.o
                0x0000000000209534                __x86.get_pc_thunk.ax

.text.__x86.get_pc_thunk.dx
                0x0000000000209538        0x4
 .text.__x86.get_pc_thunk.dx
                0x0000000000209538        0x4 bin/multitasking.o
                0x0000000000209538                __x86.get_pc_thunk.dx

.iplt           0x0000000000209540        0x0
 .iplt          0x0000000000209540        0x0 bin/stack.o

.rodata         0x000000000020953c      0x7d8
 .rodata        0x000000000020953c       0x8d bin/kc.o
 .rodata        0x00000000002095c9        0x3 bin/screen.o
                0x00000000002095c9                height
                0x00000000002095ca                width
                0x00000000002095cb                depth
 .rodata        0x00000000002095cc       0xd0 bin/isr.o
 .rodata        0x000000000020969c       0x1b bin/util.o
 *fill*         0x00000000002096b7        0x1 
 .rodata        0x00000000002096b8      0x430 bin/errorHandl.o
 .rodata        0x0000000000209ae8        0xe bin/keyboard.o
 .rodata        0x0000000000209af6       0x36 bin/pci.o
 .rodata        0x0000000000209b2c       0x9a bin/ahci.o
 .rodata        0x0000000000209bc6       0x6d bin/ATA.o
 *fill*         0x0000000000209c33        0x1 
 .rodata        0x0000000000209c34       0x49 bin/mfat.o
 .rodata        0x0000000000209c7d        0xb bin/fat.o
 .rodata        0x0000000000209c88       0x11 bin/hdd.o
 .rodata        0x0000000000209c99       0x54 bin/DRVhandl.o
 .rodata        0x0000000000209ced       0x27 bin/multitasking.o

.eh_frame       0x0000000000209d14     0x15fc
 .eh_frame      0x0000000000209d14       0x7c bin/kc.o
 .eh_frame      0x0000000000209d90      0x114 bin/sys.o
                                        0x12c (size before relaxing)
 .eh_frame      0x0000000000209ea4      0x1c8 bin/screen.o
                                        0x208 (size before relaxing)
 .eh_frame      0x000000000020a06c       0x8c bin/gdt.o
                                         0xcc (size before relaxing)
 .eh_frame      0x000000000020a0f8      0x1fc bin/hardw.o
                                        0x23c (size before relaxing)
 .eh_frame      0x000000000020a2f4       0xa4 bin/cpu.o
                                         0xe4 (size before relaxing)
 .eh_frame      0x000000000020a398      0x23c bin/isr.o
                                        0x27c (size before relaxing)
 .eh_frame      0x000000000020a5d4      0x22c bin/util.o
                                        0x26c (size before relaxing)
 .eh_frame      0x000000000020a800       0xa4 bin/errorHandl.o
                                         0xd0 (size before relaxing)
 .eh_frame      0x000000000020a8a4       0xa4 bin/keyboard.o
                                         0xe4 (size before relaxing)
 .eh_frame      0x000000000020a948       0xec bin/memory.o
                                        0x118 (size before relaxing)
 .eh_frame      0x000000000020aa34       0xc8 bin/pci.o
                                        0x108 (size before relaxing)
 .eh_frame      0x000000000020aafc      0x160 bin/ahci.o
                                        0x1a0 (size before relaxing)
 .eh_frame      0x000000000020ac5c      0x1f8 bin/ATA.o
                                        0x238 (size before relaxing)
 .eh_frame      0x000000000020ae54       0x24 bin/mfat.o
                                         0x50 (size before relaxing)
 .eh_frame      0x000000000020ae78      0x228 bin/fat.o
                                        0x268 (size before relaxing)
 .eh_frame      0x000000000020b0a0       0x48 bin/hdd.o
                                         0x74 (size before relaxing)
 .eh_frame      0x000000000020b0e8       0x20 bin/iso.o
                                         0x4c (size before relaxing)
 .eh_frame      0x000000000020b108       0x68 bin/DRVhandl.o
                                         0xa8 (size before relaxing)
 .eh_frame      0x000000000020b170      0x120 bin/multitasking.o
                                        0x160 (size before relaxing)
 .eh_frame      0x000000000020b290       0x40 bin/v86c.o
                                         0x6c (size before relaxing)
 .eh_frame      0x000000000020b2d0       0x40 bin/vesa.o
                                         0x6c (size before relaxing)

.note.gnu.property
                0x000000000020b310       0x1c
 .note.gnu.property
                0x000000000020b310       0x1c bin/stack.o

.rel.dyn        0x000000000020b32c        0x0
 .rel.got       0x000000000020b32c        0x0 bin/stack.o
 .rel.iplt      0x000000000020b32c        0x0 bin/stack.o
 .rel.text      0x000000000020b32c        0x0 bin/stack.o
 .rel.data.rel  0x000000000020b32c        0x0 bin/stack.o

.data           0x000000000020b32c       0x14
 *(.data)
 .data          0x000000000020b32c        0x0 bin/kc.o
 .data          0x000000000020b32c        0x0 bin/sys.o
 .data          0x000000000020b32c        0x4 bin/screen.o
                0x000000000020b32c                color
 .data          0x000000000020b330        0x0 bin/gdt.o
 .data          0x000000000020b330        0x4 bin/hardw.o
                0x000000000020b330                CMOS_NMI_disable
 .data          0x000000000020b334        0x0 bin/cpu.o
 .data          0x000000000020b334        0x0 bin/isr.o
 .data          0x000000000020b334        0x0 bin/util.o
 .data          0x000000000020b334        0x0 bin/errorHandl.o
 .data          0x000000000020b334        0x4 bin/keyboard.o
                0x000000000020b334                scancodeset
 .data          0x000000000020b338        0x8 bin/memory.o
                0x000000000020b338                MEM_start
                0x000000000020b33c                mem_table_entry
 .data          0x000000000020b340        0x0 bin/pci.o
 .data          0x000000000020b340        0x0 bin/ahci.o
 .data          0x000000000020b340        0x0 bin/ATA.o
 .data          0x000000000020b340        0x0 bin/mfat.o
 .data          0x000000000020b340        0x0 bin/fat.o
 .data          0x000000000020b340        0x0 bin/hdd.o
 .data          0x000000000020b340        0x0 bin/iso.o
 .data          0x000000000020b340        0x0 bin/DRVhandl.o
 .data          0x000000000020b340        0x0 bin/multitasking.o
 .data          0x000000000020b340        0x0 bin/v86c.o
 .data          0x000000000020b340        0x0 bin/vesa.o

.data.rel       0x000000000020b340        0x4
 .data.rel      0x000000000020b340        0x4 bin/keyboard.o
                0x000000000020b340                kbrdbfr

.data.rel.local
                0x000000000020b344        0xc
 .data.rel.local
                0x000000000020b344        0xc bin/DRVhandl.o
                0x000000000020b344                UNKOWN
                0x000000000020b348                EMPTY
                0x000000000020b34c                VESA

.got            0x000000000020b350        0x0
 .got           0x000000000020b350        0x0 bin/stack.o

.got.plt        0x000000000020b350        0xc
 .got.plt       0x000000000020b350        0xc bin/stack.o
                0x000000000020b350                _GLOBAL_OFFSET_TABLE_

.igot.plt       0x000000000020b35c        0x0
 .igot.plt      0x000000000020b35c        0x0 bin/stack.o

.bss            0x000000000020b360    0x68f10
 *(.bss)
 .bss           0x000000000020b360        0xc bin/kc.o
                0x000000000020b360                KERNEL_FLAGS
 .bss           0x000000000020b36c        0x0 bin/sys.o
 .bss           0x000000000020b36c       0x10 bin/screen.o
                0x000000000020b36c                cursorX
                0x000000000020b370                cursorY
 *fill*         0x000000000020b37c        0x4 
 .bss           0x000000000020b380       0x5e bin/gdt.o
 *fill*         0x000000000020b3de        0x2 
 .bss           0x000000000020b3e0        0x8 bin/hardw.o
 *fill*         0x000000000020b3e8       0x18 
 .bss           0x000000000020b400      0x826 bin/cpu.o
 *fill*         0x000000000020bc26        0x2 
 .bss           0x000000000020bc28        0xc bin/isr.o
                0x000000000020bc28                sec
 .bss           0x000000000020bc34       0x10 bin/util.o
 .bss           0x000000000020bc44        0x8 bin/errorHandl.o
 .bss           0x000000000020bc4c       0x1c bin/keyboard.o
                0x000000000020bc4c                enter
                0x000000000020bc50                bEnterPause
                0x000000000020bc54                boolsk3
                0x000000000020bc58                noreturn
                0x000000000020bc5c                shift
 .bss           0x000000000020bc68        0x8 bin/memory.o
 .bss           0x000000000020bc70        0x8 bin/pci.o
 .bss           0x000000000020bc78        0x8 bin/ahci.o
 .bss           0x000000000020bc80        0x8 bin/ATA.o
 .bss           0x000000000020bc88        0x8 bin/mfat.o
 .bss           0x000000000020bc90       0x10 bin/fat.o
 .bss           0x000000000020bca0        0x8 bin/hdd.o
 .bss           0x000000000020bca8        0x8 bin/iso.o
 .bss           0x000000000020bcb0        0x8 bin/DRVhandl.o
 .bss           0x000000000020bcb8        0xd bin/multitasking.o
                0x000000000020bcb8                CurrentTasks
 *fill*         0x000000000020bcc5        0x3 
 .bss           0x000000000020bcc8        0x8 bin/v86c.o
 .bss           0x000000000020bcd0        0x8 bin/vesa.o
 *fill*         0x000000000020bcd8        0x8 
 COMMON         0x000000000020bce0    0x283e4 bin/kc.o
                0x000000000020bce0                BPB
                0x000000000020bd00                tasks
                0x000000000020bfa0                systeminfo
                0x000000000020c020                pci_device_info
                0x0000000000234020                segments
                0x0000000000234024                vfs_info
                0x0000000000234040                devices
                0x00000000002340c0                abar
 *fill*         0x00000000002340c4       0x1c 
 COMMON         0x00000000002340e0       0x68 bin/gdt.o
                0x00000000002340e0                tss
 COMMON         0x0000000000234148        0x8 bin/cpu.o
                0x0000000000234148                VendorID
                0x000000000023414c                cpuvend
 COMMON         0x0000000000234150        0xe bin/isr.o
                0x0000000000234150                before_int_ax
                0x0000000000234152                tckcounter
                0x0000000000234154                int_stack
                0x0000000000234158                last_interrupt
                0x000000000023415a                before_int_di
                0x000000000023415c                counter
 *fill*         0x000000000023415e        0x2 
 COMMON         0x0000000000234160      0x100 bin/keyboard.o
                0x0000000000234160                buff
 COMMON         0x0000000000234260    0x40004 bin/memory.o
                0x0000000000234260                mem_table
                0x0000000000274260                MEM_MAX
 COMMON         0x0000000000274264        0x8 bin/ATA.o
                0x0000000000274264                prdt
                0x0000000000274268                BMR
 COMMON         0x000000000027426c        0x4 bin/fat.o
                0x000000000027426c                ROOTDIR
LOAD bin/kasm.o
LOAD bin/kc.o
LOAD bin/sys.o
LOAD bin/screen.o
LOAD bin/gdt.o
LOAD bin/gdtasm.o
LOAD bin/hardw.o
LOAD bin/cpu.o
LOAD bin/isr.o
LOAD bin/util.o
LOAD bin/idta.o
LOAD bin/isra.o
LOAD bin/asm.o
LOAD bin/errorHandl.o
LOAD bin/keyboard.o
LOAD bin/memory.o
LOAD bin/pci.o
LOAD bin/ahci.o
LOAD bin/ATA.o
LOAD bin/mfat.o
LOAD bin/fat.o
LOAD bin/hdd.o
LOAD bin/iso.o
LOAD bin/DRVhandl.o
LOAD bin/v86.o
LOAD bin/multitasking.o
LOAD bin/v86c.o
LOAD bin/vesa.o
LOAD bin/stack.o
OUTPUT(bin/Build/kernel.sys elf32-i386)

.comment        0x0000000000000000       0x4d
 .comment       0x0000000000000000       0x23 bin/kc.o
                                         0x24 (size before relaxing)
 .comment       0x0000000000000023       0x24 bin/sys.o
 .comment       0x0000000000000023       0x24 bin/screen.o
 .comment       0x0000000000000023       0x24 bin/gdt.o
 .comment       0x0000000000000023       0x24 bin/hardw.o
 .comment       0x0000000000000023       0x24 bin/cpu.o
 .comment       0x0000000000000023       0x24 bin/isr.o
 .comment       0x0000000000000023       0x24 bin/util.o
 .comment       0x0000000000000023       0x24 bin/errorHandl.o
 .comment       0x0000000000000023       0x24 bin/keyboard.o
 .comment       0x0000000000000023       0x24 bin/memory.o
 .comment       0x0000000000000023       0x24 bin/pci.o
 .comment       0x0000000000000023       0x24 bin/ahci.o
 .comment       0x0000000000000023       0x24 bin/ATA.o
 .comment       0x0000000000000023       0x2a bin/mfat.o
                                         0x2b (size before relaxing)
 .comment       0x000000000000004d       0x24 bin/fat.o
 .comment       0x000000000000004d       0x24 bin/hdd.o
 .comment       0x000000000000004d       0x24 bin/iso.o
 .comment       0x000000000000004d       0x24 bin/DRVhandl.o
 .comment       0x000000000000004d       0x24 bin/multitasking.o
 .comment       0x000000000000004d       0x24 bin/v86c.o
 .comment       0x000000000000004d       0x24 bin/vesa.o

.note.GNU-stack
                0x0000000000000000        0x0
 .note.GNU-stack
                0x0000000000000000        0x0 bin/kc.o
 .note.GNU-stack
                0x0000000000000000        0x0 bin/sys.o
 .note.GNU-stack
                0x0000000000000000        0x0 bin/screen.o
 .note.GNU-stack
                0x0000000000000000        0x0 bin/gdt.o
 .note.GNU-stack
                0x0000000000000000        0x0 bin/hardw.o
 .note.GNU-stack
                0x0000000000000000        0x0 bin/cpu.o
 .note.GNU-stack
                0x0000000000000000        0x0 bin/isr.o
 .note.GNU-stack
                0x0000000000000000        0x0 bin/util.o
 .note.GNU-stack
                0x0000000000000000        0x0 bin/errorHandl.o
 .note.GNU-stack
                0x0000000000000000        0x0 bin/keyboard.o
 .note.GNU-stack
                0x0000000000000000        0x0 bin/memory.o
 .note.GNU-stack
                0x0000000000000000        0x0 bin/pci.o
 .note.GNU-stack
                0x0000000000000000        0x0 bin/ahci.o
 .note.GNU-stack
                0x0000000000000000        0x0 bin/ATA.o
 .note.GNU-stack
                0x0000000000000000        0x0 bin/mfat.o
 .note.GNU-stack
                0x0000000000000000        0x0 bin/fat.o
 .note.GNU-stack
                0x0000000000000000        0x0 bin/hdd.o
 .note.GNU-stack
                0x0000000000000000        0x0 bin/iso.o
 .note.GNU-stack
                0x0000000000000000        0x0 bin/DRVhandl.o
 .note.GNU-stack
                0x0000000000000000        0x0 bin/multitasking.o
 .note.GNU-stack
                0x0000000000000000        0x0 bin/v86c.o
 .note.GNU-stack
                0x0000000000000000        0x0 bin/vesa.o
