
Allocating common symbols
Common symbol       size              file

BPB                 0x4               ../bin/obj/kc.o
prdt                0x4               ../bin/obj/ATA.o
before_int_ax       0x2               ../bin/obj/isr.o
tckcounter          0x1               ../bin/obj/isr.o
tasks               0x294             ../bin/obj/kc.o
systeminfo          0x68              ../bin/obj/kc.o
pci_device_info     0x28000           ../bin/obj/kc.o
int_stack           0x4               ../bin/obj/isr.o
buff                0x100             ../bin/obj/keyboard.o
mem_table           0x40000           ../bin/obj/memory.o
tss                 0x68              ../bin/obj/gdt.o
VendorID            0x4               ../bin/obj/cpu.o
cpuvend             0x4               ../bin/obj/cpu.o
last_interrupt      0x1               ../bin/obj/isr.o
segments            0x4               ../bin/obj/kc.o
before_int_di       0x2               ../bin/obj/isr.o
vfs_info            0xc               ../bin/obj/kc.o
counter             0x2               ../bin/obj/isr.o
BMR                 0x4               ../bin/obj/ATA.o
devices             0x80              ../bin/obj/kc.o
MEM_MAX             0x4               ../bin/obj/memory.o
ROOTDIR             0x4               ../bin/obj/fat.o
abar                0x4               ../bin/obj/kc.o

Discarded input sections

 .group         0x0000000000000000        0x8 ../bin/obj/kc.o
 .group         0x0000000000000000        0x8 ../bin/obj/kc.o
 .group         0x0000000000000000        0x8 ../bin/obj/sys.o
 .text.__x86.get_pc_thunk.ax
                0x0000000000000000        0x4 ../bin/obj/sys.o
 .group         0x0000000000000000        0x8 ../bin/obj/screen.o
 .group         0x0000000000000000        0x8 ../bin/obj/screen.o
 .text.__x86.get_pc_thunk.ax
                0x0000000000000000        0x4 ../bin/obj/screen.o
 .text.__x86.get_pc_thunk.bx
                0x0000000000000000        0x4 ../bin/obj/screen.o
 .group         0x0000000000000000        0x8 ../bin/obj/gdt.o
 .group         0x0000000000000000        0x8 ../bin/obj/gdt.o
 .text.__x86.get_pc_thunk.ax
                0x0000000000000000        0x4 ../bin/obj/gdt.o
 .text.__x86.get_pc_thunk.bx
                0x0000000000000000        0x4 ../bin/obj/gdt.o
 .group         0x0000000000000000        0x8 ../bin/obj/hardw.o
 .group         0x0000000000000000        0x8 ../bin/obj/hardw.o
 .text.__x86.get_pc_thunk.ax
                0x0000000000000000        0x4 ../bin/obj/hardw.o
 .text.__x86.get_pc_thunk.bx
                0x0000000000000000        0x4 ../bin/obj/hardw.o
 .group         0x0000000000000000        0x8 ../bin/obj/cpu.o
 .group         0x0000000000000000        0x8 ../bin/obj/cpu.o
 .text.__x86.get_pc_thunk.ax
                0x0000000000000000        0x4 ../bin/obj/cpu.o
 .text.__x86.get_pc_thunk.bx
                0x0000000000000000        0x4 ../bin/obj/cpu.o
 .group         0x0000000000000000        0x8 ../bin/obj/isr.o
 .group         0x0000000000000000        0x8 ../bin/obj/isr.o
 .text.__x86.get_pc_thunk.ax
                0x0000000000000000        0x4 ../bin/obj/isr.o
 .text.__x86.get_pc_thunk.bx
                0x0000000000000000        0x4 ../bin/obj/isr.o
 .group         0x0000000000000000        0x8 ../bin/obj/util.o
 .group         0x0000000000000000        0x8 ../bin/obj/util.o
 .text.__x86.get_pc_thunk.ax
                0x0000000000000000        0x4 ../bin/obj/util.o
 .text.__x86.get_pc_thunk.bx
                0x0000000000000000        0x4 ../bin/obj/util.o
 .group         0x0000000000000000        0x8 ../bin/obj/errorHandl.o
 .text.__x86.get_pc_thunk.bx
                0x0000000000000000        0x4 ../bin/obj/errorHandl.o
 .group         0x0000000000000000        0x8 ../bin/obj/keyboard.o
 .group         0x0000000000000000        0x8 ../bin/obj/keyboard.o
 .text.__x86.get_pc_thunk.ax
                0x0000000000000000        0x4 ../bin/obj/keyboard.o
 .text.__x86.get_pc_thunk.bx
                0x0000000000000000        0x4 ../bin/obj/keyboard.o
 .group         0x0000000000000000        0x8 ../bin/obj/memory.o
 .text.__x86.get_pc_thunk.ax
                0x0000000000000000        0x4 ../bin/obj/memory.o
 .group         0x0000000000000000        0x8 ../bin/obj/pci.o
 .group         0x0000000000000000        0x8 ../bin/obj/pci.o
 .text.__x86.get_pc_thunk.ax
                0x0000000000000000        0x4 ../bin/obj/pci.o
 .text.__x86.get_pc_thunk.bx
                0x0000000000000000        0x4 ../bin/obj/pci.o
 .group         0x0000000000000000        0x8 ../bin/obj/ahci.o
 .group         0x0000000000000000        0x8 ../bin/obj/ahci.o
 .text.__x86.get_pc_thunk.ax
                0x0000000000000000        0x4 ../bin/obj/ahci.o
 .text.__x86.get_pc_thunk.bx
                0x0000000000000000        0x4 ../bin/obj/ahci.o
 .group         0x0000000000000000        0x8 ../bin/obj/ATA.o
 .group         0x0000000000000000        0x8 ../bin/obj/ATA.o
 .text.__x86.get_pc_thunk.ax
                0x0000000000000000        0x4 ../bin/obj/ATA.o
 .text.__x86.get_pc_thunk.bx
                0x0000000000000000        0x4 ../bin/obj/ATA.o
 .group         0x0000000000000000        0x8 ../bin/obj/fat.o
 .group         0x0000000000000000        0x8 ../bin/obj/fat.o
 .text.__x86.get_pc_thunk.ax
                0x0000000000000000        0x4 ../bin/obj/fat.o
 .text.__x86.get_pc_thunk.bx
                0x0000000000000000        0x4 ../bin/obj/fat.o
 .group         0x0000000000000000        0x8 ../bin/obj/hdd.o
 .text.__x86.get_pc_thunk.bx
                0x0000000000000000        0x4 ../bin/obj/hdd.o
 .group         0x0000000000000000        0x8 ../bin/obj/iso.o
 .text.__x86.get_pc_thunk.ax
                0x0000000000000000        0x4 ../bin/obj/iso.o
 .group         0x0000000000000000        0x8 ../bin/obj/DRVhandl.o
 .group         0x0000000000000000        0x8 ../bin/obj/DRVhandl.o
 .text.__x86.get_pc_thunk.ax
                0x0000000000000000        0x4 ../bin/obj/DRVhandl.o
 .text.__x86.get_pc_thunk.bx
                0x0000000000000000        0x4 ../bin/obj/DRVhandl.o
 .group         0x0000000000000000        0x8 ../bin/obj/multitasking.o
 .group         0x0000000000000000        0x8 ../bin/obj/multitasking.o
 .group         0x0000000000000000        0x8 ../bin/obj/multitasking.o
 .text.__x86.get_pc_thunk.ax
                0x0000000000000000        0x4 ../bin/obj/multitasking.o
 .text.__x86.get_pc_thunk.bx
                0x0000000000000000        0x4 ../bin/obj/multitasking.o
 .group         0x0000000000000000        0x8 ../bin/obj/v86c.o
 .text.__x86.get_pc_thunk.ax
                0x0000000000000000        0x4 ../bin/obj/v86c.o
 .group         0x0000000000000000        0x8 ../bin/obj/vesa.o
 .group         0x0000000000000000        0x8 ../bin/obj/vesa.o
 .text.__x86.get_pc_thunk.ax
                0x0000000000000000        0x4 ../bin/obj/vesa.o
 .text.__x86.get_pc_thunk.bx
                0x0000000000000000        0x4 ../bin/obj/vesa.o

Memory Configuration

Name             Origin             Length             Attributes
*default*        0x0000000000000000 0xffffffffffffffff

Linker script and memory map

                0x0000000000200000                . = 0x200000

.text           0x0000000000200000     0x88a1
 *(.text)
 .text          0x0000000000200000     0x20ad ../bin/obj/kasm.o
                0x000000000020000c                start
                0x0000000000200021                paging
 .text          0x00000000002020ad      0x235 ../bin/obj/kc.o
                0x00000000002020ad                main
                0x00000000002022d2                kernel_version
 .text          0x00000000002022e2      0x157 ../bin/obj/sys.o
                0x00000000002022e2                inb
                0x0000000000202309                inw
                0x0000000000202332                outb
                0x000000000020235d                outw
                0x0000000000202388                outl
                0x00000000002023aa                inl
                0x00000000002023d0                sysinlong
                0x00000000002023f6                outsw
 .text          0x0000000000202439      0x734 ../bin/obj/screen.o
                0x0000000000202439                updCurs
                0x00000000002024c2                setcolor
                0x00000000002024db                trace
                0x00000000002025dd                putchar
                0x000000000020274d                TextModeVideoMemDump
                0x0000000000202792                print
                0x00000000002027f4                printline
                0x0000000000202873                linecheck
                0x00000000002028a8                clearl
                0x0000000000202954                clearscr
                0x00000000002029a2                scroll
                0x0000000000202aa6                disablecursor
                0x0000000000202ae2                paintscr
 .text          0x0000000000202b6d      0x247 ../bin/obj/gdt.o
                0x0000000000202b6d                Prep_TSS
                0x0000000000202c0c                TSS_update_stack
                0x0000000000202c3b                GDT
 *fill*         0x0000000000202db4        0xc 
 .text          0x0000000000202dc0       0x36 ../bin/obj/gdtasm.o
                0x0000000000202dc0                gdt_set32
                0x0000000000202df2                CRzero
 .text          0x0000000000202df6      0x5d6 ../bin/obj/hardw.o
                0x0000000000202df6                setints
                0x0000000000202e3f                IRQclrmsk
                0x0000000000202eb5                IRQclrallmsks
                0x0000000000202eee                IRQmskall
                0x0000000000202f50                IRQdisableall
                0x0000000000202f8c                IRQsetmsk
                0x0000000000203000                initpics
                0x00000000002030e4                inthndld
                0x0000000000203129                PIC_remap
                0x0000000000203212                PIT_init
                0x000000000020326b                inita20
                0x0000000000203309                DetectSpeed
                0x0000000000203371                keybsndcom
                0x00000000002033a2                keybwait
 .text          0x00000000002033cc      0x12a ../bin/obj/cpu.o
                0x00000000002033cc                idtent
                0x00000000002033fa                setidt
                0x0000000000203450                CPUID
                0x000000000020347e                IDT_add
                0x00000000002034db                cpuSetMSR
 .text          0x00000000002034f6      0x80e ../bin/obj/isr.o
                0x00000000002034f6                isrinst
                0x000000000020363f                isr0c
                0x0000000000203678                isr1c
                0x00000000002036c1                isr3c
                0x00000000002036ed                isr4c
                0x00000000002036ff                isr7c
                0x0000000000203746                isr8c
                0x000000000020376d                isr11c
                0x0000000000203798                isr12c
                0x00000000002037c4                isr13c
                0x0000000000203b83                isr14c
                0x0000000000203bae                isr15
                0x0000000000203bda                isr20c
                0x0000000000203c2b                isr21c
                0x0000000000203c80                isr30c
                0x0000000000203cb9                isr47c
 .text          0x0000000000203d04      0x61f ../bin/obj/util.o
                0x0000000000203d04                getBYTE
                0x0000000000203d39                getWORD
                0x0000000000203d6f                eqlstr
                0x0000000000203df3                sleep
                0x0000000000203e34                timer_start
                0x0000000000203e53                timer_end
                0x0000000000203e81                movestr
                0x0000000000203efa                hasStr
                0x0000000000203f5e                hexstr
                0x0000000000203fc5                intstr
                0x0000000000204078                strlen
                0x00000000002040a9                TransformUpLowUC
                0x0000000000204159                PartyChop
                0x00000000002041a8                strtok
                0x00000000002041f9                strsep
                0x0000000000204251                strpbrk
 *fill*         0x0000000000204323        0xd 
 .text          0x0000000000204330        0xa ../bin/obj/idta.o
                0x0000000000204330                idt_set
 *fill*         0x000000000020433a        0x6 
 .text          0x0000000000204340       0xf1 ../bin/obj/isra.o
                0x0000000000204340                isr0
                0x000000000020435c                isr1
                0x000000000020436a                isr3
                0x0000000000204374                isr4
                0x000000000020437c                isr7
                0x0000000000204385                isr8
                0x0000000000204393                isr9
                0x0000000000204394                isr10
                0x0000000000204397                isr11
                0x00000000002043a8                isr13
                0x00000000002043e4                isr14
                0x00000000002043ee                isr20
                0x0000000000204416                isr21
                0x000000000020441f                isr30
                0x0000000000204428                isr47
 *fill*         0x0000000000204431        0xf 
 .text          0x0000000000204440       0xfb ../bin/obj/asm.o
                0x0000000000204440                PIT_initasm
                0x000000000020444f                PIT_readcount
                0x0000000000204467                enable_A20
                0x00000000002044b3                GetCPUVendor
                0x00000000002044cd                TLBflush
                0x00000000002044d7                getESP
                0x00000000002044e2                TSS_flush
                0x00000000002044ea                jmp_user_mode
                0x0000000000204517                jmp_back_kernel
                0x000000000020452b                memory_set_stack
                0x0000000000204537                StackPointer
 .text          0x000000000020453b      0x48d ../bin/obj/errorHandl.o
                0x000000000020453b                kernel_panic
                0x000000000020463a                kernel_panic_dump
                0x00000000002047b1                InitFail
                0x0000000000204810                console_Warning
                0x0000000000204862                error
 .text          0x00000000002049c8      0x170 ../bin/obj/keyboard.o
                0x00000000002049c8                keybin
                0x0000000000204a0b                putonscr
                0x0000000000204a24                IS_pressed
                0x0000000000204a57                hang_for_key
                0x0000000000204a82                InitKbrd
 .text          0x0000000000204b38      0x408 ../bin/obj/memory.o
                0x0000000000204b38                memory_init
                0x0000000000204b59                GRUB_GetMemInfo
                0x0000000000204c40                malloc
                0x0000000000204dbf                demalloc
                0x0000000000204e22                kmemset
                0x0000000000204e52                MemCopy
                0x0000000000204ea7                strcopy
                0x0000000000204ef8                strncpy
 .text          0x0000000000204f40      0x3e4 ../bin/obj/pci.o
                0x0000000000204f40                getPCIval
                0x0000000000204fe1                GetPCIDevice
                0x0000000000205190                pciConfigRead
                0x0000000000205236                pciConfigWrite
                0x00000000002052da                pciGetInterruptLine
 .text          0x0000000000205324      0x853 ../bin/obj/ahci.o
                0x0000000000205324                AHCI_init
                0x00000000002053a1                getBAR5
                0x0000000000205427                AHCI_setup_port
                0x0000000000205459                search_drives
                0x00000000002056d7                port_rebase
                0x0000000000205839                start_cmd
                0x000000000020587b                stop_cmd
                0x00000000002058d1                Read_SATA
                0x0000000000205af1                find_cmdslot
 .text          0x0000000000205b77      0xf45 ../bin/obj/ATA.o
                0x0000000000205b77                ATA_init
                0x0000000000205e22                ATAPI_init
                0x0000000000205e3b                ATAwait
                0x0000000000205e6e                ATAPI_CHECK
                0x0000000000205f97                ATA_swreset
                0x000000000020602f                DRIVE_ERROR_DETECT
                0x0000000000206089                nIEN_rs
                0x00000000002060d1                PIO_READ_ATA
                0x000000000020626b                PIO_WRITE_ATA
                0x0000000000206459                PIO_READ_ATAPI
                0x00000000002066fa                DMA_ATA_SETUP
                0x00000000002067f9                DMA_ATA_READ
                0x000000000020694b                DMA_ATA_WRITE
                0x0000000000206a4e                ATA_STANDARD
 .text          0x0000000000206abc      0xbf8 ../bin/obj/fat.o
                0x0000000000206abc                GetBootCodeFAT
                0x0000000000206b03                FATinit
                0x0000000000206bb0                GetFile
                0x0000000000206c29                FindFile
                0x0000000000206d17                FAT_Traverse
                0x0000000000206dcb                fat_find_dir
                0x0000000000206ee8                FindNextDir
                0x000000000020700c                FAT32_WRITE_FILE
                0x0000000000207132                FAT32_DIRPREP
                0x0000000000207200                FAT32_Write_cluster
                0x0000000000207252                FAT32_READ_FILE
                0x00000000002072be                FAT_cluster_LBA
                0x00000000002072f6                FAT_read_table
                0x00000000002073e4                ReadDir
                0x000000000020754b                FATFindFreeClusterChain
 .text          0x00000000002076b4      0x261 ../bin/obj/hdd.o
                0x00000000002076b4                get_drive_info
                0x0000000000207878                GetFirstSectLBA
 .text          0x0000000000207915       0x19 ../bin/obj/iso.o
                0x0000000000207915                iso_init
 .text          0x000000000020792e      0x1f8 ../bin/obj/DRVhandl.o
                0x000000000020792e                driver_type
                0x000000000020795e                FindDriver
                0x0000000000207aa8                run_v86_driver
 *fill*         0x0000000000207b26        0xa 
 .text          0x0000000000207b30       0x7e ../bin/obj/v86.o
                0x0000000000207b30                v86_enter
                0x0000000000207b6f                do_exor
                0x0000000000207b7e                do_regs
                0x0000000000207b90                v86_ret
 .text          0x0000000000207bae      0x81f ../bin/obj/multitasking.o
                0x0000000000207bae                Task_Save_State
                0x0000000000207cbc                task_timeguard
                0x0000000000207de4                task_push_v86
                0x0000000000207ea6                task_push
                0x0000000000207f69                task_pop
                0x00000000002081d9                task_save
                0x00000000002082f6                task_findnew
                0x000000000020836a                task_internal_ret_from_interrupt
 .text          0x00000000002083cd      0x142 ../bin/obj/v86c.o
                0x00000000002083cd                v86_linear_to_sgoff
                0x000000000020840a                v86_sgoff_to_linear
                0x000000000020843f                v86_interrupt
                0x00000000002084b7                v86_save_state
 .text          0x000000000020850f      0x392 ../bin/obj/vesa.o
                0x000000000020850f                vesa_findmode
                0x000000000020881c                vesa_difference
                0x0000000000208831                vesa_put_pixel

.text.__x86.get_pc_thunk.ax
                0x00000000002088a1        0x4
 .text.__x86.get_pc_thunk.ax
                0x00000000002088a1        0x4 ../bin/obj/kc.o
                0x00000000002088a1                __x86.get_pc_thunk.ax

.text.__x86.get_pc_thunk.bx
                0x00000000002088a5        0x4
 .text.__x86.get_pc_thunk.bx
                0x00000000002088a5        0x4 ../bin/obj/kc.o
                0x00000000002088a5                __x86.get_pc_thunk.bx

.text.__x86.get_pc_thunk.dx
                0x00000000002088a9        0x4
 .text.__x86.get_pc_thunk.dx
                0x00000000002088a9        0x4 ../bin/obj/multitasking.o
                0x00000000002088a9                __x86.get_pc_thunk.dx

.iplt           0x00000000002088b0        0x0
 .iplt          0x00000000002088b0        0x0 ../bin/obj/stack.o

.rodata         0x00000000002088b0      0x7a5
 .rodata        0x00000000002088b0       0x50 ../bin/obj/kc.o
 .rodata        0x0000000000208900        0x3 ../bin/obj/screen.o
                0x0000000000208900                height
                0x0000000000208901                width
                0x0000000000208902                depth
 .rodata        0x0000000000208903       0xb5 ../bin/obj/isr.o
 .rodata        0x00000000002089b8       0x1b ../bin/obj/util.o
 *fill*         0x00000000002089d3        0x1 
 .rodata        0x00000000002089d4      0x430 ../bin/obj/errorHandl.o
 .rodata        0x0000000000208e04        0xe ../bin/obj/keyboard.o
 .rodata        0x0000000000208e12       0x36 ../bin/obj/pci.o
 .rodata        0x0000000000208e48       0x9a ../bin/obj/ahci.o
 .rodata        0x0000000000208ee2       0x6d ../bin/obj/ATA.o
 .rodata        0x0000000000208f4f        0xb ../bin/obj/fat.o
 .rodata        0x0000000000208f5a       0x11 ../bin/obj/hdd.o
 .rodata        0x0000000000208f6b       0x54 ../bin/obj/DRVhandl.o
 .rodata        0x0000000000208fbf       0x27 ../bin/obj/multitasking.o
 .rodata        0x0000000000208fe6       0x6f ../bin/obj/vesa.o

.eh_frame       0x0000000000209058     0x1660
 .eh_frame      0x0000000000209058       0x8c ../bin/obj/kc.o
 .eh_frame      0x00000000002090e4      0x100 ../bin/obj/sys.o
                                        0x12c (size before relaxing)
 .eh_frame      0x00000000002091e4      0x1c8 ../bin/obj/screen.o
                                        0x208 (size before relaxing)
 .eh_frame      0x00000000002093ac       0x8c ../bin/obj/gdt.o
                                         0xcc (size before relaxing)
 .eh_frame      0x0000000000209438      0x1fc ../bin/obj/hardw.o
                                        0x23c (size before relaxing)
 .eh_frame      0x0000000000209634       0xa4 ../bin/obj/cpu.o
                                         0xe4 (size before relaxing)
 .eh_frame      0x00000000002096d8      0x23c ../bin/obj/isr.o
                                        0x27c (size before relaxing)
 .eh_frame      0x0000000000209914      0x22c ../bin/obj/util.o
                                        0x26c (size before relaxing)
 .eh_frame      0x0000000000209b40       0xa4 ../bin/obj/errorHandl.o
                                         0xd0 (size before relaxing)
 .eh_frame      0x0000000000209be4       0xa4 ../bin/obj/keyboard.o
                                         0xe4 (size before relaxing)
 .eh_frame      0x0000000000209c88      0x10c ../bin/obj/memory.o
                                        0x138 (size before relaxing)
 .eh_frame      0x0000000000209d94       0xc8 ../bin/obj/pci.o
                                        0x108 (size before relaxing)
 .eh_frame      0x0000000000209e5c      0x160 ../bin/obj/ahci.o
                                        0x1a0 (size before relaxing)
 .eh_frame      0x0000000000209fbc      0x1f8 ../bin/obj/ATA.o
                                        0x238 (size before relaxing)
 .eh_frame      0x000000000020a1b4      0x228 ../bin/obj/fat.o
                                        0x268 (size before relaxing)
 .eh_frame      0x000000000020a3dc       0x48 ../bin/obj/hdd.o
                                         0x74 (size before relaxing)
 .eh_frame      0x000000000020a424       0x20 ../bin/obj/iso.o
                                         0x4c (size before relaxing)
 .eh_frame      0x000000000020a444       0x68 ../bin/obj/DRVhandl.o
                                         0xa8 (size before relaxing)
 .eh_frame      0x000000000020a4ac      0x120 ../bin/obj/multitasking.o
                                        0x160 (size before relaxing)
 .eh_frame      0x000000000020a5cc       0x84 ../bin/obj/v86c.o
                                         0xb0 (size before relaxing)
 .eh_frame      0x000000000020a650       0x68 ../bin/obj/vesa.o
                                         0xa8 (size before relaxing)

.note.gnu.property
                0x000000000020a6b8       0x1c
 .note.gnu.property
                0x000000000020a6b8       0x1c ../bin/obj/stack.o

.rel.dyn        0x000000000020a6d4        0x0
 .rel.got       0x000000000020a6d4        0x0 ../bin/obj/stack.o
 .rel.iplt      0x000000000020a6d4        0x0 ../bin/obj/stack.o
 .rel.text      0x000000000020a6d4        0x0 ../bin/obj/stack.o
 .rel.data.rel  0x000000000020a6d4        0x0 ../bin/obj/stack.o

.data           0x000000000020a6d4       0x18
 *(.data)
 .data          0x000000000020a6d4        0x0 ../bin/obj/kc.o
 .data          0x000000000020a6d4        0x0 ../bin/obj/sys.o
 .data          0x000000000020a6d4        0x4 ../bin/obj/screen.o
                0x000000000020a6d4                color
 .data          0x000000000020a6d8        0x0 ../bin/obj/gdt.o
 .data          0x000000000020a6d8        0x4 ../bin/obj/hardw.o
                0x000000000020a6d8                CMOS_NMI_disable
 .data          0x000000000020a6dc        0x0 ../bin/obj/cpu.o
 .data          0x000000000020a6dc        0x0 ../bin/obj/isr.o
 .data          0x000000000020a6dc        0x0 ../bin/obj/util.o
 .data          0x000000000020a6dc        0x0 ../bin/obj/errorHandl.o
 .data          0x000000000020a6dc        0x4 ../bin/obj/keyboard.o
                0x000000000020a6dc                scancodeset
 .data          0x000000000020a6e0        0x8 ../bin/obj/memory.o
                0x000000000020a6e0                MEM_start
                0x000000000020a6e4                mem_table_entry
 .data          0x000000000020a6e8        0x0 ../bin/obj/pci.o
 .data          0x000000000020a6e8        0x0 ../bin/obj/ahci.o
 .data          0x000000000020a6e8        0x0 ../bin/obj/ATA.o
 .data          0x000000000020a6e8        0x0 ../bin/obj/fat.o
 .data          0x000000000020a6e8        0x0 ../bin/obj/hdd.o
 .data          0x000000000020a6e8        0x0 ../bin/obj/iso.o
 .data          0x000000000020a6e8        0x0 ../bin/obj/DRVhandl.o
 .data          0x000000000020a6e8        0x0 ../bin/obj/multitasking.o
 .data          0x000000000020a6e8        0x0 ../bin/obj/v86c.o
 .data          0x000000000020a6e8        0x4 ../bin/obj/vesa.o
                0x000000000020a6e8                screen

.data.rel       0x000000000020a6ec        0x4
 .data.rel      0x000000000020a6ec        0x4 ../bin/obj/keyboard.o
                0x000000000020a6ec                kbrdbfr

.data.rel.local
                0x000000000020a6f0        0xc
 .data.rel.local
                0x000000000020a6f0        0xc ../bin/obj/DRVhandl.o
                0x000000000020a6f0                UNKOWN
                0x000000000020a6f4                EMPTY
                0x000000000020a6f8                VESA

.got            0x000000000020a6fc        0x0
 .got           0x000000000020a6fc        0x0 ../bin/obj/stack.o

.got.plt        0x000000000020a6fc        0xc
 .got.plt       0x000000000020a6fc        0xc ../bin/obj/stack.o
                0x000000000020a6fc                _GLOBAL_OFFSET_TABLE_

.igot.plt       0x000000000020a708        0x0
 .igot.plt      0x000000000020a708        0x0 ../bin/obj/stack.o

.bss            0x000000000020a720    0x69f10
 *(.bss)
 .bss           0x000000000020a720        0xc ../bin/obj/kc.o
                0x000000000020a720                KERNEL_FLAGS
 .bss           0x000000000020a72c        0x0 ../bin/obj/sys.o
 .bss           0x000000000020a72c       0x10 ../bin/obj/screen.o
                0x000000000020a72c                cursorX
                0x000000000020a730                cursorY
 *fill*         0x000000000020a73c        0x4 
 .bss           0x000000000020a740       0x5e ../bin/obj/gdt.o
 *fill*         0x000000000020a79e        0x2 
 .bss           0x000000000020a7a0        0x8 ../bin/obj/hardw.o
 *fill*         0x000000000020a7a8       0x18 
 .bss           0x000000000020a7c0      0x826 ../bin/obj/cpu.o
 *fill*         0x000000000020afe6        0x2 
 .bss           0x000000000020afe8        0xc ../bin/obj/isr.o
                0x000000000020afe8                sec
 .bss           0x000000000020aff4       0x10 ../bin/obj/util.o
 .bss           0x000000000020b004        0x8 ../bin/obj/errorHandl.o
 .bss           0x000000000020b00c       0x1c ../bin/obj/keyboard.o
                0x000000000020b00c                enter
                0x000000000020b010                bEnterPause
                0x000000000020b014                boolsk3
                0x000000000020b018                noreturn
                0x000000000020b01c                shift
 .bss           0x000000000020b028        0x8 ../bin/obj/memory.o
 .bss           0x000000000020b030        0x8 ../bin/obj/pci.o
 .bss           0x000000000020b038        0x8 ../bin/obj/ahci.o
 .bss           0x000000000020b040        0x8 ../bin/obj/ATA.o
 .bss           0x000000000020b048       0x10 ../bin/obj/fat.o
 .bss           0x000000000020b058        0x8 ../bin/obj/hdd.o
 .bss           0x000000000020b060        0x8 ../bin/obj/iso.o
 .bss           0x000000000020b068        0x8 ../bin/obj/DRVhandl.o
 .bss           0x000000000020b070        0xd ../bin/obj/multitasking.o
                0x000000000020b070                CurrentTasks
 *fill*         0x000000000020b07d        0x3 
 .bss           0x000000000020b080        0x8 ../bin/obj/v86c.o
 .bss           0x000000000020b088        0x8 ../bin/obj/vesa.o
 .bss           0x000000000020b090     0x1000 ../bin/obj/stack.o
                0x000000000020b090                stack
                0x000000000020c090                end_stack
 *fill*         0x000000000020c090       0x10 
 COMMON         0x000000000020c0a0    0x283e4 ../bin/obj/kc.o
                0x000000000020c0a0                BPB
                0x000000000020c0c0                tasks
                0x000000000020c360                systeminfo
                0x000000000020c3e0                pci_device_info
                0x00000000002343e0                segments
                0x00000000002343e4                vfs_info
                0x0000000000234400                devices
                0x0000000000234480                abar
 *fill*         0x0000000000234484       0x1c 
 COMMON         0x00000000002344a0       0x68 ../bin/obj/gdt.o
                0x00000000002344a0                tss
 COMMON         0x0000000000234508        0x8 ../bin/obj/cpu.o
                0x0000000000234508                VendorID
                0x000000000023450c                cpuvend
 COMMON         0x0000000000234510        0xe ../bin/obj/isr.o
                0x0000000000234510                before_int_ax
                0x0000000000234512                tckcounter
                0x0000000000234514                int_stack
                0x0000000000234518                last_interrupt
                0x000000000023451a                before_int_di
                0x000000000023451c                counter
 *fill*         0x000000000023451e        0x2 
 COMMON         0x0000000000234520      0x100 ../bin/obj/keyboard.o
                0x0000000000234520                buff
 COMMON         0x0000000000234620    0x40004 ../bin/obj/memory.o
                0x0000000000234620                mem_table
                0x0000000000274620                MEM_MAX
 COMMON         0x0000000000274624        0x8 ../bin/obj/ATA.o
                0x0000000000274624                prdt
                0x0000000000274628                BMR
 COMMON         0x000000000027462c        0x4 ../bin/obj/fat.o
                0x000000000027462c                ROOTDIR
LOAD ../bin/obj/kasm.o
LOAD ../bin/obj/kc.o
LOAD ../bin/obj/sys.o
LOAD ../bin/obj/screen.o
LOAD ../bin/obj/gdt.o
LOAD ../bin/obj/gdtasm.o
LOAD ../bin/obj/hardw.o
LOAD ../bin/obj/cpu.o
LOAD ../bin/obj/isr.o
LOAD ../bin/obj/util.o
LOAD ../bin/obj/idta.o
LOAD ../bin/obj/isra.o
LOAD ../bin/obj/asm.o
LOAD ../bin/obj/errorHandl.o
LOAD ../bin/obj/keyboard.o
LOAD ../bin/obj/memory.o
LOAD ../bin/obj/pci.o
LOAD ../bin/obj/ahci.o
LOAD ../bin/obj/ATA.o
LOAD ../bin/obj/fat.o
LOAD ../bin/obj/hdd.o
LOAD ../bin/obj/iso.o
LOAD ../bin/obj/DRVhandl.o
LOAD ../bin/obj/v86.o
LOAD ../bin/obj/multitasking.o
LOAD ../bin/obj/v86c.o
LOAD ../bin/obj/vesa.o
LOAD ../bin/obj/stack.o
OUTPUT(../bin/kernel/kernel.sys elf32-i386)

.comment        0x0000000000000000       0x29
 .comment       0x0000000000000000       0x29 ../bin/obj/kc.o
                                         0x2a (size before relaxing)
 .comment       0x0000000000000029       0x2a ../bin/obj/sys.o
 .comment       0x0000000000000029       0x2a ../bin/obj/screen.o
 .comment       0x0000000000000029       0x2a ../bin/obj/gdt.o
 .comment       0x0000000000000029       0x2a ../bin/obj/hardw.o
 .comment       0x0000000000000029       0x2a ../bin/obj/cpu.o
 .comment       0x0000000000000029       0x2a ../bin/obj/isr.o
 .comment       0x0000000000000029       0x2a ../bin/obj/util.o
 .comment       0x0000000000000029       0x2a ../bin/obj/errorHandl.o
 .comment       0x0000000000000029       0x2a ../bin/obj/keyboard.o
 .comment       0x0000000000000029       0x2a ../bin/obj/memory.o
 .comment       0x0000000000000029       0x2a ../bin/obj/pci.o
 .comment       0x0000000000000029       0x2a ../bin/obj/ahci.o
 .comment       0x0000000000000029       0x2a ../bin/obj/ATA.o
 .comment       0x0000000000000029       0x2a ../bin/obj/fat.o
 .comment       0x0000000000000029       0x2a ../bin/obj/hdd.o
 .comment       0x0000000000000029       0x2a ../bin/obj/iso.o
 .comment       0x0000000000000029       0x2a ../bin/obj/DRVhandl.o
 .comment       0x0000000000000029       0x2a ../bin/obj/multitasking.o
 .comment       0x0000000000000029       0x2a ../bin/obj/v86c.o
 .comment       0x0000000000000029       0x2a ../bin/obj/vesa.o

.note.GNU-stack
                0x0000000000000000        0x0
 .note.GNU-stack
                0x0000000000000000        0x0 ../bin/obj/kc.o
 .note.GNU-stack
                0x0000000000000000        0x0 ../bin/obj/sys.o
 .note.GNU-stack
                0x0000000000000000        0x0 ../bin/obj/screen.o
 .note.GNU-stack
                0x0000000000000000        0x0 ../bin/obj/gdt.o
 .note.GNU-stack
                0x0000000000000000        0x0 ../bin/obj/hardw.o
 .note.GNU-stack
                0x0000000000000000        0x0 ../bin/obj/cpu.o
 .note.GNU-stack
                0x0000000000000000        0x0 ../bin/obj/isr.o
 .note.GNU-stack
                0x0000000000000000        0x0 ../bin/obj/util.o
 .note.GNU-stack
                0x0000000000000000        0x0 ../bin/obj/errorHandl.o
 .note.GNU-stack
                0x0000000000000000        0x0 ../bin/obj/keyboard.o
 .note.GNU-stack
                0x0000000000000000        0x0 ../bin/obj/memory.o
 .note.GNU-stack
                0x0000000000000000        0x0 ../bin/obj/pci.o
 .note.GNU-stack
                0x0000000000000000        0x0 ../bin/obj/ahci.o
 .note.GNU-stack
                0x0000000000000000        0x0 ../bin/obj/ATA.o
 .note.GNU-stack
                0x0000000000000000        0x0 ../bin/obj/fat.o
 .note.GNU-stack
                0x0000000000000000        0x0 ../bin/obj/hdd.o
 .note.GNU-stack
                0x0000000000000000        0x0 ../bin/obj/iso.o
 .note.GNU-stack
                0x0000000000000000        0x0 ../bin/obj/DRVhandl.o
 .note.GNU-stack
                0x0000000000000000        0x0 ../bin/obj/multitasking.o
 .note.GNU-stack
                0x0000000000000000        0x0 ../bin/obj/v86c.o
 .note.GNU-stack
                0x0000000000000000        0x0 ../bin/obj/vesa.o
