
Allocating common symbols
Common symbol       size              file

BPB                 0x4               ../bin/obj/kc.o
prdt                0x4               ../bin/obj/ATA.o
before_int_ax       0x2               ../bin/obj/isr.o
tckcounter          0x1               ../bin/obj/isr.o
tasks               0x384             ../bin/obj/kc.o
systeminfo          0x68              ../bin/obj/kc.o
pci_device_info     0x28000           ../bin/obj/kc.o
screen              0x4               ../bin/obj/vesa.o
int_stack           0x4               ../bin/obj/isr.o
buff                0x100             ../bin/obj/keyboard.o
mem_table           0x40000           ../bin/obj/memory.o
tss                 0x68              ../bin/obj/gdt.o
VendorID            0x4               ../bin/obj/cpu.o
cpuvend             0x4               ../bin/obj/cpu.o
current_vid_mode_inf
                    0x4               ../bin/obj/kc.o
last_interrupt      0x1               ../bin/obj/isr.o
segments            0x4               ../bin/obj/kc.o
before_int_di       0x2               ../bin/obj/isr.o
vfs_info            0xc               ../bin/obj/kc.o
counter             0x2               ../bin/obj/isr.o
BMR                 0x4               ../bin/obj/ATA.o
pci_devices         0x600             ../bin/obj/kc.o
devices             0x80              ../bin/obj/kc.o
MEM_MAX             0x4               ../bin/obj/memory.o
ROOTDIR             0x4               ../bin/obj/fat.o
abar                0x4               ../bin/obj/kc.o

Discarded input sections

 .group         0x0000000000000000        0x8 ../bin/obj/kc.o
 .group         0x0000000000000000        0x8 ../bin/obj/sys.o
 .group         0x0000000000000000        0x8 ../bin/obj/screen.o
 .group         0x0000000000000000        0x8 ../bin/obj/screen.o
 .text.__x86.get_pc_thunk.ax
                0x0000000000000000        0x4 ../bin/obj/screen.o
 .text.__x86.get_pc_thunk.bx
                0x0000000000000000        0x4 ../bin/obj/screen.o
 .group         0x0000000000000000        0x8 ../bin/obj/gdt.o
 .group         0x0000000000000000        0x8 ../bin/obj/gdt.o
 .text.__x86.get_pc_thunk.ax
                0x0000000000000000        0x4 ../bin/obj/gdt.o
 .text.__x86.get_pc_thunk.bx
                0x0000000000000000        0x4 ../bin/obj/gdt.o
 .group         0x0000000000000000        0x8 ../bin/obj/hardw.o
 .group         0x0000000000000000        0x8 ../bin/obj/hardw.o
 .text.__x86.get_pc_thunk.ax
                0x0000000000000000        0x4 ../bin/obj/hardw.o
 .text.__x86.get_pc_thunk.bx
                0x0000000000000000        0x4 ../bin/obj/hardw.o
 .group         0x0000000000000000        0x8 ../bin/obj/cpu.o
 .group         0x0000000000000000        0x8 ../bin/obj/cpu.o
 .text.__x86.get_pc_thunk.ax
                0x0000000000000000        0x4 ../bin/obj/cpu.o
 .text.__x86.get_pc_thunk.bx
                0x0000000000000000        0x4 ../bin/obj/cpu.o
 .group         0x0000000000000000        0x8 ../bin/obj/isr.o
 .group         0x0000000000000000        0x8 ../bin/obj/isr.o
 .text.__x86.get_pc_thunk.ax
                0x0000000000000000        0x4 ../bin/obj/isr.o
 .text.__x86.get_pc_thunk.bx
                0x0000000000000000        0x4 ../bin/obj/isr.o
 .group         0x0000000000000000        0x8 ../bin/obj/util.o
 .group         0x0000000000000000        0x8 ../bin/obj/util.o
 .text.__x86.get_pc_thunk.ax
                0x0000000000000000        0x4 ../bin/obj/util.o
 .text.__x86.get_pc_thunk.bx
                0x0000000000000000        0x4 ../bin/obj/util.o
 .group         0x0000000000000000        0x8 ../bin/obj/errorHandl.o
 .text.__x86.get_pc_thunk.bx
                0x0000000000000000        0x4 ../bin/obj/errorHandl.o
 .group         0x0000000000000000        0x8 ../bin/obj/keyboard.o
 .group         0x0000000000000000        0x8 ../bin/obj/keyboard.o
 .text.__x86.get_pc_thunk.ax
                0x0000000000000000        0x4 ../bin/obj/keyboard.o
 .text.__x86.get_pc_thunk.bx
                0x0000000000000000        0x4 ../bin/obj/keyboard.o
 .group         0x0000000000000000        0x8 ../bin/obj/memory.o
 .text.__x86.get_pc_thunk.ax
                0x0000000000000000        0x4 ../bin/obj/memory.o
 .group         0x0000000000000000        0x8 ../bin/obj/pci.o
 .group         0x0000000000000000        0x8 ../bin/obj/pci.o
 .group         0x0000000000000000        0x8 ../bin/obj/pci.o
 .text.__x86.get_pc_thunk.ax
                0x0000000000000000        0x4 ../bin/obj/pci.o
 .text.__x86.get_pc_thunk.bx
                0x0000000000000000        0x4 ../bin/obj/pci.o
 .group         0x0000000000000000        0x8 ../bin/obj/ahci.o
 .group         0x0000000000000000        0x8 ../bin/obj/ahci.o
 .text.__x86.get_pc_thunk.ax
                0x0000000000000000        0x4 ../bin/obj/ahci.o
 .text.__x86.get_pc_thunk.bx
                0x0000000000000000        0x4 ../bin/obj/ahci.o
 .group         0x0000000000000000        0x8 ../bin/obj/ATA.o
 .group         0x0000000000000000        0x8 ../bin/obj/ATA.o
 .text.__x86.get_pc_thunk.ax
                0x0000000000000000        0x4 ../bin/obj/ATA.o
 .text.__x86.get_pc_thunk.bx
                0x0000000000000000        0x4 ../bin/obj/ATA.o
 .group         0x0000000000000000        0x8 ../bin/obj/fat.o
 .group         0x0000000000000000        0x8 ../bin/obj/fat.o
 .text.__x86.get_pc_thunk.ax
                0x0000000000000000        0x4 ../bin/obj/fat.o
 .text.__x86.get_pc_thunk.bx
                0x0000000000000000        0x4 ../bin/obj/fat.o
 .group         0x0000000000000000        0x8 ../bin/obj/hdd.o
 .text.__x86.get_pc_thunk.bx
                0x0000000000000000        0x4 ../bin/obj/hdd.o
 .group         0x0000000000000000        0x8 ../bin/obj/iso.o
 .text.__x86.get_pc_thunk.ax
                0x0000000000000000        0x4 ../bin/obj/iso.o
 .group         0x0000000000000000        0x8 ../bin/obj/DRVhandl.o
 .group         0x0000000000000000        0x8 ../bin/obj/DRVhandl.o
 .text.__x86.get_pc_thunk.ax
                0x0000000000000000        0x4 ../bin/obj/DRVhandl.o
 .text.__x86.get_pc_thunk.bx
                0x0000000000000000        0x4 ../bin/obj/DRVhandl.o
 .group         0x0000000000000000        0x8 ../bin/obj/multitasking.o
 .group         0x0000000000000000        0x8 ../bin/obj/multitasking.o
 .group         0x0000000000000000        0x8 ../bin/obj/multitasking.o
 .text.__x86.get_pc_thunk.ax
                0x0000000000000000        0x4 ../bin/obj/multitasking.o
 .text.__x86.get_pc_thunk.dx
                0x0000000000000000        0x4 ../bin/obj/multitasking.o
 .text.__x86.get_pc_thunk.bx
                0x0000000000000000        0x4 ../bin/obj/multitasking.o
 .group         0x0000000000000000        0x8 ../bin/obj/v86c.o
 .text.__x86.get_pc_thunk.ax
                0x0000000000000000        0x4 ../bin/obj/v86c.o
 .group         0x0000000000000000        0x8 ../bin/obj/vesa.o
 .group         0x0000000000000000        0x8 ../bin/obj/vesa.o
 .text.__x86.get_pc_thunk.ax
                0x0000000000000000        0x4 ../bin/obj/vesa.o
 .text.__x86.get_pc_thunk.bx
                0x0000000000000000        0x4 ../bin/obj/vesa.o

Memory Configuration

Name             Origin             Length             Attributes
*default*        0x0000000000000000 0xffffffffffffffff

Linker script and memory map

                0x0000000000200000                . = 0x200000

.text           0x0000000000200000     0x8d38
 *(.text)
 .text          0x0000000000200000     0x20ad ../bin/obj/kasm.o
                0x000000000020000c                start
                0x0000000000200021                paging
 .text          0x00000000002020ad      0x1e0 ../bin/obj/kc.o
                0x00000000002020ad                main
                0x00000000002021e0                kernel_version
 .text          0x000000000020228d      0x157 ../bin/obj/sys.o
                0x000000000020228d                inb
                0x00000000002022b4                inw
                0x00000000002022dd                outb
                0x0000000000202308                outw
                0x0000000000202333                outl
                0x0000000000202355                inl
                0x000000000020237b                sysinlong
                0x00000000002023a1                outsw
 .text          0x00000000002023e4      0x734 ../bin/obj/screen.o
                0x00000000002023e4                updCurs
                0x000000000020246d                setcolor
                0x0000000000202486                trace
                0x0000000000202588                putchar
                0x00000000002026f8                TextModeVideoMemDump
                0x000000000020273d                print
                0x000000000020279f                printline
                0x000000000020281e                linecheck
                0x0000000000202853                clearl
                0x00000000002028ff                clearscr
                0x000000000020294d                scroll
                0x0000000000202a51                disablecursor
                0x0000000000202a8d                paintscr
 .text          0x0000000000202b18      0x247 ../bin/obj/gdt.o
                0x0000000000202b18                Prep_TSS
                0x0000000000202bb7                TSS_update_stack
                0x0000000000202be6                GDT
 *fill*         0x0000000000202d5f        0x1 
 .text          0x0000000000202d60       0x36 ../bin/obj/gdtasm.o
                0x0000000000202d60                gdt_set32
                0x0000000000202d92                CRzero
 .text          0x0000000000202d96      0x5d6 ../bin/obj/hardw.o
                0x0000000000202d96                setints
                0x0000000000202ddf                IRQclrmsk
                0x0000000000202e55                IRQclrallmsks
                0x0000000000202e8e                IRQmskall
                0x0000000000202ef0                IRQdisableall
                0x0000000000202f2c                IRQsetmsk
                0x0000000000202fa0                initpics
                0x0000000000203084                inthndld
                0x00000000002030c9                PIC_remap
                0x00000000002031b2                PIT_init
                0x000000000020320b                inita20
                0x00000000002032a9                DetectSpeed
                0x0000000000203311                keybsndcom
                0x0000000000203342                keybwait
 .text          0x000000000020336c      0x12a ../bin/obj/cpu.o
                0x000000000020336c                idtent
                0x000000000020339a                setidt
                0x00000000002033f0                CPUID
                0x000000000020341e                IDT_add
                0x000000000020347b                cpuSetMSR
 .text          0x0000000000203496      0x85b ../bin/obj/isr.o
                0x0000000000203496                isrinst
                0x00000000002035f3                isr0c
                0x000000000020362c                isr1c
                0x0000000000203675                isr3c
                0x00000000002036a1                isr4c
                0x00000000002036b3                isr7c
                0x00000000002036fa                isr8c
                0x0000000000203721                isr11c
                0x000000000020374c                isr12c
                0x0000000000203778                isr13c
                0x0000000000203b37                isr14c
                0x0000000000203b62                isr15
                0x0000000000203b8e                isr20c
                0x0000000000203bdf                isr21c
                0x0000000000203c34                isr2cc
                0x0000000000203c6d                isr30c
                0x0000000000203ca6                isr47c
 .text          0x0000000000203cf1      0x61f ../bin/obj/util.o
                0x0000000000203cf1                getBYTE
                0x0000000000203d26                getWORD
                0x0000000000203d5c                eqlstr
                0x0000000000203de0                sleep
                0x0000000000203e21                timer_start
                0x0000000000203e40                timer_end
                0x0000000000203e6e                movestr
                0x0000000000203ee7                hasStr
                0x0000000000203f4b                hexstr
                0x0000000000203fb2                intstr
                0x0000000000204065                strlen
                0x0000000000204096                TransformUpLowUC
                0x0000000000204146                PartyChop
                0x0000000000204195                strtok
                0x00000000002041e6                strsep
                0x000000000020423e                strpbrk
 .text          0x0000000000204310        0xa ../bin/obj/idta.o
                0x0000000000204310                idt_set
 *fill*         0x000000000020431a        0x6 
 .text          0x0000000000204320       0xfa ../bin/obj/isra.o
                0x0000000000204320                isr0
                0x000000000020433c                isr1
                0x000000000020434a                isr3
                0x0000000000204354                isr4
                0x000000000020435c                isr7
                0x0000000000204365                isr8
                0x0000000000204373                isr9
                0x0000000000204374                isr10
                0x0000000000204377                isr11
                0x0000000000204388                isr13
                0x00000000002043c4                isr14
                0x00000000002043ce                isr20
                0x00000000002043f6                isr21
                0x00000000002043ff                isr2c
                0x0000000000204408                isr30
                0x0000000000204411                isr47
 *fill*         0x000000000020441a        0x6 
 .text          0x0000000000204420       0xfb ../bin/obj/asm.o
                0x0000000000204420                PIT_initasm
                0x000000000020442f                PIT_readcount
                0x0000000000204447                enable_A20
                0x0000000000204493                GetCPUVendor
                0x00000000002044ad                TLBflush
                0x00000000002044b7                getESP
                0x00000000002044c2                TSS_flush
                0x00000000002044ca                jmp_user_mode
                0x00000000002044f7                jmp_back_kernel
                0x000000000020450b                memory_set_stack
                0x0000000000204517                StackPointer
 .text          0x000000000020451b      0x48d ../bin/obj/errorHandl.o
                0x000000000020451b                kernel_panic
                0x000000000020461a                kernel_panic_dump
                0x0000000000204791                InitFail
                0x00000000002047f0                console_Warning
                0x0000000000204842                error
 .text          0x00000000002049a8      0x240 ../bin/obj/keyboard.o
                0x00000000002049a8                keybin
                0x00000000002049eb                putonscr
                0x0000000000204a04                IS_pressed
                0x0000000000204a37                hang_for_key
                0x0000000000204a62                InitKbrd
                0x0000000000204b18                ps2_mouse_init
 .text          0x0000000000204be8      0x3fd ../bin/obj/memory.o
                0x0000000000204be8                memory_init
                0x0000000000204c09                GRUB_GetMemInfo
                0x0000000000204cf0                malloc
                0x0000000000204e6f                demalloc
                0x0000000000204ed2                kmemset
                0x0000000000204f02                MemCopy
                0x0000000000204f57                strcopy
                0x0000000000204fa8                strncpy
 .text          0x0000000000204fe5      0x691 ../bin/obj/pci.o
                0x0000000000204fe5                pci_init
                0x00000000002051a9                pci_get_device
                0x0000000000205292                pci_get_val
                0x0000000000205333                GetPCIDevice
                0x00000000002054e2                pciConfigRead
                0x0000000000205588                pciConfigWrite
                0x000000000020562c                pciGetInterruptLine
 .text          0x0000000000205676      0x853 ../bin/obj/ahci.o
                0x0000000000205676                AHCI_init
                0x00000000002056f3                getBAR5
                0x0000000000205779                AHCI_setup_port
                0x00000000002057ab                search_drives
                0x0000000000205a29                port_rebase
                0x0000000000205b8b                start_cmd
                0x0000000000205bcd                stop_cmd
                0x0000000000205c23                Read_SATA
                0x0000000000205e43                find_cmdslot
 .text          0x0000000000205ec9      0xf1a ../bin/obj/ATA.o
                0x0000000000205ec9                ATA_init
                0x0000000000206149                ATAPI_init
                0x0000000000206162                ATAwait
                0x0000000000206195                ATAPI_CHECK
                0x00000000002062be                ATA_swreset
                0x0000000000206356                DRIVE_ERROR_DETECT
                0x00000000002063b0                nIEN_rs
                0x00000000002063f8                PIO_READ_ATA
                0x0000000000206592                PIO_WRITE_ATA
                0x0000000000206780                PIO_READ_ATAPI
                0x0000000000206a21                DMA_ATA_SETUP
                0x0000000000206b20                DMA_ATA_READ
                0x0000000000206c72                DMA_ATA_WRITE
                0x0000000000206d75                ATA_STANDARD
 .text          0x0000000000206de3      0xbf8 ../bin/obj/fat.o
                0x0000000000206de3                GetBootCodeFAT
                0x0000000000206e2a                FATinit
                0x0000000000206ed7                GetFile
                0x0000000000206f50                FindFile
                0x000000000020703e                FAT_Traverse
                0x00000000002070f2                fat_find_dir
                0x000000000020720f                FindNextDir
                0x0000000000207333                FAT32_WRITE_FILE
                0x0000000000207459                FAT32_DIRPREP
                0x0000000000207527                FAT32_Write_cluster
                0x0000000000207579                FAT32_READ_FILE
                0x00000000002075e5                FAT_cluster_LBA
                0x000000000020761d                FAT_read_table
                0x000000000020770b                ReadDir
                0x0000000000207872                FATFindFreeClusterChain
 .text          0x00000000002079db      0x261 ../bin/obj/hdd.o
                0x00000000002079db                get_drive_info
                0x0000000000207b9f                GetFirstSectLBA
 .text          0x0000000000207c3c       0x19 ../bin/obj/iso.o
                0x0000000000207c3c                iso_init
 .text          0x0000000000207c55      0x1f8 ../bin/obj/DRVhandl.o
                0x0000000000207c55                driver_type
                0x0000000000207c85                FindDriver
                0x0000000000207dcf                run_v86_driver
 *fill*         0x0000000000207e4d        0x3 
 .text          0x0000000000207e50       0x79 ../bin/obj/v86.o
                0x0000000000207e50                v86_enter
                0x0000000000207e8a                do_exor
                0x0000000000207e99                do_regs
                0x0000000000207eab                v86_ret
 .text          0x0000000000207ec9      0x880 ../bin/obj/multitasking.o
                0x0000000000207ec9                Task_Save_State
                0x0000000000207fd7                task_timeguard
                0x00000000002080ff                task_push_v86
                0x00000000002081d9                task_push
                0x00000000002082b4                task_pop
                0x0000000000208524                task_save
                0x0000000000208672                task_findnew
                0x00000000002086e6                task_internal_ret_from_interrupt
 .text          0x0000000000208749      0x142 ../bin/obj/v86c.o
                0x0000000000208749                v86_linear_to_sgoff
                0x0000000000208786                v86_sgoff_to_linear
                0x00000000002087bb                v86_interrupt
                0x0000000000208833                v86_save_state
 .text          0x000000000020888b      0x4ad ../bin/obj/vesa.o
                0x000000000020888b                vesa_init
                0x0000000000208979                vesa_findmode
                0x0000000000208c91                vesa_difference
                0x0000000000208ca6                vesa_put_pixel

.text.__x86.get_pc_thunk.bx
                0x0000000000208d38        0x4
 .text.__x86.get_pc_thunk.bx
                0x0000000000208d38        0x4 ../bin/obj/kc.o
                0x0000000000208d38                __x86.get_pc_thunk.bx

.text.__x86.get_pc_thunk.ax
                0x0000000000208d3c        0x4
 .text.__x86.get_pc_thunk.ax
                0x0000000000208d3c        0x4 ../bin/obj/sys.o
                0x0000000000208d3c                __x86.get_pc_thunk.ax

.text.__x86.get_pc_thunk.dx
                0x0000000000208d40        0x4
 .text.__x86.get_pc_thunk.dx
                0x0000000000208d40        0x4 ../bin/obj/pci.o
                0x0000000000208d40                __x86.get_pc_thunk.dx

.iplt           0x0000000000208d48        0x0
 .iplt          0x0000000000208d48        0x0 ../bin/obj/stack.o

.rodata         0x0000000000208d44      0x7d9
 .rodata        0x0000000000208d44       0x7d ../bin/obj/kc.o
 .rodata        0x0000000000208dc1        0x3 ../bin/obj/screen.o
                0x0000000000208dc1                height
                0x0000000000208dc2                width
                0x0000000000208dc3                depth
 .rodata        0x0000000000208dc4       0xc6 ../bin/obj/isr.o
 .rodata        0x0000000000208e8a       0x1b ../bin/obj/util.o
 *fill*         0x0000000000208ea5        0x3 
 .rodata        0x0000000000208ea8      0x430 ../bin/obj/errorHandl.o
 .rodata        0x00000000002092d8       0x23 ../bin/obj/keyboard.o
 .rodata        0x00000000002092fb       0x36 ../bin/obj/pci.o
 *fill*         0x0000000000209331        0x3 
 .rodata        0x0000000000209334       0x9a ../bin/obj/ahci.o
 .rodata        0x00000000002093ce       0xa1 ../bin/obj/ATA.o
 .rodata        0x000000000020946f        0xb ../bin/obj/fat.o
 .rodata        0x000000000020947a       0x11 ../bin/obj/hdd.o
 .rodata        0x000000000020948b       0x54 ../bin/obj/DRVhandl.o
 .rodata        0x00000000002094df       0x27 ../bin/obj/multitasking.o
 .rodata        0x0000000000209506       0x17 ../bin/obj/vesa.o

.eh_frame       0x0000000000209520     0x171c
 .eh_frame      0x0000000000209520       0x7c ../bin/obj/kc.o
 .eh_frame      0x000000000020959c      0x114 ../bin/obj/sys.o
                                        0x12c (size before relaxing)
 .eh_frame      0x00000000002096b0      0x1c8 ../bin/obj/screen.o
                                        0x208 (size before relaxing)
 .eh_frame      0x0000000000209878       0x8c ../bin/obj/gdt.o
                                         0xcc (size before relaxing)
 .eh_frame      0x0000000000209904      0x1fc ../bin/obj/hardw.o
                                        0x23c (size before relaxing)
 .eh_frame      0x0000000000209b00       0xa4 ../bin/obj/cpu.o
                                         0xe4 (size before relaxing)
 .eh_frame      0x0000000000209ba4      0x260 ../bin/obj/isr.o
                                        0x2a0 (size before relaxing)
 .eh_frame      0x0000000000209e04      0x22c ../bin/obj/util.o
                                        0x26c (size before relaxing)
 .eh_frame      0x000000000020a030       0xa4 ../bin/obj/errorHandl.o
                                         0xd0 (size before relaxing)
 .eh_frame      0x000000000020a0d4       0xc8 ../bin/obj/keyboard.o
                                        0x108 (size before relaxing)
 .eh_frame      0x000000000020a19c      0x10c ../bin/obj/memory.o
                                        0x138 (size before relaxing)
 .eh_frame      0x000000000020a2a8      0x128 ../bin/obj/pci.o
                                        0x168 (size before relaxing)
 .eh_frame      0x000000000020a3d0      0x160 ../bin/obj/ahci.o
                                        0x1a0 (size before relaxing)
 .eh_frame      0x000000000020a530      0x1f8 ../bin/obj/ATA.o
                                        0x238 (size before relaxing)
 .eh_frame      0x000000000020a728      0x228 ../bin/obj/fat.o
                                        0x268 (size before relaxing)
 .eh_frame      0x000000000020a950       0x48 ../bin/obj/hdd.o
                                         0x74 (size before relaxing)
 .eh_frame      0x000000000020a998       0x20 ../bin/obj/iso.o
                                         0x4c (size before relaxing)
 .eh_frame      0x000000000020a9b8       0x68 ../bin/obj/DRVhandl.o
                                         0xa8 (size before relaxing)
 .eh_frame      0x000000000020aa20      0x10c ../bin/obj/multitasking.o
                                        0x160 (size before relaxing)
 .eh_frame      0x000000000020ab2c       0x84 ../bin/obj/v86c.o
                                         0xb0 (size before relaxing)
 .eh_frame      0x000000000020abb0       0x8c ../bin/obj/vesa.o
                                         0xcc (size before relaxing)

.note.gnu.property
                0x000000000020ac3c       0x1c
 .note.gnu.property
                0x000000000020ac3c       0x1c ../bin/obj/stack.o

.rel.dyn        0x000000000020ac58        0x0
 .rel.got       0x000000000020ac58        0x0 ../bin/obj/stack.o
 .rel.iplt      0x000000000020ac58        0x0 ../bin/obj/stack.o
 .rel.text      0x000000000020ac58        0x0 ../bin/obj/stack.o
 .rel.data.rel  0x000000000020ac58        0x0 ../bin/obj/stack.o

.data           0x000000000020ac58       0x14
 *(.data)
 .data          0x000000000020ac58        0x0 ../bin/obj/kc.o
 .data          0x000000000020ac58        0x0 ../bin/obj/sys.o
 .data          0x000000000020ac58        0x4 ../bin/obj/screen.o
                0x000000000020ac58                color
 .data          0x000000000020ac5c        0x0 ../bin/obj/gdt.o
 .data          0x000000000020ac5c        0x4 ../bin/obj/hardw.o
                0x000000000020ac5c                CMOS_NMI_disable
 .data          0x000000000020ac60        0x0 ../bin/obj/cpu.o
 .data          0x000000000020ac60        0x0 ../bin/obj/isr.o
 .data          0x000000000020ac60        0x0 ../bin/obj/util.o
 .data          0x000000000020ac60        0x0 ../bin/obj/errorHandl.o
 .data          0x000000000020ac60        0x4 ../bin/obj/keyboard.o
                0x000000000020ac60                scancodeset
 .data          0x000000000020ac64        0x8 ../bin/obj/memory.o
                0x000000000020ac64                MEM_start
                0x000000000020ac68                mem_table_entry
 .data          0x000000000020ac6c        0x0 ../bin/obj/pci.o
 .data          0x000000000020ac6c        0x0 ../bin/obj/ahci.o
 .data          0x000000000020ac6c        0x0 ../bin/obj/ATA.o
 .data          0x000000000020ac6c        0x0 ../bin/obj/fat.o
 .data          0x000000000020ac6c        0x0 ../bin/obj/hdd.o
 .data          0x000000000020ac6c        0x0 ../bin/obj/iso.o
 .data          0x000000000020ac6c        0x0 ../bin/obj/DRVhandl.o
 .data          0x000000000020ac6c        0x0 ../bin/obj/multitasking.o
 .data          0x000000000020ac6c        0x0 ../bin/obj/v86c.o
 .data          0x000000000020ac6c        0x0 ../bin/obj/vesa.o

.data.rel       0x000000000020ac6c        0x4
 .data.rel      0x000000000020ac6c        0x4 ../bin/obj/keyboard.o
                0x000000000020ac6c                kbrdbfr

.data.rel.local
                0x000000000020ac70        0xc
 .data.rel.local
                0x000000000020ac70        0xc ../bin/obj/DRVhandl.o
                0x000000000020ac70                UNKOWN
                0x000000000020ac74                EMPTY
                0x000000000020ac78                VESA

.got            0x000000000020ac7c        0x0
 .got           0x000000000020ac7c        0x0 ../bin/obj/stack.o

.got.plt        0x000000000020ac7c        0xc
 .got.plt       0x000000000020ac7c        0xc ../bin/obj/stack.o
                0x000000000020ac7c                _GLOBAL_OFFSET_TABLE_

.igot.plt       0x000000000020ac88        0x0
 .igot.plt      0x000000000020ac88        0x0 ../bin/obj/stack.o

.bss            0x000000000020aca0    0x6a614
 *(.bss)
 .bss           0x000000000020aca0        0xc ../bin/obj/kc.o
                0x000000000020aca0                KERNEL_FLAGS
 .bss           0x000000000020acac        0x0 ../bin/obj/sys.o
 .bss           0x000000000020acac       0x10 ../bin/obj/screen.o
                0x000000000020acac                cursorX
                0x000000000020acb0                cursorY
 *fill*         0x000000000020acbc        0x4 
 .bss           0x000000000020acc0       0x5e ../bin/obj/gdt.o
 *fill*         0x000000000020ad1e        0x2 
 .bss           0x000000000020ad20        0x8 ../bin/obj/hardw.o
 *fill*         0x000000000020ad28       0x18 
 .bss           0x000000000020ad40      0x826 ../bin/obj/cpu.o
 *fill*         0x000000000020b566        0x2 
 .bss           0x000000000020b568        0xc ../bin/obj/isr.o
                0x000000000020b568                sec
 .bss           0x000000000020b574       0x10 ../bin/obj/util.o
 .bss           0x000000000020b584        0x8 ../bin/obj/errorHandl.o
 .bss           0x000000000020b58c       0x1c ../bin/obj/keyboard.o
                0x000000000020b58c                enter
                0x000000000020b590                bEnterPause
                0x000000000020b594                boolsk3
                0x000000000020b598                noreturn
                0x000000000020b59c                shift
 .bss           0x000000000020b5a8        0x8 ../bin/obj/memory.o
 .bss           0x000000000020b5b0        0x8 ../bin/obj/pci.o
 .bss           0x000000000020b5b8        0x8 ../bin/obj/ahci.o
 .bss           0x000000000020b5c0        0x8 ../bin/obj/ATA.o
 .bss           0x000000000020b5c8       0x10 ../bin/obj/fat.o
 .bss           0x000000000020b5d8        0x8 ../bin/obj/hdd.o
 .bss           0x000000000020b5e0        0x8 ../bin/obj/iso.o
 .bss           0x000000000020b5e8        0x8 ../bin/obj/DRVhandl.o
 .bss           0x000000000020b5f0        0xd ../bin/obj/multitasking.o
                0x000000000020b5f0                CurrentTasks
 *fill*         0x000000000020b5fd        0x3 
 .bss           0x000000000020b600        0x8 ../bin/obj/v86c.o
 .bss           0x000000000020b608        0x8 ../bin/obj/vesa.o
 .bss           0x000000000020b610     0x1000 ../bin/obj/stack.o
                0x000000000020b610                stack
                0x000000000020c610                end_stack
 *fill*         0x000000000020c610       0x10 
 COMMON         0x000000000020c620    0x28ae4 ../bin/obj/kc.o
                0x000000000020c620                BPB
                0x000000000020c640                tasks
                0x000000000020c9e0                systeminfo
                0x000000000020ca60                pci_device_info
                0x0000000000234a60                current_vid_mode_inf
                0x0000000000234a64                segments
                0x0000000000234a68                vfs_info
                0x0000000000234a80                pci_devices
                0x0000000000235080                devices
                0x0000000000235100                abar
 *fill*         0x0000000000235104       0x1c 
 COMMON         0x0000000000235120       0x68 ../bin/obj/gdt.o
                0x0000000000235120                tss
 COMMON         0x0000000000235188        0x8 ../bin/obj/cpu.o
                0x0000000000235188                VendorID
                0x000000000023518c                cpuvend
 COMMON         0x0000000000235190        0xe ../bin/obj/isr.o
                0x0000000000235190                before_int_ax
                0x0000000000235192                tckcounter
                0x0000000000235194                int_stack
                0x0000000000235198                last_interrupt
                0x000000000023519a                before_int_di
                0x000000000023519c                counter
 *fill*         0x000000000023519e        0x2 
 COMMON         0x00000000002351a0      0x100 ../bin/obj/keyboard.o
                0x00000000002351a0                buff
 COMMON         0x00000000002352a0    0x40004 ../bin/obj/memory.o
                0x00000000002352a0                mem_table
                0x00000000002752a0                MEM_MAX
 COMMON         0x00000000002752a4        0x8 ../bin/obj/ATA.o
                0x00000000002752a4                prdt
                0x00000000002752a8                BMR
 COMMON         0x00000000002752ac        0x4 ../bin/obj/fat.o
                0x00000000002752ac                ROOTDIR
 COMMON         0x00000000002752b0        0x4 ../bin/obj/vesa.o
                0x00000000002752b0                screen
LOAD ../bin/obj/kasm.o
LOAD ../bin/obj/kc.o
LOAD ../bin/obj/sys.o
LOAD ../bin/obj/screen.o
LOAD ../bin/obj/gdt.o
LOAD ../bin/obj/gdtasm.o
LOAD ../bin/obj/hardw.o
LOAD ../bin/obj/cpu.o
LOAD ../bin/obj/isr.o
LOAD ../bin/obj/util.o
LOAD ../bin/obj/idta.o
LOAD ../bin/obj/isra.o
LOAD ../bin/obj/asm.o
LOAD ../bin/obj/errorHandl.o
LOAD ../bin/obj/keyboard.o
LOAD ../bin/obj/memory.o
LOAD ../bin/obj/pci.o
LOAD ../bin/obj/ahci.o
LOAD ../bin/obj/ATA.o
LOAD ../bin/obj/fat.o
LOAD ../bin/obj/hdd.o
LOAD ../bin/obj/iso.o
LOAD ../bin/obj/DRVhandl.o
LOAD ../bin/obj/v86.o
LOAD ../bin/obj/multitasking.o
LOAD ../bin/obj/v86c.o
LOAD ../bin/obj/vesa.o
LOAD ../bin/obj/stack.o
OUTPUT(../bin/kernel/kernel.sys elf32-i386)

.comment        0x0000000000000000       0x29
 .comment       0x0000000000000000       0x29 ../bin/obj/kc.o
                                         0x2a (size before relaxing)
 .comment       0x0000000000000029       0x2a ../bin/obj/sys.o
 .comment       0x0000000000000029       0x2a ../bin/obj/screen.o
 .comment       0x0000000000000029       0x2a ../bin/obj/gdt.o
 .comment       0x0000000000000029       0x2a ../bin/obj/hardw.o
 .comment       0x0000000000000029       0x2a ../bin/obj/cpu.o
 .comment       0x0000000000000029       0x2a ../bin/obj/isr.o
 .comment       0x0000000000000029       0x2a ../bin/obj/util.o
 .comment       0x0000000000000029       0x2a ../bin/obj/errorHandl.o
 .comment       0x0000000000000029       0x2a ../bin/obj/keyboard.o
 .comment       0x0000000000000029       0x2a ../bin/obj/memory.o
 .comment       0x0000000000000029       0x2a ../bin/obj/pci.o
 .comment       0x0000000000000029       0x2a ../bin/obj/ahci.o
 .comment       0x0000000000000029       0x2a ../bin/obj/ATA.o
 .comment       0x0000000000000029       0x2a ../bin/obj/fat.o
 .comment       0x0000000000000029       0x2a ../bin/obj/hdd.o
 .comment       0x0000000000000029       0x2a ../bin/obj/iso.o
 .comment       0x0000000000000029       0x2a ../bin/obj/DRVhandl.o
 .comment       0x0000000000000029       0x2a ../bin/obj/multitasking.o
 .comment       0x0000000000000029       0x2a ../bin/obj/v86c.o
 .comment       0x0000000000000029       0x2a ../bin/obj/vesa.o

.note.GNU-stack
                0x0000000000000000        0x0
 .note.GNU-stack
                0x0000000000000000        0x0 ../bin/obj/kc.o
 .note.GNU-stack
                0x0000000000000000        0x0 ../bin/obj/sys.o
 .note.GNU-stack
                0x0000000000000000        0x0 ../bin/obj/screen.o
 .note.GNU-stack
                0x0000000000000000        0x0 ../bin/obj/gdt.o
 .note.GNU-stack
                0x0000000000000000        0x0 ../bin/obj/hardw.o
 .note.GNU-stack
                0x0000000000000000        0x0 ../bin/obj/cpu.o
 .note.GNU-stack
                0x0000000000000000        0x0 ../bin/obj/isr.o
 .note.GNU-stack
                0x0000000000000000        0x0 ../bin/obj/util.o
 .note.GNU-stack
                0x0000000000000000        0x0 ../bin/obj/errorHandl.o
 .note.GNU-stack
                0x0000000000000000        0x0 ../bin/obj/keyboard.o
 .note.GNU-stack
                0x0000000000000000        0x0 ../bin/obj/memory.o
 .note.GNU-stack
                0x0000000000000000        0x0 ../bin/obj/pci.o
 .note.GNU-stack
                0x0000000000000000        0x0 ../bin/obj/ahci.o
 .note.GNU-stack
                0x0000000000000000        0x0 ../bin/obj/ATA.o
 .note.GNU-stack
                0x0000000000000000        0x0 ../bin/obj/fat.o
 .note.GNU-stack
                0x0000000000000000        0x0 ../bin/obj/hdd.o
 .note.GNU-stack
                0x0000000000000000        0x0 ../bin/obj/iso.o
 .note.GNU-stack
                0x0000000000000000        0x0 ../bin/obj/DRVhandl.o
 .note.GNU-stack
                0x0000000000000000        0x0 ../bin/obj/multitasking.o
 .note.GNU-stack
                0x0000000000000000        0x0 ../bin/obj/v86c.o
 .note.GNU-stack
                0x0000000000000000        0x0 ../bin/obj/vesa.o
