
Allocating common symbols
Common symbol       size              file

BPB                 0x4               ../bin/obj/kc.o
prdt                0x4               ../bin/obj/ATA.o
before_int_ax       0x2               ../bin/obj/isr.o
tckcounter          0x1               ../bin/obj/isr.o
tasks               0x294             ../bin/obj/kc.o
systeminfo          0x68              ../bin/obj/kc.o
pci_device_info     0x28000           ../bin/obj/kc.o
int_stack           0x4               ../bin/obj/isr.o
buff                0x100             ../bin/obj/keyboard.o
mem_table           0x40000           ../bin/obj/memory.o
tss                 0x68              ../bin/obj/gdt.o
VendorID            0x4               ../bin/obj/cpu.o
cpuvend             0x4               ../bin/obj/cpu.o
last_interrupt      0x1               ../bin/obj/isr.o
segments            0x4               ../bin/obj/kc.o
before_int_di       0x2               ../bin/obj/isr.o
vfs_info            0xc               ../bin/obj/kc.o
counter             0x2               ../bin/obj/isr.o
BMR                 0x4               ../bin/obj/ATA.o
devices             0x80              ../bin/obj/kc.o
MEM_MAX             0x4               ../bin/obj/memory.o
ROOTDIR             0x4               ../bin/obj/fat.o
abar                0x4               ../bin/obj/kc.o

Discarded input sections

 .group         0x0000000000000000        0x8 ../bin/obj/kc.o
 .group         0x0000000000000000        0x8 ../bin/obj/sys.o
 .group         0x0000000000000000        0x8 ../bin/obj/screen.o
 .group         0x0000000000000000        0x8 ../bin/obj/screen.o
 .text.__x86.get_pc_thunk.ax
                0x0000000000000000        0x4 ../bin/obj/screen.o
 .text.__x86.get_pc_thunk.bx
                0x0000000000000000        0x4 ../bin/obj/screen.o
 .group         0x0000000000000000        0x8 ../bin/obj/gdt.o
 .group         0x0000000000000000        0x8 ../bin/obj/gdt.o
 .text.__x86.get_pc_thunk.ax
                0x0000000000000000        0x4 ../bin/obj/gdt.o
 .text.__x86.get_pc_thunk.bx
                0x0000000000000000        0x4 ../bin/obj/gdt.o
 .group         0x0000000000000000        0x8 ../bin/obj/hardw.o
 .group         0x0000000000000000        0x8 ../bin/obj/hardw.o
 .text.__x86.get_pc_thunk.ax
                0x0000000000000000        0x4 ../bin/obj/hardw.o
 .text.__x86.get_pc_thunk.bx
                0x0000000000000000        0x4 ../bin/obj/hardw.o
 .group         0x0000000000000000        0x8 ../bin/obj/cpu.o
 .group         0x0000000000000000        0x8 ../bin/obj/cpu.o
 .text.__x86.get_pc_thunk.ax
                0x0000000000000000        0x4 ../bin/obj/cpu.o
 .text.__x86.get_pc_thunk.bx
                0x0000000000000000        0x4 ../bin/obj/cpu.o
 .group         0x0000000000000000        0x8 ../bin/obj/isr.o
 .group         0x0000000000000000        0x8 ../bin/obj/isr.o
 .text.__x86.get_pc_thunk.ax
                0x0000000000000000        0x4 ../bin/obj/isr.o
 .text.__x86.get_pc_thunk.bx
                0x0000000000000000        0x4 ../bin/obj/isr.o
 .group         0x0000000000000000        0x8 ../bin/obj/util.o
 .group         0x0000000000000000        0x8 ../bin/obj/util.o
 .text.__x86.get_pc_thunk.ax
                0x0000000000000000        0x4 ../bin/obj/util.o
 .text.__x86.get_pc_thunk.bx
                0x0000000000000000        0x4 ../bin/obj/util.o
 .group         0x0000000000000000        0x8 ../bin/obj/errorHandl.o
 .text.__x86.get_pc_thunk.bx
                0x0000000000000000        0x4 ../bin/obj/errorHandl.o
 .group         0x0000000000000000        0x8 ../bin/obj/keyboard.o
 .group         0x0000000000000000        0x8 ../bin/obj/keyboard.o
 .text.__x86.get_pc_thunk.ax
                0x0000000000000000        0x4 ../bin/obj/keyboard.o
 .text.__x86.get_pc_thunk.bx
                0x0000000000000000        0x4 ../bin/obj/keyboard.o
 .group         0x0000000000000000        0x8 ../bin/obj/memory.o
 .text.__x86.get_pc_thunk.ax
                0x0000000000000000        0x4 ../bin/obj/memory.o
 .group         0x0000000000000000        0x8 ../bin/obj/pci.o
 .group         0x0000000000000000        0x8 ../bin/obj/pci.o
 .text.__x86.get_pc_thunk.ax
                0x0000000000000000        0x4 ../bin/obj/pci.o
 .text.__x86.get_pc_thunk.bx
                0x0000000000000000        0x4 ../bin/obj/pci.o
 .group         0x0000000000000000        0x8 ../bin/obj/ahci.o
 .group         0x0000000000000000        0x8 ../bin/obj/ahci.o
 .text.__x86.get_pc_thunk.ax
                0x0000000000000000        0x4 ../bin/obj/ahci.o
 .text.__x86.get_pc_thunk.bx
                0x0000000000000000        0x4 ../bin/obj/ahci.o
 .group         0x0000000000000000        0x8 ../bin/obj/ATA.o
 .group         0x0000000000000000        0x8 ../bin/obj/ATA.o
 .text.__x86.get_pc_thunk.ax
                0x0000000000000000        0x4 ../bin/obj/ATA.o
 .text.__x86.get_pc_thunk.bx
                0x0000000000000000        0x4 ../bin/obj/ATA.o
 .group         0x0000000000000000        0x8 ../bin/obj/fat.o
 .group         0x0000000000000000        0x8 ../bin/obj/fat.o
 .text.__x86.get_pc_thunk.ax
                0x0000000000000000        0x4 ../bin/obj/fat.o
 .text.__x86.get_pc_thunk.bx
                0x0000000000000000        0x4 ../bin/obj/fat.o
 .group         0x0000000000000000        0x8 ../bin/obj/hdd.o
 .text.__x86.get_pc_thunk.bx
                0x0000000000000000        0x4 ../bin/obj/hdd.o
 .group         0x0000000000000000        0x8 ../bin/obj/iso.o
 .text.__x86.get_pc_thunk.ax
                0x0000000000000000        0x4 ../bin/obj/iso.o
 .group         0x0000000000000000        0x8 ../bin/obj/DRVhandl.o
 .group         0x0000000000000000        0x8 ../bin/obj/DRVhandl.o
 .text.__x86.get_pc_thunk.ax
                0x0000000000000000        0x4 ../bin/obj/DRVhandl.o
 .text.__x86.get_pc_thunk.bx
                0x0000000000000000        0x4 ../bin/obj/DRVhandl.o
 .group         0x0000000000000000        0x8 ../bin/obj/multitasking.o
 .group         0x0000000000000000        0x8 ../bin/obj/multitasking.o
 .group         0x0000000000000000        0x8 ../bin/obj/multitasking.o
 .text.__x86.get_pc_thunk.ax
                0x0000000000000000        0x4 ../bin/obj/multitasking.o
 .text.__x86.get_pc_thunk.bx
                0x0000000000000000        0x4 ../bin/obj/multitasking.o
 .group         0x0000000000000000        0x8 ../bin/obj/v86c.o
 .group         0x0000000000000000        0x8 ../bin/obj/v86c.o
 .text.__x86.get_pc_thunk.ax
                0x0000000000000000        0x4 ../bin/obj/v86c.o
 .text.__x86.get_pc_thunk.bx
                0x0000000000000000        0x4 ../bin/obj/v86c.o
 .group         0x0000000000000000        0x8 ../bin/obj/vesa.o
 .group         0x0000000000000000        0x8 ../bin/obj/vesa.o
 .text.__x86.get_pc_thunk.ax
                0x0000000000000000        0x4 ../bin/obj/vesa.o
 .text.__x86.get_pc_thunk.bx
                0x0000000000000000        0x4 ../bin/obj/vesa.o

Memory Configuration

Name             Origin             Length             Attributes
*default*        0x0000000000000000 0xffffffffffffffff

Linker script and memory map

                0x0000000000200000                . = 0x200000

.text           0x0000000000200000     0x85c1
 *(.text)
 .text          0x0000000000200000     0x20ad ../bin/obj/kasm.o
                0x000000000020000c                start
                0x0000000000200021                paging
 .text          0x00000000002020ad      0x237 ../bin/obj/kc.o
                0x00000000002020ad                main
                0x0000000000202237                kernel_version
 .text          0x00000000002022e4      0x157 ../bin/obj/sys.o
                0x00000000002022e4                inb
                0x000000000020230b                inw
                0x0000000000202334                outb
                0x000000000020235f                outw
                0x000000000020238a                outl
                0x00000000002023ac                inl
                0x00000000002023d2                sysinlong
                0x00000000002023f8                outsw
 .text          0x000000000020243b      0x734 ../bin/obj/screen.o
                0x000000000020243b                updCurs
                0x00000000002024c4                setcolor
                0x00000000002024dd                trace
                0x00000000002025df                putchar
                0x000000000020274f                TextModeVideoMemDump
                0x0000000000202794                print
                0x00000000002027f6                printline
                0x0000000000202875                linecheck
                0x00000000002028aa                clearl
                0x0000000000202956                clearscr
                0x00000000002029a4                scroll
                0x0000000000202aa8                disablecursor
                0x0000000000202ae4                paintscr
 .text          0x0000000000202b6f      0x247 ../bin/obj/gdt.o
                0x0000000000202b6f                Prep_TSS
                0x0000000000202c0e                TSS_update_stack
                0x0000000000202c3d                GDT
 *fill*         0x0000000000202db6        0xa 
 .text          0x0000000000202dc0       0x36 ../bin/obj/gdtasm.o
                0x0000000000202dc0                gdt_set32
                0x0000000000202df2                CRzero
 .text          0x0000000000202df6      0x5d6 ../bin/obj/hardw.o
                0x0000000000202df6                setints
                0x0000000000202e3f                IRQclrmsk
                0x0000000000202eb5                IRQclrallmsks
                0x0000000000202eee                IRQmskall
                0x0000000000202f50                IRQdisableall
                0x0000000000202f8c                IRQsetmsk
                0x0000000000203000                initpics
                0x00000000002030e4                inthndld
                0x0000000000203129                PIC_remap
                0x0000000000203212                PIT_init
                0x000000000020326b                inita20
                0x0000000000203309                DetectSpeed
                0x0000000000203371                keybsndcom
                0x00000000002033a2                keybwait
 .text          0x00000000002033cc      0x12a ../bin/obj/cpu.o
                0x00000000002033cc                idtent
                0x00000000002033fa                setidt
                0x0000000000203450                CPUID
                0x000000000020347e                IDT_add
                0x00000000002034db                cpuSetMSR
 .text          0x00000000002034f6      0x7b5 ../bin/obj/isr.o
                0x00000000002034f6                isrinst
                0x000000000020363f                isr0c
                0x0000000000203678                isr1c
                0x00000000002036c1                isr3c
                0x00000000002036ed                isr4c
                0x00000000002036ff                isr7c
                0x0000000000203746                isr8c
                0x000000000020376d                isr11c
                0x0000000000203798                isr12c
                0x00000000002037c4                isr13c
                0x0000000000203b2a                isr14c
                0x0000000000203b55                isr15
                0x0000000000203b81                isr20c
                0x0000000000203bd2                isr21c
                0x0000000000203c27                isr30c
                0x0000000000203c60                isr47c
 .text          0x0000000000203cab      0x61f ../bin/obj/util.o
                0x0000000000203cab                getBYTE
                0x0000000000203ce0                getWORD
                0x0000000000203d16                eqlstr
                0x0000000000203d9a                sleep
                0x0000000000203ddb                timer_start
                0x0000000000203dfa                timer_end
                0x0000000000203e28                movestr
                0x0000000000203ea1                hasStr
                0x0000000000203f05                hexstr
                0x0000000000203f6c                intstr
                0x000000000020401f                strlen
                0x0000000000204050                TransformUpLowUC
                0x0000000000204100                PartyChop
                0x000000000020414f                strtok
                0x00000000002041a0                strsep
                0x00000000002041f8                strpbrk
 *fill*         0x00000000002042ca        0x6 
 .text          0x00000000002042d0        0xa ../bin/obj/idta.o
                0x00000000002042d0                idt_set
 *fill*         0x00000000002042da        0x6 
 .text          0x00000000002042e0       0xf1 ../bin/obj/isra.o
                0x00000000002042e0                isr0
                0x00000000002042fc                isr1
                0x000000000020430a                isr3
                0x0000000000204314                isr4
                0x000000000020431c                isr7
                0x0000000000204325                isr8
                0x0000000000204333                isr9
                0x0000000000204334                isr10
                0x0000000000204337                isr11
                0x0000000000204348                isr13
                0x0000000000204384                isr14
                0x000000000020438e                isr20
                0x00000000002043b6                isr21
                0x00000000002043bf                isr30
                0x00000000002043c8                isr47
 *fill*         0x00000000002043d1        0xf 
 .text          0x00000000002043e0       0xfb ../bin/obj/asm.o
                0x00000000002043e0                PIT_initasm
                0x00000000002043ef                PIT_readcount
                0x0000000000204407                enable_A20
                0x0000000000204453                GetCPUVendor
                0x000000000020446d                TLBflush
                0x0000000000204477                getESP
                0x0000000000204482                TSS_flush
                0x000000000020448a                jmp_user_mode
                0x00000000002044b7                jmp_back_kernel
                0x00000000002044cb                memory_set_stack
                0x00000000002044d7                StackPointer
 .text          0x00000000002044db      0x48d ../bin/obj/errorHandl.o
                0x00000000002044db                kernel_panic
                0x00000000002045da                kernel_panic_dump
                0x0000000000204751                InitFail
                0x00000000002047b0                console_Warning
                0x0000000000204802                error
 .text          0x0000000000204968      0x170 ../bin/obj/keyboard.o
                0x0000000000204968                keybin
                0x00000000002049ab                putonscr
                0x00000000002049c4                IS_pressed
                0x00000000002049f7                hang_for_key
                0x0000000000204a22                InitKbrd
 .text          0x0000000000204ad8      0x3c0 ../bin/obj/memory.o
                0x0000000000204ad8                memory_init
                0x0000000000204af9                GRUB_GetMemInfo
                0x0000000000204be0                malloc
                0x0000000000204d5f                demalloc
                0x0000000000204dc2                kmemset
                0x0000000000204df2                MemCopy
                0x0000000000204e47                strcopy
 .text          0x0000000000204e98      0x3e4 ../bin/obj/pci.o
                0x0000000000204e98                getPCIval
                0x0000000000204f39                GetPCIDevice
                0x00000000002050e8                pciConfigRead
                0x000000000020518e                pciConfigWrite
                0x0000000000205232                pciGetInterruptLine
 .text          0x000000000020527c      0x853 ../bin/obj/ahci.o
                0x000000000020527c                AHCI_init
                0x00000000002052f9                getBAR5
                0x000000000020537f                AHCI_setup_port
                0x00000000002053b1                search_drives
                0x000000000020562f                port_rebase
                0x0000000000205791                start_cmd
                0x00000000002057d3                stop_cmd
                0x0000000000205829                Read_SATA
                0x0000000000205a49                find_cmdslot
 .text          0x0000000000205acf      0xf45 ../bin/obj/ATA.o
                0x0000000000205acf                ATA_init
                0x0000000000205d7a                ATAPI_init
                0x0000000000205d93                ATAwait
                0x0000000000205dc6                ATAPI_CHECK
                0x0000000000205eef                ATA_swreset
                0x0000000000205f87                DRIVE_ERROR_DETECT
                0x0000000000205fe1                nIEN_rs
                0x0000000000206029                PIO_READ_ATA
                0x00000000002061c3                PIO_WRITE_ATA
                0x00000000002063b1                PIO_READ_ATAPI
                0x0000000000206652                DMA_ATA_SETUP
                0x0000000000206751                DMA_ATA_READ
                0x00000000002068a3                DMA_ATA_WRITE
                0x00000000002069a6                ATA_STANDARD
 .text          0x0000000000206a14      0xbf8 ../bin/obj/fat.o
                0x0000000000206a14                GetBootCodeFAT
                0x0000000000206a5b                FATinit
                0x0000000000206b08                GetFile
                0x0000000000206b81                FindFile
                0x0000000000206c6f                FAT_Traverse
                0x0000000000206d23                fat_find_dir
                0x0000000000206e40                FindNextDir
                0x0000000000206f64                FAT32_WRITE_FILE
                0x000000000020708a                FAT32_DIRPREP
                0x0000000000207158                FAT32_Write_cluster
                0x00000000002071aa                FAT32_READ_FILE
                0x0000000000207216                FAT_cluster_LBA
                0x000000000020724e                FAT_read_table
                0x000000000020733c                ReadDir
                0x00000000002074a3                FATFindFreeClusterChain
 .text          0x000000000020760c      0x261 ../bin/obj/hdd.o
                0x000000000020760c                get_drive_info
                0x00000000002077d0                GetFirstSectLBA
 .text          0x000000000020786d       0x19 ../bin/obj/iso.o
                0x000000000020786d                iso_init
 .text          0x0000000000207886      0x1f8 ../bin/obj/DRVhandl.o
                0x0000000000207886                driver_type
                0x00000000002078b6                FindDriver
                0x0000000000207a00                run_v86_driver
 *fill*         0x0000000000207a7e        0x2 
 .text          0x0000000000207a80       0x7e ../bin/obj/v86.o
                0x0000000000207a80                v86_enter
                0x0000000000207abf                do_exor
                0x0000000000207ace                do_regs
                0x0000000000207ae0                v86_ret
 .text          0x0000000000207afe      0x81f ../bin/obj/multitasking.o
                0x0000000000207afe                Task_Save_State
                0x0000000000207c0c                task_timeguard
                0x0000000000207d34                task_push_v86
                0x0000000000207df6                task_push
                0x0000000000207eb9                task_pop
                0x0000000000208129                task_save
                0x0000000000208246                task_findnew
                0x00000000002082ba                task_internal_ret_from_interrupt
 .text          0x000000000020831d      0x199 ../bin/obj/v86c.o
                0x000000000020831d                v86_linear_to_sgoff
                0x000000000020835a                v86_sgoff_to_linear
                0x000000000020838f                v86_interrupt
                0x000000000020845e                v86_save_state
 .text          0x00000000002084b6      0x10b ../bin/obj/vesa.o
                0x00000000002084b6                vesa_findmode
                0x0000000000208581                vesa_hello
                0x00000000002085ac                vesa_difference

.text.__x86.get_pc_thunk.bx
                0x00000000002085c1        0x4
 .text.__x86.get_pc_thunk.bx
                0x00000000002085c1        0x4 ../bin/obj/kc.o
                0x00000000002085c1                __x86.get_pc_thunk.bx

.text.__x86.get_pc_thunk.ax
                0x00000000002085c5        0x4
 .text.__x86.get_pc_thunk.ax
                0x00000000002085c5        0x4 ../bin/obj/sys.o
                0x00000000002085c5                __x86.get_pc_thunk.ax

.text.__x86.get_pc_thunk.dx
                0x00000000002085c9        0x4
 .text.__x86.get_pc_thunk.dx
                0x00000000002085c9        0x4 ../bin/obj/multitasking.o
                0x00000000002085c9                __x86.get_pc_thunk.dx

.iplt           0x00000000002085d0        0x0
 .iplt          0x00000000002085d0        0x0 ../bin/obj/stack.o

.rodata         0x00000000002085d0      0x7d8
 .rodata        0x00000000002085d0       0xa1 ../bin/obj/kc.o
 .rodata        0x0000000000208671        0x3 ../bin/obj/screen.o
                0x0000000000208671                height
                0x0000000000208672                width
                0x0000000000208673                depth
 .rodata        0x0000000000208674       0xb5 ../bin/obj/isr.o
 .rodata        0x0000000000208729       0x1b ../bin/obj/util.o
 .rodata        0x0000000000208744      0x430 ../bin/obj/errorHandl.o
 .rodata        0x0000000000208b74        0xe ../bin/obj/keyboard.o
 .rodata        0x0000000000208b82       0x36 ../bin/obj/pci.o
 .rodata        0x0000000000208bb8       0x9a ../bin/obj/ahci.o
 .rodata        0x0000000000208c52       0x6d ../bin/obj/ATA.o
 .rodata        0x0000000000208cbf        0xb ../bin/obj/fat.o
 .rodata        0x0000000000208cca       0x11 ../bin/obj/hdd.o
 .rodata        0x0000000000208cdb       0x54 ../bin/obj/DRVhandl.o
 .rodata        0x0000000000208d2f       0x27 ../bin/obj/multitasking.o
 .rodata        0x0000000000208d56       0x3e ../bin/obj/v86c.o
 .rodata        0x0000000000208d94       0x14 ../bin/obj/vesa.o

.eh_frame       0x0000000000208da8     0x1644
 .eh_frame      0x0000000000208da8       0x7c ../bin/obj/kc.o
 .eh_frame      0x0000000000208e24      0x114 ../bin/obj/sys.o
                                        0x12c (size before relaxing)
 .eh_frame      0x0000000000208f38      0x1c8 ../bin/obj/screen.o
                                        0x208 (size before relaxing)
 .eh_frame      0x0000000000209100       0x8c ../bin/obj/gdt.o
                                         0xcc (size before relaxing)
 .eh_frame      0x000000000020918c      0x1fc ../bin/obj/hardw.o
                                        0x23c (size before relaxing)
 .eh_frame      0x0000000000209388       0xa4 ../bin/obj/cpu.o
                                         0xe4 (size before relaxing)
 .eh_frame      0x000000000020942c      0x23c ../bin/obj/isr.o
                                        0x27c (size before relaxing)
 .eh_frame      0x0000000000209668      0x22c ../bin/obj/util.o
                                        0x26c (size before relaxing)
 .eh_frame      0x0000000000209894       0xa4 ../bin/obj/errorHandl.o
                                         0xd0 (size before relaxing)
 .eh_frame      0x0000000000209938       0xa4 ../bin/obj/keyboard.o
                                         0xe4 (size before relaxing)
 .eh_frame      0x00000000002099dc       0xec ../bin/obj/memory.o
                                        0x118 (size before relaxing)
 .eh_frame      0x0000000000209ac8       0xc8 ../bin/obj/pci.o
                                        0x108 (size before relaxing)
 .eh_frame      0x0000000000209b90      0x160 ../bin/obj/ahci.o
                                        0x1a0 (size before relaxing)
 .eh_frame      0x0000000000209cf0      0x1f8 ../bin/obj/ATA.o
                                        0x238 (size before relaxing)
 .eh_frame      0x0000000000209ee8      0x228 ../bin/obj/fat.o
                                        0x268 (size before relaxing)
 .eh_frame      0x000000000020a110       0x48 ../bin/obj/hdd.o
                                         0x74 (size before relaxing)
 .eh_frame      0x000000000020a158       0x20 ../bin/obj/iso.o
                                         0x4c (size before relaxing)
 .eh_frame      0x000000000020a178       0x68 ../bin/obj/DRVhandl.o
                                         0xa8 (size before relaxing)
 .eh_frame      0x000000000020a1e0      0x120 ../bin/obj/multitasking.o
                                        0x160 (size before relaxing)
 .eh_frame      0x000000000020a300       0x84 ../bin/obj/v86c.o
                                         0xc4 (size before relaxing)
 .eh_frame      0x000000000020a384       0x68 ../bin/obj/vesa.o
                                         0xa8 (size before relaxing)

.note.gnu.property
                0x000000000020a3ec       0x1c
 .note.gnu.property
                0x000000000020a3ec       0x1c ../bin/obj/stack.o

.rel.dyn        0x000000000020a408        0x0
 .rel.got       0x000000000020a408        0x0 ../bin/obj/stack.o
 .rel.iplt      0x000000000020a408        0x0 ../bin/obj/stack.o
 .rel.text      0x000000000020a408        0x0 ../bin/obj/stack.o
 .rel.data.rel  0x000000000020a408        0x0 ../bin/obj/stack.o

.data           0x000000000020a408       0x14
 *(.data)
 .data          0x000000000020a408        0x0 ../bin/obj/kc.o
 .data          0x000000000020a408        0x0 ../bin/obj/sys.o
 .data          0x000000000020a408        0x4 ../bin/obj/screen.o
                0x000000000020a408                color
 .data          0x000000000020a40c        0x0 ../bin/obj/gdt.o
 .data          0x000000000020a40c        0x4 ../bin/obj/hardw.o
                0x000000000020a40c                CMOS_NMI_disable
 .data          0x000000000020a410        0x0 ../bin/obj/cpu.o
 .data          0x000000000020a410        0x0 ../bin/obj/isr.o
 .data          0x000000000020a410        0x0 ../bin/obj/util.o
 .data          0x000000000020a410        0x0 ../bin/obj/errorHandl.o
 .data          0x000000000020a410        0x4 ../bin/obj/keyboard.o
                0x000000000020a410                scancodeset
 .data          0x000000000020a414        0x8 ../bin/obj/memory.o
                0x000000000020a414                MEM_start
                0x000000000020a418                mem_table_entry
 .data          0x000000000020a41c        0x0 ../bin/obj/pci.o
 .data          0x000000000020a41c        0x0 ../bin/obj/ahci.o
 .data          0x000000000020a41c        0x0 ../bin/obj/ATA.o
 .data          0x000000000020a41c        0x0 ../bin/obj/fat.o
 .data          0x000000000020a41c        0x0 ../bin/obj/hdd.o
 .data          0x000000000020a41c        0x0 ../bin/obj/iso.o
 .data          0x000000000020a41c        0x0 ../bin/obj/DRVhandl.o
 .data          0x000000000020a41c        0x0 ../bin/obj/multitasking.o
 .data          0x000000000020a41c        0x0 ../bin/obj/v86c.o
 .data          0x000000000020a41c        0x0 ../bin/obj/vesa.o

.data.rel       0x000000000020a41c        0x4
 .data.rel      0x000000000020a41c        0x4 ../bin/obj/keyboard.o
                0x000000000020a41c                kbrdbfr

.data.rel.local
                0x000000000020a420        0xc
 .data.rel.local
                0x000000000020a420        0xc ../bin/obj/DRVhandl.o
                0x000000000020a420                UNKOWN
                0x000000000020a424                EMPTY
                0x000000000020a428                VESA

.got            0x000000000020a42c        0x0
 .got           0x000000000020a42c        0x0 ../bin/obj/stack.o

.got.plt        0x000000000020a42c        0xc
 .got.plt       0x000000000020a42c        0xc ../bin/obj/stack.o
                0x000000000020a42c                _GLOBAL_OFFSET_TABLE_

.igot.plt       0x000000000020a438        0x0
 .igot.plt      0x000000000020a438        0x0 ../bin/obj/stack.o

.bss            0x000000000020a440    0x69f10
 *(.bss)
 .bss           0x000000000020a440        0xc ../bin/obj/kc.o
                0x000000000020a440                KERNEL_FLAGS
 .bss           0x000000000020a44c        0x0 ../bin/obj/sys.o
 .bss           0x000000000020a44c       0x10 ../bin/obj/screen.o
                0x000000000020a44c                cursorX
                0x000000000020a450                cursorY
 *fill*         0x000000000020a45c        0x4 
 .bss           0x000000000020a460       0x5e ../bin/obj/gdt.o
 *fill*         0x000000000020a4be        0x2 
 .bss           0x000000000020a4c0        0x8 ../bin/obj/hardw.o
 *fill*         0x000000000020a4c8       0x18 
 .bss           0x000000000020a4e0      0x826 ../bin/obj/cpu.o
 *fill*         0x000000000020ad06        0x2 
 .bss           0x000000000020ad08        0xc ../bin/obj/isr.o
                0x000000000020ad08                sec
 .bss           0x000000000020ad14       0x10 ../bin/obj/util.o
 .bss           0x000000000020ad24        0x8 ../bin/obj/errorHandl.o
 .bss           0x000000000020ad2c       0x1c ../bin/obj/keyboard.o
                0x000000000020ad2c                enter
                0x000000000020ad30                bEnterPause
                0x000000000020ad34                boolsk3
                0x000000000020ad38                noreturn
                0x000000000020ad3c                shift
 .bss           0x000000000020ad48        0x8 ../bin/obj/memory.o
 .bss           0x000000000020ad50        0x8 ../bin/obj/pci.o
 .bss           0x000000000020ad58        0x8 ../bin/obj/ahci.o
 .bss           0x000000000020ad60        0x8 ../bin/obj/ATA.o
 .bss           0x000000000020ad68       0x10 ../bin/obj/fat.o
 .bss           0x000000000020ad78        0x8 ../bin/obj/hdd.o
 .bss           0x000000000020ad80        0x8 ../bin/obj/iso.o
 .bss           0x000000000020ad88        0x8 ../bin/obj/DRVhandl.o
 .bss           0x000000000020ad90        0xd ../bin/obj/multitasking.o
                0x000000000020ad90                CurrentTasks
 *fill*         0x000000000020ad9d        0x3 
 .bss           0x000000000020ada0        0x8 ../bin/obj/v86c.o
 .bss           0x000000000020ada8        0x8 ../bin/obj/vesa.o
 .bss           0x000000000020adb0     0x1000 ../bin/obj/stack.o
                0x000000000020adb0                stack
                0x000000000020bdb0                end_stack
 *fill*         0x000000000020bdb0       0x10 
 COMMON         0x000000000020bdc0    0x283e4 ../bin/obj/kc.o
                0x000000000020bdc0                BPB
                0x000000000020bde0                tasks
                0x000000000020c080                systeminfo
                0x000000000020c100                pci_device_info
                0x0000000000234100                segments
                0x0000000000234104                vfs_info
                0x0000000000234120                devices
                0x00000000002341a0                abar
 *fill*         0x00000000002341a4       0x1c 
 COMMON         0x00000000002341c0       0x68 ../bin/obj/gdt.o
                0x00000000002341c0                tss
 COMMON         0x0000000000234228        0x8 ../bin/obj/cpu.o
                0x0000000000234228                VendorID
                0x000000000023422c                cpuvend
 COMMON         0x0000000000234230        0xe ../bin/obj/isr.o
                0x0000000000234230                before_int_ax
                0x0000000000234232                tckcounter
                0x0000000000234234                int_stack
                0x0000000000234238                last_interrupt
                0x000000000023423a                before_int_di
                0x000000000023423c                counter
 *fill*         0x000000000023423e        0x2 
 COMMON         0x0000000000234240      0x100 ../bin/obj/keyboard.o
                0x0000000000234240                buff
 COMMON         0x0000000000234340    0x40004 ../bin/obj/memory.o
                0x0000000000234340                mem_table
                0x0000000000274340                MEM_MAX
 COMMON         0x0000000000274344        0x8 ../bin/obj/ATA.o
                0x0000000000274344                prdt
                0x0000000000274348                BMR
 COMMON         0x000000000027434c        0x4 ../bin/obj/fat.o
                0x000000000027434c                ROOTDIR
LOAD ../bin/obj/kasm.o
LOAD ../bin/obj/kc.o
LOAD ../bin/obj/sys.o
LOAD ../bin/obj/screen.o
LOAD ../bin/obj/gdt.o
LOAD ../bin/obj/gdtasm.o
LOAD ../bin/obj/hardw.o
LOAD ../bin/obj/cpu.o
LOAD ../bin/obj/isr.o
LOAD ../bin/obj/util.o
LOAD ../bin/obj/idta.o
LOAD ../bin/obj/isra.o
LOAD ../bin/obj/asm.o
LOAD ../bin/obj/errorHandl.o
LOAD ../bin/obj/keyboard.o
LOAD ../bin/obj/memory.o
LOAD ../bin/obj/pci.o
LOAD ../bin/obj/ahci.o
LOAD ../bin/obj/ATA.o
LOAD ../bin/obj/fat.o
LOAD ../bin/obj/hdd.o
LOAD ../bin/obj/iso.o
LOAD ../bin/obj/DRVhandl.o
LOAD ../bin/obj/v86.o
LOAD ../bin/obj/multitasking.o
LOAD ../bin/obj/v86c.o
LOAD ../bin/obj/vesa.o
LOAD ../bin/obj/stack.o
OUTPUT(../bin/kernel/kernel.sys elf32-i386)

.comment        0x0000000000000000       0x29
 .comment       0x0000000000000000       0x29 ../bin/obj/kc.o
                                         0x2a (size before relaxing)
 .comment       0x0000000000000029       0x2a ../bin/obj/sys.o
 .comment       0x0000000000000029       0x2a ../bin/obj/screen.o
 .comment       0x0000000000000029       0x2a ../bin/obj/gdt.o
 .comment       0x0000000000000029       0x2a ../bin/obj/hardw.o
 .comment       0x0000000000000029       0x2a ../bin/obj/cpu.o
 .comment       0x0000000000000029       0x2a ../bin/obj/isr.o
 .comment       0x0000000000000029       0x2a ../bin/obj/util.o
 .comment       0x0000000000000029       0x2a ../bin/obj/errorHandl.o
 .comment       0x0000000000000029       0x2a ../bin/obj/keyboard.o
 .comment       0x0000000000000029       0x2a ../bin/obj/memory.o
 .comment       0x0000000000000029       0x2a ../bin/obj/pci.o
 .comment       0x0000000000000029       0x2a ../bin/obj/ahci.o
 .comment       0x0000000000000029       0x2a ../bin/obj/ATA.o
 .comment       0x0000000000000029       0x2a ../bin/obj/fat.o
 .comment       0x0000000000000029       0x2a ../bin/obj/hdd.o
 .comment       0x0000000000000029       0x2a ../bin/obj/iso.o
 .comment       0x0000000000000029       0x2a ../bin/obj/DRVhandl.o
 .comment       0x0000000000000029       0x2a ../bin/obj/multitasking.o
 .comment       0x0000000000000029       0x2a ../bin/obj/v86c.o
 .comment       0x0000000000000029       0x2a ../bin/obj/vesa.o

.note.GNU-stack
                0x0000000000000000        0x0
 .note.GNU-stack
                0x0000000000000000        0x0 ../bin/obj/kc.o
 .note.GNU-stack
                0x0000000000000000        0x0 ../bin/obj/sys.o
 .note.GNU-stack
                0x0000000000000000        0x0 ../bin/obj/screen.o
 .note.GNU-stack
                0x0000000000000000        0x0 ../bin/obj/gdt.o
 .note.GNU-stack
                0x0000000000000000        0x0 ../bin/obj/hardw.o
 .note.GNU-stack
                0x0000000000000000        0x0 ../bin/obj/cpu.o
 .note.GNU-stack
                0x0000000000000000        0x0 ../bin/obj/isr.o
 .note.GNU-stack
                0x0000000000000000        0x0 ../bin/obj/util.o
 .note.GNU-stack
                0x0000000000000000        0x0 ../bin/obj/errorHandl.o
 .note.GNU-stack
                0x0000000000000000        0x0 ../bin/obj/keyboard.o
 .note.GNU-stack
                0x0000000000000000        0x0 ../bin/obj/memory.o
 .note.GNU-stack
                0x0000000000000000        0x0 ../bin/obj/pci.o
 .note.GNU-stack
                0x0000000000000000        0x0 ../bin/obj/ahci.o
 .note.GNU-stack
                0x0000000000000000        0x0 ../bin/obj/ATA.o
 .note.GNU-stack
                0x0000000000000000        0x0 ../bin/obj/fat.o
 .note.GNU-stack
                0x0000000000000000        0x0 ../bin/obj/hdd.o
 .note.GNU-stack
                0x0000000000000000        0x0 ../bin/obj/iso.o
 .note.GNU-stack
                0x0000000000000000        0x0 ../bin/obj/DRVhandl.o
 .note.GNU-stack
                0x0000000000000000        0x0 ../bin/obj/multitasking.o
 .note.GNU-stack
                0x0000000000000000        0x0 ../bin/obj/v86c.o
 .note.GNU-stack
                0x0000000000000000        0x0 ../bin/obj/vesa.o
