
Allocating common symbols
Common symbol       size              file

BPB                 0x4               ../bin/obj/kc.o
prdt                0x4               ../bin/obj/ATA.o
before_int_ax       0x2               ../bin/obj/isr.o
tckcounter          0x1               ../bin/obj/isr.o
tasks               0x3c00            ../bin/obj/kc.o
systeminfo          0x74              ../bin/obj/kc.o
key_bfr             0x4               ../bin/obj/keyboard.o
screen              0x4               ../bin/obj/vesa.o
int_stack           0x4               ../bin/obj/isr.o
mem_table           0x40000           ../bin/obj/memory.o
tss                 0x68              ../bin/obj/gdt.o
VendorID            0x4               ../bin/obj/cpu.o
cpuvend             0x4               ../bin/obj/cpu.o
current_vid_mode_inf
                    0x4               ../bin/obj/kc.o
last_interrupt      0x1               ../bin/obj/isr.o
segments            0x4               ../bin/obj/kc.o
before_int_di       0x2               ../bin/obj/isr.o
vfs_info            0xc               ../bin/obj/kc.o
counter             0x2               ../bin/obj/isr.o
mouse_cycle         0x1               ../bin/obj/isr.o
mouse_byte          0x2               ../bin/obj/isr.o
BMR                 0x4               ../bin/obj/ATA.o
pci_devices         0x600             ../bin/obj/kc.o
key_bfr_codes       0x4               ../bin/obj/keyboard.o
devices             0x80              ../bin/obj/kc.o
MEM_MAX             0x4               ../bin/obj/memory.o
ROOTDIR             0x4               ../bin/obj/fat.o
func_ptr            0x4               ../bin/obj/kc.o
abar                0x4               ../bin/obj/kc.o

Discarded input sections

 .group         0x0000000000000000        0x8 ../bin/obj/kc.o
 .group         0x0000000000000000        0x8 ../bin/obj/kc.o
 .group         0x0000000000000000        0x8 ../bin/obj/sys.o
 .text.__x86.get_pc_thunk.ax
                0x0000000000000000        0x4 ../bin/obj/sys.o
 .group         0x0000000000000000        0x8 ../bin/obj/screen.o
 .group         0x0000000000000000        0x8 ../bin/obj/screen.o
 .text.__x86.get_pc_thunk.ax
                0x0000000000000000        0x4 ../bin/obj/screen.o
 .text.__x86.get_pc_thunk.bx
                0x0000000000000000        0x4 ../bin/obj/screen.o
 .group         0x0000000000000000        0x8 ../bin/obj/gdt.o
 .group         0x0000000000000000        0x8 ../bin/obj/gdt.o
 .text.__x86.get_pc_thunk.ax
                0x0000000000000000        0x4 ../bin/obj/gdt.o
 .text.__x86.get_pc_thunk.bx
                0x0000000000000000        0x4 ../bin/obj/gdt.o
 .group         0x0000000000000000        0x8 ../bin/obj/hardw.o
 .group         0x0000000000000000        0x8 ../bin/obj/hardw.o
 .text.__x86.get_pc_thunk.ax
                0x0000000000000000        0x4 ../bin/obj/hardw.o
 .text.__x86.get_pc_thunk.bx
                0x0000000000000000        0x4 ../bin/obj/hardw.o
 .group         0x0000000000000000        0x8 ../bin/obj/cpu.o
 .group         0x0000000000000000        0x8 ../bin/obj/cpu.o
 .text.__x86.get_pc_thunk.ax
                0x0000000000000000        0x4 ../bin/obj/cpu.o
 .text.__x86.get_pc_thunk.bx
                0x0000000000000000        0x4 ../bin/obj/cpu.o
 .group         0x0000000000000000        0x8 ../bin/obj/isr.o
 .group         0x0000000000000000        0x8 ../bin/obj/isr.o
 .text.__x86.get_pc_thunk.ax
                0x0000000000000000        0x4 ../bin/obj/isr.o
 .text.__x86.get_pc_thunk.bx
                0x0000000000000000        0x4 ../bin/obj/isr.o
 .group         0x0000000000000000        0x8 ../bin/obj/util.o
 .group         0x0000000000000000        0x8 ../bin/obj/util.o
 .text.__x86.get_pc_thunk.ax
                0x0000000000000000        0x4 ../bin/obj/util.o
 .text.__x86.get_pc_thunk.bx
                0x0000000000000000        0x4 ../bin/obj/util.o
 .group         0x0000000000000000        0x8 ../bin/obj/errorHandl.o
 .text.__x86.get_pc_thunk.bx
                0x0000000000000000        0x4 ../bin/obj/errorHandl.o
 .group         0x0000000000000000        0x8 ../bin/obj/keyboard.o
 .group         0x0000000000000000        0x8 ../bin/obj/keyboard.o
 .text.__x86.get_pc_thunk.ax
                0x0000000000000000        0x4 ../bin/obj/keyboard.o
 .text.__x86.get_pc_thunk.bx
                0x0000000000000000        0x4 ../bin/obj/keyboard.o
 .group         0x0000000000000000        0x8 ../bin/obj/memory.o
 .text.__x86.get_pc_thunk.ax
                0x0000000000000000        0x4 ../bin/obj/memory.o
 .group         0x0000000000000000        0x8 ../bin/obj/pci.o
 .group         0x0000000000000000        0x8 ../bin/obj/pci.o
 .group         0x0000000000000000        0x8 ../bin/obj/pci.o
 .text.__x86.get_pc_thunk.ax
                0x0000000000000000        0x4 ../bin/obj/pci.o
 .text.__x86.get_pc_thunk.bx
                0x0000000000000000        0x4 ../bin/obj/pci.o
 .group         0x0000000000000000        0x8 ../bin/obj/ahci.o
 .group         0x0000000000000000        0x8 ../bin/obj/ahci.o
 .text.__x86.get_pc_thunk.ax
                0x0000000000000000        0x4 ../bin/obj/ahci.o
 .text.__x86.get_pc_thunk.bx
                0x0000000000000000        0x4 ../bin/obj/ahci.o
 .group         0x0000000000000000        0x8 ../bin/obj/ATA.o
 .group         0x0000000000000000        0x8 ../bin/obj/ATA.o
 .text.__x86.get_pc_thunk.ax
                0x0000000000000000        0x4 ../bin/obj/ATA.o
 .text.__x86.get_pc_thunk.bx
                0x0000000000000000        0x4 ../bin/obj/ATA.o
 .group         0x0000000000000000        0x8 ../bin/obj/fat.o
 .group         0x0000000000000000        0x8 ../bin/obj/fat.o
 .text.__x86.get_pc_thunk.ax
                0x0000000000000000        0x4 ../bin/obj/fat.o
 .text.__x86.get_pc_thunk.bx
                0x0000000000000000        0x4 ../bin/obj/fat.o
 .group         0x0000000000000000        0x8 ../bin/obj/hdd.o
 .text.__x86.get_pc_thunk.bx
                0x0000000000000000        0x4 ../bin/obj/hdd.o
 .group         0x0000000000000000        0x8 ../bin/obj/iso.o
 .text.__x86.get_pc_thunk.ax
                0x0000000000000000        0x4 ../bin/obj/iso.o
 .group         0x0000000000000000        0x8 ../bin/obj/DRVhandl.o
 .group         0x0000000000000000        0x8 ../bin/obj/DRVhandl.o
 .text.__x86.get_pc_thunk.ax
                0x0000000000000000        0x4 ../bin/obj/DRVhandl.o
 .text.__x86.get_pc_thunk.bx
                0x0000000000000000        0x4 ../bin/obj/DRVhandl.o
 .group         0x0000000000000000        0x8 ../bin/obj/multitasking.o
 .group         0x0000000000000000        0x8 ../bin/obj/multitasking.o
 .group         0x0000000000000000        0x8 ../bin/obj/multitasking.o
 .text.__x86.get_pc_thunk.ax
                0x0000000000000000        0x4 ../bin/obj/multitasking.o
 .text.__x86.get_pc_thunk.dx
                0x0000000000000000        0x4 ../bin/obj/multitasking.o
 .text.__x86.get_pc_thunk.bx
                0x0000000000000000        0x4 ../bin/obj/multitasking.o
 .group         0x0000000000000000        0x8 ../bin/obj/v86c.o
 .text.__x86.get_pc_thunk.ax
                0x0000000000000000        0x4 ../bin/obj/v86c.o
 .group         0x0000000000000000        0x8 ../bin/obj/vesa.o
 .group         0x0000000000000000        0x8 ../bin/obj/vesa.o
 .text.__x86.get_pc_thunk.ax
                0x0000000000000000        0x4 ../bin/obj/vesa.o
 .text.__x86.get_pc_thunk.bx
                0x0000000000000000        0x4 ../bin/obj/vesa.o

Memory Configuration

Name             Origin             Length             Attributes
*default*        0x0000000000000000 0xffffffffffffffff

Linker script and memory map

                0x0000000000200000                . = 0x200000

.text           0x0000000000200000     0x91df
 *(.text)
 .text          0x0000000000200000     0x20ad ../bin/obj/kasm.o
                0x000000000020000c                start
                0x0000000000200021                paging
 .text          0x00000000002020ad      0x260 ../bin/obj/kc.o
                0x00000000002020ad                main
                0x0000000000202239                kernel_thing
                0x0000000000202260                kernel_version
 .text          0x000000000020230d      0x157 ../bin/obj/sys.o
                0x000000000020230d                inb
                0x0000000000202334                inw
                0x000000000020235d                outb
                0x0000000000202388                outw
                0x00000000002023b3                outl
                0x00000000002023d5                inl
                0x00000000002023fb                sysinlong
                0x0000000000202421                outsw
 .text          0x0000000000202464      0x734 ../bin/obj/screen.o
                0x0000000000202464                updCurs
                0x00000000002024ed                setcolor
                0x0000000000202506                trace
                0x0000000000202608                putchar
                0x0000000000202778                TextModeVideoMemDump
                0x00000000002027bd                print
                0x000000000020281f                printline
                0x000000000020289e                linecheck
                0x00000000002028d3                clearl
                0x000000000020297f                clearscr
                0x00000000002029cd                scroll
                0x0000000000202ad1                disablecursor
                0x0000000000202b0d                paintscr
 .text          0x0000000000202b98      0x247 ../bin/obj/gdt.o
                0x0000000000202b98                Prep_TSS
                0x0000000000202c37                TSS_update_stack
                0x0000000000202c66                GDT
 *fill*         0x0000000000202ddf        0x1 
 .text          0x0000000000202de0       0x36 ../bin/obj/gdtasm.o
                0x0000000000202de0                gdt_set32
                0x0000000000202e12                CRzero
 .text          0x0000000000202e16      0x5c4 ../bin/obj/hardw.o
                0x0000000000202e16                setints
                0x0000000000202e4d                IRQclrmsk
                0x0000000000202ec3                IRQclrallmsks
                0x0000000000202efc                IRQmskall
                0x0000000000202f5e                IRQdisableall
                0x0000000000202f9a                IRQsetmsk
                0x000000000020300e                initpics
                0x00000000002030f2                inthndld
                0x0000000000203137                PIC_remap
                0x0000000000203220                PIT_init
                0x0000000000203279                inita20
                0x0000000000203317                DetectSpeed
                0x000000000020337f                keybsndcom
                0x00000000002033b0                keybwait
 .text          0x00000000002033da      0x12a ../bin/obj/cpu.o
                0x00000000002033da                idtent
                0x0000000000203408                setidt
                0x000000000020345e                CPUID
                0x000000000020348c                IDT_add
                0x00000000002034e9                cpuSetMSR
 .text          0x0000000000203504      0x91c ../bin/obj/isr.o
                0x0000000000203504                isrinst
                0x0000000000203661                isr0c
                0x000000000020369a                isr1c
                0x00000000002036e3                isr3c
                0x0000000000203720                isr4c
                0x0000000000203732                isr7c
                0x0000000000203779                isr8c
                0x00000000002037a0                isr11c
                0x00000000002037cb                isr12c
                0x00000000002037f7                isr13c
                0x0000000000203bb6                isr14c
                0x0000000000203be1                isr15
                0x0000000000203c0d                isr20c
                0x0000000000203c5e                isr21c
                0x0000000000203cb3                isr2cc
                0x0000000000203d9c                isr30c
                0x0000000000203dd5                isr47c
 .text          0x0000000000203e20      0x67d ../bin/obj/util.o
                0x0000000000203e20                getBYTE
                0x0000000000203e55                getWORD
                0x0000000000203e8b                eqlstr
                0x0000000000203f0f                sleep
                0x0000000000203f50                timer_start
                0x0000000000203f6f                timer_end
                0x0000000000203f9d                movestr
                0x0000000000204016                hasStr
                0x000000000020407a                hexstr
                0x00000000002040e1                intstr
                0x0000000000204194                strlen
                0x00000000002041c5                TransformUpLowUC
                0x0000000000204275                util_c_transform_uc
                0x00000000002042d3                PartyChop
                0x0000000000204322                strtok
                0x0000000000204373                strsep
                0x00000000002043cb                strpbrk
 *fill*         0x000000000020449d        0x3 
 .text          0x00000000002044a0        0xa ../bin/obj/idta.o
                0x00000000002044a0                idt_set
 *fill*         0x00000000002044aa        0x6 
 .text          0x00000000002044b0      0x11a ../bin/obj/isra.o
                0x00000000002044b0                isr0
                0x00000000002044cc                isr1
                0x00000000002044da                isr3
                0x00000000002044f7                isr4
                0x00000000002044ff                isr7
                0x0000000000204508                isr8
                0x0000000000204516                isr9
                0x0000000000204517                isr10
                0x000000000020451a                isr11
                0x000000000020452b                isr13
                0x0000000000204567                isr14
                0x0000000000204571                isr20
                0x0000000000204598                isr21
                0x00000000002045af                isr2c
                0x00000000002045b8                isr30
                0x00000000002045c1                isr47
 *fill*         0x00000000002045ca        0x6 
 .text          0x00000000002045d0      0x185 ../bin/obj/asm.o
                0x00000000002045d0                PIT_initasm
                0x00000000002045df                PIT_readcount
                0x00000000002045f7                enable_A20
                0x0000000000204643                GetCPUVendor
                0x000000000020465d                TLBflush
                0x0000000000204667                getESP
                0x0000000000204672                TSS_flush
                0x000000000020467a                jmp_user_mode
                0x00000000002046be                asm_fix_stack
                0x00000000002046df                task1
                0x00000000002046f8                task2
                0x0000000000204714                asm_stuff
                0x0000000000204731                jmp_back_kernel
                0x0000000000204745                memory_set_stack
                0x0000000000204751                StackPointer
 .text          0x0000000000204755      0x48d ../bin/obj/errorHandl.o
                0x0000000000204755                kernel_panic
                0x0000000000204854                kernel_panic_dump
                0x00000000002049cb                InitFail
                0x0000000000204a2a                console_Warning
                0x0000000000204a7c                error
 .text          0x0000000000204be2      0x56f ../bin/obj/keyboard.o
                0x0000000000204be2                keybin
                0x0000000000204c68                keyboard_putonscr
                0x0000000000204dc4                IS_pressed
                0x0000000000204df7                hang_for_key
                0x0000000000204e31                ps2_keyb_init
                0x0000000000204e8a                mouse_write
                0x0000000000204ee6                mouse_read
                0x0000000000204f17                mouse_wait
                0x0000000000204f94                ps2_mouse_init
                0x00000000002050fa                ps2_wait_write
                0x000000000020512a                ps2_wait_read
 .text          0x0000000000205151      0x3fd ../bin/obj/memory.o
                0x0000000000205151                memory_init
                0x0000000000205172                GRUB_GetMemInfo
                0x0000000000205259                malloc
                0x00000000002053d8                demalloc
                0x000000000020543b                kmemset
                0x000000000020546b                MemCopy
                0x00000000002054c0                strcopy
                0x0000000000205511                strncpy
 .text          0x000000000020554e      0x691 ../bin/obj/pci.o
                0x000000000020554e                pci_init
                0x0000000000205712                pci_get_device
                0x00000000002057fb                pci_get_val
                0x000000000020589c                GetPCIDevice
                0x0000000000205a4b                pciConfigRead
                0x0000000000205af1                pciConfigWrite
                0x0000000000205b95                pciGetInterruptLine
 .text          0x0000000000205bdf      0x853 ../bin/obj/ahci.o
                0x0000000000205bdf                AHCI_init
                0x0000000000205c5c                getBAR5
                0x0000000000205ce2                AHCI_setup_port
                0x0000000000205d14                search_drives
                0x0000000000205f92                port_rebase
                0x00000000002060f4                start_cmd
                0x0000000000206136                stop_cmd
                0x000000000020618c                Read_SATA
                0x00000000002063ac                find_cmdslot
 .text          0x0000000000206432      0xf1a ../bin/obj/ATA.o
                0x0000000000206432                ATA_init
                0x00000000002066b2                ATAPI_init
                0x00000000002066cb                ATAwait
                0x00000000002066fe                ATAPI_CHECK
                0x0000000000206827                ATA_swreset
                0x00000000002068bf                DRIVE_ERROR_DETECT
                0x0000000000206919                nIEN_rs
                0x0000000000206961                PIO_READ_ATA
                0x0000000000206afb                PIO_WRITE_ATA
                0x0000000000206ce9                PIO_READ_ATAPI
                0x0000000000206f8a                DMA_ATA_SETUP
                0x0000000000207089                DMA_ATA_READ
                0x00000000002071db                DMA_ATA_WRITE
                0x00000000002072de                ATA_STANDARD
 .text          0x000000000020734c      0xbf8 ../bin/obj/fat.o
                0x000000000020734c                GetBootCodeFAT
                0x0000000000207393                FATinit
                0x0000000000207440                GetFile
                0x00000000002074b9                FindFile
                0x00000000002075a7                FAT_Traverse
                0x000000000020765b                fat_find_dir
                0x0000000000207778                FindNextDir
                0x000000000020789c                FAT32_WRITE_FILE
                0x00000000002079c2                FAT32_DIRPREP
                0x0000000000207a90                FAT32_Write_cluster
                0x0000000000207ae2                FAT32_READ_FILE
                0x0000000000207b4e                FAT_cluster_LBA
                0x0000000000207b86                FAT_read_table
                0x0000000000207c74                ReadDir
                0x0000000000207ddb                FATFindFreeClusterChain
 .text          0x0000000000207f44      0x261 ../bin/obj/hdd.o
                0x0000000000207f44                get_drive_info
                0x0000000000208108                GetFirstSectLBA
 .text          0x00000000002081a5       0x19 ../bin/obj/iso.o
                0x00000000002081a5                iso_init
 .text          0x00000000002081be      0x1f8 ../bin/obj/DRVhandl.o
                0x00000000002081be                driver_type
                0x00000000002081ee                FindDriver
                0x0000000000208338                run_v86_driver
 *fill*         0x00000000002083b6        0xa 
 .text          0x00000000002083c0       0x79 ../bin/obj/v86.o
                0x00000000002083c0                v86_enter
                0x00000000002083fa                do_exor
                0x0000000000208409                do_regs
                0x000000000020841b                v86_ret
 .text          0x0000000000208439      0x801 ../bin/obj/multitasking.o
                0x0000000000208439                Task_Save_State
                0x0000000000208547                task_timeguard
                0x000000000020874c                task_push
                0x0000000000208815                task_pop
                0x0000000000208a38                task_save
                0x0000000000208b86                task_findnew
                0x0000000000208bd7                task_internal_ret_from_interrupt
 .text          0x0000000000208c3a      0x142 ../bin/obj/v86c.o
                0x0000000000208c3a                v86_linear_to_sgoff
                0x0000000000208c77                v86_sgoff_to_linear
                0x0000000000208cac                v86_interrupt
                0x0000000000208d24                v86_save_state
 .text          0x0000000000208d7c      0x463 ../bin/obj/vesa.o
                0x0000000000208d7c                vesa_init
                0x0000000000208e6a                vesa_findmode
                0x0000000000209138                vesa_difference
                0x000000000020914d                vesa_put_pixel

.text.__x86.get_pc_thunk.ax
                0x00000000002091df        0x4
 .text.__x86.get_pc_thunk.ax
                0x00000000002091df        0x4 ../bin/obj/kc.o
                0x00000000002091df                __x86.get_pc_thunk.ax

.text.__x86.get_pc_thunk.bx
                0x00000000002091e3        0x4
 .text.__x86.get_pc_thunk.bx
                0x00000000002091e3        0x4 ../bin/obj/kc.o
                0x00000000002091e3                __x86.get_pc_thunk.bx

.text.__x86.get_pc_thunk.dx
                0x00000000002091e7        0x4
 .text.__x86.get_pc_thunk.dx
                0x00000000002091e7        0x4 ../bin/obj/pci.o
                0x00000000002091e7                __x86.get_pc_thunk.dx

.iplt           0x00000000002091f0        0x0
 .iplt          0x00000000002091f0        0x0 ../bin/obj/stack.o

.rodata         0x00000000002091ec      0x867
 .rodata        0x00000000002091ec       0x9a ../bin/obj/kc.o
 .rodata        0x0000000000209286        0x3 ../bin/obj/screen.o
                0x0000000000209286                height
                0x0000000000209287                width
                0x0000000000209288                depth
 .rodata        0x0000000000209289       0xd0 ../bin/obj/isr.o
 .rodata        0x0000000000209359       0x1b ../bin/obj/util.o
 .rodata        0x0000000000209374      0x430 ../bin/obj/errorHandl.o
 .rodata        0x00000000002097a4       0x6d ../bin/obj/keyboard.o
 .rodata        0x0000000000209811       0x36 ../bin/obj/pci.o
 *fill*         0x0000000000209847        0x1 
 .rodata        0x0000000000209848       0x9a ../bin/obj/ahci.o
 .rodata        0x00000000002098e2       0xa1 ../bin/obj/ATA.o
 .rodata        0x0000000000209983        0xb ../bin/obj/fat.o
 .rodata        0x000000000020998e       0x11 ../bin/obj/hdd.o
 .rodata        0x000000000020999f       0x54 ../bin/obj/DRVhandl.o
 .rodata        0x00000000002099f3       0x60 ../bin/obj/multitasking.o

.eh_frame       0x0000000000209a54     0x17f4
 .eh_frame      0x0000000000209a54       0xac ../bin/obj/kc.o
 .eh_frame      0x0000000000209b00      0x100 ../bin/obj/sys.o
                                        0x12c (size before relaxing)
 .eh_frame      0x0000000000209c00      0x1c8 ../bin/obj/screen.o
                                        0x208 (size before relaxing)
 .eh_frame      0x0000000000209dc8       0x8c ../bin/obj/gdt.o
                                         0xcc (size before relaxing)
 .eh_frame      0x0000000000209e54      0x1fc ../bin/obj/hardw.o
                                        0x23c (size before relaxing)
 .eh_frame      0x000000000020a050       0xa4 ../bin/obj/cpu.o
                                         0xe4 (size before relaxing)
 .eh_frame      0x000000000020a0f4      0x260 ../bin/obj/isr.o
                                        0x2a0 (size before relaxing)
 .eh_frame      0x000000000020a354      0x24c ../bin/obj/util.o
                                        0x28c (size before relaxing)
 .eh_frame      0x000000000020a5a0       0xa4 ../bin/obj/errorHandl.o
                                         0xd0 (size before relaxing)
 .eh_frame      0x000000000020a644      0x188 ../bin/obj/keyboard.o
                                        0x1c8 (size before relaxing)
 .eh_frame      0x000000000020a7cc      0x10c ../bin/obj/memory.o
                                        0x138 (size before relaxing)
 .eh_frame      0x000000000020a8d8      0x128 ../bin/obj/pci.o
                                        0x168 (size before relaxing)
 .eh_frame      0x000000000020aa00      0x160 ../bin/obj/ahci.o
                                        0x1a0 (size before relaxing)
 .eh_frame      0x000000000020ab60      0x1f8 ../bin/obj/ATA.o
                                        0x238 (size before relaxing)
 .eh_frame      0x000000000020ad58      0x228 ../bin/obj/fat.o
                                        0x268 (size before relaxing)
 .eh_frame      0x000000000020af80       0x48 ../bin/obj/hdd.o
                                         0x74 (size before relaxing)
 .eh_frame      0x000000000020afc8       0x20 ../bin/obj/iso.o
                                         0x4c (size before relaxing)
 .eh_frame      0x000000000020afe8       0x68 ../bin/obj/DRVhandl.o
                                         0xa8 (size before relaxing)
 .eh_frame      0x000000000020b050       0xe8 ../bin/obj/multitasking.o
                                        0x13c (size before relaxing)
 .eh_frame      0x000000000020b138       0x84 ../bin/obj/v86c.o
                                         0xb0 (size before relaxing)
 .eh_frame      0x000000000020b1bc       0x8c ../bin/obj/vesa.o
                                         0xcc (size before relaxing)

.note.gnu.property
                0x000000000020b248       0x1c
 .note.gnu.property
                0x000000000020b248       0x1c ../bin/obj/stack.o

.rel.dyn        0x000000000020b264        0x0
 .rel.got       0x000000000020b264        0x0 ../bin/obj/stack.o
 .rel.iplt      0x000000000020b264        0x0 ../bin/obj/stack.o
 .rel.text      0x000000000020b264        0x0 ../bin/obj/stack.o

.data           0x000000000020b264       0x18
 *(.data)
 .data          0x000000000020b264        0x0 ../bin/obj/kc.o
 .data          0x000000000020b264        0x0 ../bin/obj/sys.o
 .data          0x000000000020b264        0x4 ../bin/obj/screen.o
                0x000000000020b264                color
 .data          0x000000000020b268        0x0 ../bin/obj/gdt.o
 .data          0x000000000020b268        0x4 ../bin/obj/hardw.o
                0x000000000020b268                CMOS_NMI_disable
 .data          0x000000000020b26c        0x0 ../bin/obj/cpu.o
 .data          0x000000000020b26c        0x0 ../bin/obj/isr.o
 .data          0x000000000020b26c        0x0 ../bin/obj/util.o
 .data          0x000000000020b26c        0x0 ../bin/obj/errorHandl.o
 .data          0x000000000020b26c        0x4 ../bin/obj/keyboard.o
                0x000000000020b26c                scancodeset
 .data          0x000000000020b270        0x8 ../bin/obj/memory.o
                0x000000000020b270                MEM_start
                0x000000000020b274                mem_table_entry
 .data          0x000000000020b278        0x0 ../bin/obj/pci.o
 .data          0x000000000020b278        0x0 ../bin/obj/ahci.o
 .data          0x000000000020b278        0x0 ../bin/obj/ATA.o
 .data          0x000000000020b278        0x0 ../bin/obj/fat.o
 .data          0x000000000020b278        0x0 ../bin/obj/hdd.o
 .data          0x000000000020b278        0x0 ../bin/obj/iso.o
 .data          0x000000000020b278        0x0 ../bin/obj/DRVhandl.o
 .data          0x000000000020b278        0x4 ../bin/obj/multitasking.o
                0x000000000020b278                isMultitasking
 .data          0x000000000020b27c        0x0 ../bin/obj/v86c.o
 .data          0x000000000020b27c        0x0 ../bin/obj/vesa.o

.data.rel.local
                0x000000000020b27c       0x10
 .data.rel.local
                0x000000000020b27c        0x4 ../bin/obj/keyboard.o
                0x000000000020b27c                keyboard_chars
 .data.rel.local
                0x000000000020b280        0xc ../bin/obj/DRVhandl.o
                0x000000000020b280                UNKOWN
                0x000000000020b284                EMPTY
                0x000000000020b288                VESA

.got            0x000000000020b28c        0x0
 .got           0x000000000020b28c        0x0 ../bin/obj/stack.o

.got.plt        0x000000000020b28c        0xc
 .got.plt       0x000000000020b28c        0xc ../bin/obj/stack.o
                0x000000000020b28c                _GLOBAL_OFFSET_TABLE_

.igot.plt       0x000000000020b298        0x0
 .igot.plt      0x000000000020b298        0x0 ../bin/obj/stack.o

.bss            0x000000000020b2a0    0x45d74
 *(.bss)
 .bss           0x000000000020b2a0        0xc ../bin/obj/kc.o
                0x000000000020b2a0                KERNEL_FLAGS
 .bss           0x000000000020b2ac        0x0 ../bin/obj/sys.o
 .bss           0x000000000020b2ac       0x10 ../bin/obj/screen.o
                0x000000000020b2ac                cursorX
                0x000000000020b2b0                cursorY
 *fill*         0x000000000020b2bc        0x4 
 .bss           0x000000000020b2c0       0x56 ../bin/obj/gdt.o
 *fill*         0x000000000020b316        0x2 
 .bss           0x000000000020b318        0x8 ../bin/obj/hardw.o
 .bss           0x000000000020b320      0x826 ../bin/obj/cpu.o
 *fill*         0x000000000020bb46        0x2 
 .bss           0x000000000020bb48        0xc ../bin/obj/isr.o
                0x000000000020bb48                sec
 .bss           0x000000000020bb54       0x10 ../bin/obj/util.o
 .bss           0x000000000020bb64        0x8 ../bin/obj/errorHandl.o
 .bss           0x000000000020bb6c       0x10 ../bin/obj/keyboard.o
                0x000000000020bb6c                code_bfr_loc
                0x000000000020bb70                shift
 .bss           0x000000000020bb7c        0x8 ../bin/obj/memory.o
 .bss           0x000000000020bb84        0x8 ../bin/obj/pci.o
 .bss           0x000000000020bb8c        0x8 ../bin/obj/ahci.o
 .bss           0x000000000020bb94        0x8 ../bin/obj/ATA.o
 .bss           0x000000000020bb9c       0x10 ../bin/obj/fat.o
 .bss           0x000000000020bbac        0x8 ../bin/obj/hdd.o
 .bss           0x000000000020bbb4        0x8 ../bin/obj/iso.o
 .bss           0x000000000020bbbc        0x8 ../bin/obj/DRVhandl.o
 .bss           0x000000000020bbc4        0xd ../bin/obj/multitasking.o
                0x000000000020bbc4                CurrentTasks
 *fill*         0x000000000020bbd1        0x3 
 .bss           0x000000000020bbd4        0x8 ../bin/obj/v86c.o
 .bss           0x000000000020bbdc        0x8 ../bin/obj/vesa.o
 .bss           0x000000000020bbe4     0x1000 ../bin/obj/stack.o
                0x000000000020bbe4                stack
                0x000000000020cbe4                end_stack
 *fill*         0x000000000020cbe4       0x1c 
 COMMON         0x000000000020cc00     0x4348 ../bin/obj/kc.o
                0x000000000020cc00                BPB
                0x000000000020cc20                tasks
                0x0000000000210820                systeminfo
                0x0000000000210894                current_vid_mode_inf
                0x0000000000210898                segments
                0x000000000021089c                vfs_info
                0x00000000002108c0                pci_devices
                0x0000000000210ec0                devices
                0x0000000000210f40                func_ptr
                0x0000000000210f44                abar
 *fill*         0x0000000000210f48       0x18 
 COMMON         0x0000000000210f60       0x68 ../bin/obj/gdt.o
                0x0000000000210f60                tss
 COMMON         0x0000000000210fc8        0x8 ../bin/obj/cpu.o
                0x0000000000210fc8                VendorID
                0x0000000000210fcc                cpuvend
 COMMON         0x0000000000210fd0       0x11 ../bin/obj/isr.o
                0x0000000000210fd0                before_int_ax
                0x0000000000210fd2                tckcounter
                0x0000000000210fd4                int_stack
                0x0000000000210fd8                last_interrupt
                0x0000000000210fda                before_int_di
                0x0000000000210fdc                counter
                0x0000000000210fde                mouse_cycle
                0x0000000000210fdf                mouse_byte
 *fill*         0x0000000000210fe1        0x3 
 COMMON         0x0000000000210fe4        0x8 ../bin/obj/keyboard.o
                0x0000000000210fe4                key_bfr
                0x0000000000210fe8                key_bfr_codes
 *fill*         0x0000000000210fec       0x14 
 COMMON         0x0000000000211000    0x40004 ../bin/obj/memory.o
                0x0000000000211000                mem_table
                0x0000000000251000                MEM_MAX
 COMMON         0x0000000000251004        0x8 ../bin/obj/ATA.o
                0x0000000000251004                prdt
                0x0000000000251008                BMR
 COMMON         0x000000000025100c        0x4 ../bin/obj/fat.o
                0x000000000025100c                ROOTDIR
 COMMON         0x0000000000251010        0x4 ../bin/obj/vesa.o
                0x0000000000251010                screen
LOAD ../bin/obj/kasm.o
LOAD ../bin/obj/kc.o
LOAD ../bin/obj/sys.o
LOAD ../bin/obj/screen.o
LOAD ../bin/obj/gdt.o
LOAD ../bin/obj/gdtasm.o
LOAD ../bin/obj/hardw.o
LOAD ../bin/obj/cpu.o
LOAD ../bin/obj/isr.o
LOAD ../bin/obj/util.o
LOAD ../bin/obj/idta.o
LOAD ../bin/obj/isra.o
LOAD ../bin/obj/asm.o
LOAD ../bin/obj/errorHandl.o
LOAD ../bin/obj/keyboard.o
LOAD ../bin/obj/memory.o
LOAD ../bin/obj/pci.o
LOAD ../bin/obj/ahci.o
LOAD ../bin/obj/ATA.o
LOAD ../bin/obj/fat.o
LOAD ../bin/obj/hdd.o
LOAD ../bin/obj/iso.o
LOAD ../bin/obj/DRVhandl.o
LOAD ../bin/obj/v86.o
LOAD ../bin/obj/multitasking.o
LOAD ../bin/obj/v86c.o
LOAD ../bin/obj/vesa.o
LOAD ../bin/obj/stack.o
OUTPUT(../bin/kernel/kernel.sys elf32-i386)

.comment        0x0000000000000000       0x29
 .comment       0x0000000000000000       0x29 ../bin/obj/kc.o
                                         0x2a (size before relaxing)
 .comment       0x0000000000000029       0x2a ../bin/obj/sys.o
 .comment       0x0000000000000029       0x2a ../bin/obj/screen.o
 .comment       0x0000000000000029       0x2a ../bin/obj/gdt.o
 .comment       0x0000000000000029       0x2a ../bin/obj/hardw.o
 .comment       0x0000000000000029       0x2a ../bin/obj/cpu.o
 .comment       0x0000000000000029       0x2a ../bin/obj/isr.o
 .comment       0x0000000000000029       0x2a ../bin/obj/util.o
 .comment       0x0000000000000029       0x2a ../bin/obj/errorHandl.o
 .comment       0x0000000000000029       0x2a ../bin/obj/keyboard.o
 .comment       0x0000000000000029       0x2a ../bin/obj/memory.o
 .comment       0x0000000000000029       0x2a ../bin/obj/pci.o
 .comment       0x0000000000000029       0x2a ../bin/obj/ahci.o
 .comment       0x0000000000000029       0x2a ../bin/obj/ATA.o
 .comment       0x0000000000000029       0x2a ../bin/obj/fat.o
 .comment       0x0000000000000029       0x2a ../bin/obj/hdd.o
 .comment       0x0000000000000029       0x2a ../bin/obj/iso.o
 .comment       0x0000000000000029       0x2a ../bin/obj/DRVhandl.o
 .comment       0x0000000000000029       0x2a ../bin/obj/multitasking.o
 .comment       0x0000000000000029       0x2a ../bin/obj/v86c.o
 .comment       0x0000000000000029       0x2a ../bin/obj/vesa.o

.note.GNU-stack
                0x0000000000000000        0x0
 .note.GNU-stack
                0x0000000000000000        0x0 ../bin/obj/kc.o
 .note.GNU-stack
                0x0000000000000000        0x0 ../bin/obj/sys.o
 .note.GNU-stack
                0x0000000000000000        0x0 ../bin/obj/screen.o
 .note.GNU-stack
                0x0000000000000000        0x0 ../bin/obj/gdt.o
 .note.GNU-stack
                0x0000000000000000        0x0 ../bin/obj/hardw.o
 .note.GNU-stack
                0x0000000000000000        0x0 ../bin/obj/cpu.o
 .note.GNU-stack
                0x0000000000000000        0x0 ../bin/obj/isr.o
 .note.GNU-stack
                0x0000000000000000        0x0 ../bin/obj/util.o
 .note.GNU-stack
                0x0000000000000000        0x0 ../bin/obj/errorHandl.o
 .note.GNU-stack
                0x0000000000000000        0x0 ../bin/obj/keyboard.o
 .note.GNU-stack
                0x0000000000000000        0x0 ../bin/obj/memory.o
 .note.GNU-stack
                0x0000000000000000        0x0 ../bin/obj/pci.o
 .note.GNU-stack
                0x0000000000000000        0x0 ../bin/obj/ahci.o
 .note.GNU-stack
                0x0000000000000000        0x0 ../bin/obj/ATA.o
 .note.GNU-stack
                0x0000000000000000        0x0 ../bin/obj/fat.o
 .note.GNU-stack
                0x0000000000000000        0x0 ../bin/obj/hdd.o
 .note.GNU-stack
                0x0000000000000000        0x0 ../bin/obj/iso.o
 .note.GNU-stack
                0x0000000000000000        0x0 ../bin/obj/DRVhandl.o
 .note.GNU-stack
                0x0000000000000000        0x0 ../bin/obj/multitasking.o
 .note.GNU-stack
                0x0000000000000000        0x0 ../bin/obj/v86c.o
 .note.GNU-stack
                0x0000000000000000        0x0 ../bin/obj/vesa.o
