
Allocating common symbols
Common symbol       size              file

BPB                 0x4               ../bin/obj/kc.o
prdt                0x4               ../bin/obj/ATA.o
before_int_ax       0x2               ../bin/obj/isr.o
tckcounter          0x1               ../bin/obj/isr.o
tasks               0x294             ../bin/obj/kc.o
systeminfo          0x68              ../bin/obj/kc.o
pci_device_info     0x28000           ../bin/obj/kc.o
int_stack           0x4               ../bin/obj/isr.o
buff                0x100             ../bin/obj/keyboard.o
mem_table           0x40000           ../bin/obj/memory.o
tss                 0x68              ../bin/obj/gdt.o
VendorID            0x4               ../bin/obj/cpu.o
cpuvend             0x4               ../bin/obj/cpu.o
last_interrupt      0x1               ../bin/obj/isr.o
segments            0x4               ../bin/obj/kc.o
before_int_di       0x2               ../bin/obj/isr.o
vfs_info            0xc               ../bin/obj/kc.o
counter             0x2               ../bin/obj/isr.o
BMR                 0x4               ../bin/obj/ATA.o
devices             0x80              ../bin/obj/kc.o
MEM_MAX             0x4               ../bin/obj/memory.o
ROOTDIR             0x4               ../bin/obj/fat.o
abar                0x4               ../bin/obj/kc.o

Discarded input sections

 .group         0x0000000000000000        0x8 ../bin/obj/kc.o
 .group         0x0000000000000000        0x8 ../bin/obj/sys.o
 .group         0x0000000000000000        0x8 ../bin/obj/screen.o
 .group         0x0000000000000000        0x8 ../bin/obj/screen.o
 .text.__x86.get_pc_thunk.ax
                0x0000000000000000        0x4 ../bin/obj/screen.o
 .text.__x86.get_pc_thunk.bx
                0x0000000000000000        0x4 ../bin/obj/screen.o
 .group         0x0000000000000000        0x8 ../bin/obj/gdt.o
 .group         0x0000000000000000        0x8 ../bin/obj/gdt.o
 .text.__x86.get_pc_thunk.ax
                0x0000000000000000        0x4 ../bin/obj/gdt.o
 .text.__x86.get_pc_thunk.bx
                0x0000000000000000        0x4 ../bin/obj/gdt.o
 .group         0x0000000000000000        0x8 ../bin/obj/hardw.o
 .group         0x0000000000000000        0x8 ../bin/obj/hardw.o
 .text.__x86.get_pc_thunk.ax
                0x0000000000000000        0x4 ../bin/obj/hardw.o
 .text.__x86.get_pc_thunk.bx
                0x0000000000000000        0x4 ../bin/obj/hardw.o
 .group         0x0000000000000000        0x8 ../bin/obj/cpu.o
 .group         0x0000000000000000        0x8 ../bin/obj/cpu.o
 .text.__x86.get_pc_thunk.ax
                0x0000000000000000        0x4 ../bin/obj/cpu.o
 .text.__x86.get_pc_thunk.bx
                0x0000000000000000        0x4 ../bin/obj/cpu.o
 .group         0x0000000000000000        0x8 ../bin/obj/isr.o
 .group         0x0000000000000000        0x8 ../bin/obj/isr.o
 .text.__x86.get_pc_thunk.ax
                0x0000000000000000        0x4 ../bin/obj/isr.o
 .text.__x86.get_pc_thunk.bx
                0x0000000000000000        0x4 ../bin/obj/isr.o
 .group         0x0000000000000000        0x8 ../bin/obj/util.o
 .group         0x0000000000000000        0x8 ../bin/obj/util.o
 .text.__x86.get_pc_thunk.ax
                0x0000000000000000        0x4 ../bin/obj/util.o
 .text.__x86.get_pc_thunk.bx
                0x0000000000000000        0x4 ../bin/obj/util.o
 .group         0x0000000000000000        0x8 ../bin/obj/errorHandl.o
 .text.__x86.get_pc_thunk.bx
                0x0000000000000000        0x4 ../bin/obj/errorHandl.o
 .group         0x0000000000000000        0x8 ../bin/obj/keyboard.o
 .group         0x0000000000000000        0x8 ../bin/obj/keyboard.o
 .text.__x86.get_pc_thunk.ax
                0x0000000000000000        0x4 ../bin/obj/keyboard.o
 .text.__x86.get_pc_thunk.bx
                0x0000000000000000        0x4 ../bin/obj/keyboard.o
 .group         0x0000000000000000        0x8 ../bin/obj/memory.o
 .text.__x86.get_pc_thunk.ax
                0x0000000000000000        0x4 ../bin/obj/memory.o
 .group         0x0000000000000000        0x8 ../bin/obj/pci.o
 .group         0x0000000000000000        0x8 ../bin/obj/pci.o
 .text.__x86.get_pc_thunk.ax
                0x0000000000000000        0x4 ../bin/obj/pci.o
 .text.__x86.get_pc_thunk.bx
                0x0000000000000000        0x4 ../bin/obj/pci.o
 .group         0x0000000000000000        0x8 ../bin/obj/ahci.o
 .group         0x0000000000000000        0x8 ../bin/obj/ahci.o
 .text.__x86.get_pc_thunk.ax
                0x0000000000000000        0x4 ../bin/obj/ahci.o
 .text.__x86.get_pc_thunk.bx
                0x0000000000000000        0x4 ../bin/obj/ahci.o
 .group         0x0000000000000000        0x8 ../bin/obj/ATA.o
 .group         0x0000000000000000        0x8 ../bin/obj/ATA.o
 .text.__x86.get_pc_thunk.ax
                0x0000000000000000        0x4 ../bin/obj/ATA.o
 .text.__x86.get_pc_thunk.bx
                0x0000000000000000        0x4 ../bin/obj/ATA.o
 .group         0x0000000000000000        0x8 ../bin/obj/fat.o
 .group         0x0000000000000000        0x8 ../bin/obj/fat.o
 .text.__x86.get_pc_thunk.ax
                0x0000000000000000        0x4 ../bin/obj/fat.o
 .text.__x86.get_pc_thunk.bx
                0x0000000000000000        0x4 ../bin/obj/fat.o
 .group         0x0000000000000000        0x8 ../bin/obj/hdd.o
 .text.__x86.get_pc_thunk.bx
                0x0000000000000000        0x4 ../bin/obj/hdd.o
 .group         0x0000000000000000        0x8 ../bin/obj/iso.o
 .text.__x86.get_pc_thunk.ax
                0x0000000000000000        0x4 ../bin/obj/iso.o
 .group         0x0000000000000000        0x8 ../bin/obj/DRVhandl.o
 .group         0x0000000000000000        0x8 ../bin/obj/DRVhandl.o
 .text.__x86.get_pc_thunk.ax
                0x0000000000000000        0x4 ../bin/obj/DRVhandl.o
 .text.__x86.get_pc_thunk.bx
                0x0000000000000000        0x4 ../bin/obj/DRVhandl.o
 .group         0x0000000000000000        0x8 ../bin/obj/multitasking.o
 .group         0x0000000000000000        0x8 ../bin/obj/multitasking.o
 .group         0x0000000000000000        0x8 ../bin/obj/multitasking.o
 .text.__x86.get_pc_thunk.ax
                0x0000000000000000        0x4 ../bin/obj/multitasking.o
 .text.__x86.get_pc_thunk.bx
                0x0000000000000000        0x4 ../bin/obj/multitasking.o
 .group         0x0000000000000000        0x8 ../bin/obj/v86c.o
 .text.__x86.get_pc_thunk.ax
                0x0000000000000000        0x4 ../bin/obj/v86c.o
 .group         0x0000000000000000        0x8 ../bin/obj/vesa.o
 .group         0x0000000000000000        0x8 ../bin/obj/vesa.o
 .text.__x86.get_pc_thunk.ax
                0x0000000000000000        0x4 ../bin/obj/vesa.o
 .text.__x86.get_pc_thunk.bx
                0x0000000000000000        0x4 ../bin/obj/vesa.o

Memory Configuration

Name             Origin             Length             Attributes
*default*        0x0000000000000000 0xffffffffffffffff

Linker script and memory map

                0x0000000000200000                . = 0x200000

.text           0x0000000000200000     0x8955
 *(.text)
 .text          0x0000000000200000     0x20ad ../bin/obj/kasm.o
                0x000000000020000c                start
                0x0000000000200021                paging
 .text          0x00000000002020ad      0x306 ../bin/obj/kc.o
                0x00000000002020ad                main
                0x0000000000202306                kernel_version
 .text          0x00000000002023b3      0x157 ../bin/obj/sys.o
                0x00000000002023b3                inb
                0x00000000002023da                inw
                0x0000000000202403                outb
                0x000000000020242e                outw
                0x0000000000202459                outl
                0x000000000020247b                inl
                0x00000000002024a1                sysinlong
                0x00000000002024c7                outsw
 .text          0x000000000020250a      0x734 ../bin/obj/screen.o
                0x000000000020250a                updCurs
                0x0000000000202593                setcolor
                0x00000000002025ac                trace
                0x00000000002026ae                putchar
                0x000000000020281e                TextModeVideoMemDump
                0x0000000000202863                print
                0x00000000002028c5                printline
                0x0000000000202944                linecheck
                0x0000000000202979                clearl
                0x0000000000202a25                clearscr
                0x0000000000202a73                scroll
                0x0000000000202b77                disablecursor
                0x0000000000202bb3                paintscr
 .text          0x0000000000202c3e      0x247 ../bin/obj/gdt.o
                0x0000000000202c3e                Prep_TSS
                0x0000000000202cdd                TSS_update_stack
                0x0000000000202d0c                GDT
 *fill*         0x0000000000202e85        0xb 
 .text          0x0000000000202e90       0x36 ../bin/obj/gdtasm.o
                0x0000000000202e90                gdt_set32
                0x0000000000202ec2                CRzero
 .text          0x0000000000202ec6      0x5d6 ../bin/obj/hardw.o
                0x0000000000202ec6                setints
                0x0000000000202f0f                IRQclrmsk
                0x0000000000202f85                IRQclrallmsks
                0x0000000000202fbe                IRQmskall
                0x0000000000203020                IRQdisableall
                0x000000000020305c                IRQsetmsk
                0x00000000002030d0                initpics
                0x00000000002031b4                inthndld
                0x00000000002031f9                PIC_remap
                0x00000000002032e2                PIT_init
                0x000000000020333b                inita20
                0x00000000002033d9                DetectSpeed
                0x0000000000203441                keybsndcom
                0x0000000000203472                keybwait
 .text          0x000000000020349c      0x12a ../bin/obj/cpu.o
                0x000000000020349c                idtent
                0x00000000002034ca                setidt
                0x0000000000203520                CPUID
                0x000000000020354e                IDT_add
                0x00000000002035ab                cpuSetMSR
 .text          0x00000000002035c6      0x80e ../bin/obj/isr.o
                0x00000000002035c6                isrinst
                0x000000000020370f                isr0c
                0x0000000000203748                isr1c
                0x0000000000203791                isr3c
                0x00000000002037bd                isr4c
                0x00000000002037cf                isr7c
                0x0000000000203816                isr8c
                0x000000000020383d                isr11c
                0x0000000000203868                isr12c
                0x0000000000203894                isr13c
                0x0000000000203c53                isr14c
                0x0000000000203c7e                isr15
                0x0000000000203caa                isr20c
                0x0000000000203cfb                isr21c
                0x0000000000203d50                isr30c
                0x0000000000203d89                isr47c
 .text          0x0000000000203dd4      0x61f ../bin/obj/util.o
                0x0000000000203dd4                getBYTE
                0x0000000000203e09                getWORD
                0x0000000000203e3f                eqlstr
                0x0000000000203ec3                sleep
                0x0000000000203f04                timer_start
                0x0000000000203f23                timer_end
                0x0000000000203f51                movestr
                0x0000000000203fca                hasStr
                0x000000000020402e                hexstr
                0x0000000000204095                intstr
                0x0000000000204148                strlen
                0x0000000000204179                TransformUpLowUC
                0x0000000000204229                PartyChop
                0x0000000000204278                strtok
                0x00000000002042c9                strsep
                0x0000000000204321                strpbrk
 *fill*         0x00000000002043f3        0xd 
 .text          0x0000000000204400        0xa ../bin/obj/idta.o
                0x0000000000204400                idt_set
 *fill*         0x000000000020440a        0x6 
 .text          0x0000000000204410       0xf1 ../bin/obj/isra.o
                0x0000000000204410                isr0
                0x000000000020442c                isr1
                0x000000000020443a                isr3
                0x0000000000204444                isr4
                0x000000000020444c                isr7
                0x0000000000204455                isr8
                0x0000000000204463                isr9
                0x0000000000204464                isr10
                0x0000000000204467                isr11
                0x0000000000204478                isr13
                0x00000000002044b4                isr14
                0x00000000002044be                isr20
                0x00000000002044e6                isr21
                0x00000000002044ef                isr30
                0x00000000002044f8                isr47
 *fill*         0x0000000000204501        0xf 
 .text          0x0000000000204510       0xfb ../bin/obj/asm.o
                0x0000000000204510                PIT_initasm
                0x000000000020451f                PIT_readcount
                0x0000000000204537                enable_A20
                0x0000000000204583                GetCPUVendor
                0x000000000020459d                TLBflush
                0x00000000002045a7                getESP
                0x00000000002045b2                TSS_flush
                0x00000000002045ba                jmp_user_mode
                0x00000000002045e7                jmp_back_kernel
                0x00000000002045fb                memory_set_stack
                0x0000000000204607                StackPointer
 .text          0x000000000020460b      0x48d ../bin/obj/errorHandl.o
                0x000000000020460b                kernel_panic
                0x000000000020470a                kernel_panic_dump
                0x0000000000204881                InitFail
                0x00000000002048e0                console_Warning
                0x0000000000204932                error
 .text          0x0000000000204a98      0x170 ../bin/obj/keyboard.o
                0x0000000000204a98                keybin
                0x0000000000204adb                putonscr
                0x0000000000204af4                IS_pressed
                0x0000000000204b27                hang_for_key
                0x0000000000204b52                InitKbrd
 .text          0x0000000000204c08      0x3fd ../bin/obj/memory.o
                0x0000000000204c08                memory_init
                0x0000000000204c29                GRUB_GetMemInfo
                0x0000000000204d10                malloc
                0x0000000000204e8f                demalloc
                0x0000000000204ef2                kmemset
                0x0000000000204f22                MemCopy
                0x0000000000204f77                strcopy
                0x0000000000204fc8                strncpy
 .text          0x0000000000205005      0x3e4 ../bin/obj/pci.o
                0x0000000000205005                getPCIval
                0x00000000002050a6                GetPCIDevice
                0x0000000000205255                pciConfigRead
                0x00000000002052fb                pciConfigWrite
                0x000000000020539f                pciGetInterruptLine
 .text          0x00000000002053e9      0x853 ../bin/obj/ahci.o
                0x00000000002053e9                AHCI_init
                0x0000000000205466                getBAR5
                0x00000000002054ec                AHCI_setup_port
                0x000000000020551e                search_drives
                0x000000000020579c                port_rebase
                0x00000000002058fe                start_cmd
                0x0000000000205940                stop_cmd
                0x0000000000205996                Read_SATA
                0x0000000000205bb6                find_cmdslot
 .text          0x0000000000205c3c      0xf45 ../bin/obj/ATA.o
                0x0000000000205c3c                ATA_init
                0x0000000000205ee7                ATAPI_init
                0x0000000000205f00                ATAwait
                0x0000000000205f33                ATAPI_CHECK
                0x000000000020605c                ATA_swreset
                0x00000000002060f4                DRIVE_ERROR_DETECT
                0x000000000020614e                nIEN_rs
                0x0000000000206196                PIO_READ_ATA
                0x0000000000206330                PIO_WRITE_ATA
                0x000000000020651e                PIO_READ_ATAPI
                0x00000000002067bf                DMA_ATA_SETUP
                0x00000000002068be                DMA_ATA_READ
                0x0000000000206a10                DMA_ATA_WRITE
                0x0000000000206b13                ATA_STANDARD
 .text          0x0000000000206b81      0xbf8 ../bin/obj/fat.o
                0x0000000000206b81                GetBootCodeFAT
                0x0000000000206bc8                FATinit
                0x0000000000206c75                GetFile
                0x0000000000206cee                FindFile
                0x0000000000206ddc                FAT_Traverse
                0x0000000000206e90                fat_find_dir
                0x0000000000206fad                FindNextDir
                0x00000000002070d1                FAT32_WRITE_FILE
                0x00000000002071f7                FAT32_DIRPREP
                0x00000000002072c5                FAT32_Write_cluster
                0x0000000000207317                FAT32_READ_FILE
                0x0000000000207383                FAT_cluster_LBA
                0x00000000002073bb                FAT_read_table
                0x00000000002074a9                ReadDir
                0x0000000000207610                FATFindFreeClusterChain
 .text          0x0000000000207779      0x261 ../bin/obj/hdd.o
                0x0000000000207779                get_drive_info
                0x000000000020793d                GetFirstSectLBA
 .text          0x00000000002079da       0x19 ../bin/obj/iso.o
                0x00000000002079da                iso_init
 .text          0x00000000002079f3      0x1f8 ../bin/obj/DRVhandl.o
                0x00000000002079f3                driver_type
                0x0000000000207a23                FindDriver
                0x0000000000207b6d                run_v86_driver
 *fill*         0x0000000000207beb        0x5 
 .text          0x0000000000207bf0       0x82 ../bin/obj/v86.o
                0x0000000000207bf0                v86_enter
                0x0000000000207c33                do_exor
                0x0000000000207c42                do_regs
                0x0000000000207c54                v86_ret
 .text          0x0000000000207c72      0x81f ../bin/obj/multitasking.o
                0x0000000000207c72                Task_Save_State
                0x0000000000207d80                task_timeguard
                0x0000000000207ea8                task_push_v86
                0x0000000000207f6a                task_push
                0x000000000020802d                task_pop
                0x000000000020829d                task_save
                0x00000000002083ba                task_findnew
                0x000000000020842e                task_internal_ret_from_interrupt
 .text          0x0000000000208491      0x142 ../bin/obj/v86c.o
                0x0000000000208491                v86_linear_to_sgoff
                0x00000000002084ce                v86_sgoff_to_linear
                0x0000000000208503                v86_interrupt
                0x000000000020857b                v86_save_state
 .text          0x00000000002085d3      0x382 ../bin/obj/vesa.o
                0x00000000002085d3                vesa_findmode
                0x00000000002088d0                vesa_difference
                0x00000000002088e5                vesa_put_pixel

.text.__x86.get_pc_thunk.bx
                0x0000000000208955        0x4
 .text.__x86.get_pc_thunk.bx
                0x0000000000208955        0x4 ../bin/obj/kc.o
                0x0000000000208955                __x86.get_pc_thunk.bx

.text.__x86.get_pc_thunk.ax
                0x0000000000208959        0x4
 .text.__x86.get_pc_thunk.ax
                0x0000000000208959        0x4 ../bin/obj/sys.o
                0x0000000000208959                __x86.get_pc_thunk.ax

.text.__x86.get_pc_thunk.dx
                0x000000000020895d        0x4
 .text.__x86.get_pc_thunk.dx
                0x000000000020895d        0x4 ../bin/obj/multitasking.o
                0x000000000020895d                __x86.get_pc_thunk.dx

.iplt           0x0000000000208968        0x0
 .iplt          0x0000000000208968        0x0 ../bin/obj/stack.o

.rodata         0x0000000000208964      0x7dc
 .rodata        0x0000000000208964       0x98 ../bin/obj/kc.o
 .rodata        0x00000000002089fc        0x3 ../bin/obj/screen.o
                0x00000000002089fc                height
                0x00000000002089fd                width
                0x00000000002089fe                depth
 .rodata        0x00000000002089ff       0xb5 ../bin/obj/isr.o
 .rodata        0x0000000000208ab4       0x1b ../bin/obj/util.o
 *fill*         0x0000000000208acf        0x1 
 .rodata        0x0000000000208ad0      0x430 ../bin/obj/errorHandl.o
 .rodata        0x0000000000208f00        0xe ../bin/obj/keyboard.o
 .rodata        0x0000000000208f0e       0x36 ../bin/obj/pci.o
 .rodata        0x0000000000208f44       0x9a ../bin/obj/ahci.o
 .rodata        0x0000000000208fde       0x6d ../bin/obj/ATA.o
 .rodata        0x000000000020904b        0xb ../bin/obj/fat.o
 .rodata        0x0000000000209056       0x11 ../bin/obj/hdd.o
 .rodata        0x0000000000209067       0x54 ../bin/obj/DRVhandl.o
 .rodata        0x00000000002090bb       0x27 ../bin/obj/multitasking.o
 .rodata        0x00000000002090e2       0x5e ../bin/obj/vesa.o

.eh_frame       0x0000000000209140     0x1664
 .eh_frame      0x0000000000209140       0x7c ../bin/obj/kc.o
 .eh_frame      0x00000000002091bc      0x114 ../bin/obj/sys.o
                                        0x12c (size before relaxing)
 .eh_frame      0x00000000002092d0      0x1c8 ../bin/obj/screen.o
                                        0x208 (size before relaxing)
 .eh_frame      0x0000000000209498       0x8c ../bin/obj/gdt.o
                                         0xcc (size before relaxing)
 .eh_frame      0x0000000000209524      0x1fc ../bin/obj/hardw.o
                                        0x23c (size before relaxing)
 .eh_frame      0x0000000000209720       0xa4 ../bin/obj/cpu.o
                                         0xe4 (size before relaxing)
 .eh_frame      0x00000000002097c4      0x23c ../bin/obj/isr.o
                                        0x27c (size before relaxing)
 .eh_frame      0x0000000000209a00      0x22c ../bin/obj/util.o
                                        0x26c (size before relaxing)
 .eh_frame      0x0000000000209c2c       0xa4 ../bin/obj/errorHandl.o
                                         0xd0 (size before relaxing)
 .eh_frame      0x0000000000209cd0       0xa4 ../bin/obj/keyboard.o
                                         0xe4 (size before relaxing)
 .eh_frame      0x0000000000209d74      0x10c ../bin/obj/memory.o
                                        0x138 (size before relaxing)
 .eh_frame      0x0000000000209e80       0xc8 ../bin/obj/pci.o
                                        0x108 (size before relaxing)
 .eh_frame      0x0000000000209f48      0x160 ../bin/obj/ahci.o
                                        0x1a0 (size before relaxing)
 .eh_frame      0x000000000020a0a8      0x1f8 ../bin/obj/ATA.o
                                        0x238 (size before relaxing)
 .eh_frame      0x000000000020a2a0      0x228 ../bin/obj/fat.o
                                        0x268 (size before relaxing)
 .eh_frame      0x000000000020a4c8       0x48 ../bin/obj/hdd.o
                                         0x74 (size before relaxing)
 .eh_frame      0x000000000020a510       0x20 ../bin/obj/iso.o
                                         0x4c (size before relaxing)
 .eh_frame      0x000000000020a530       0x68 ../bin/obj/DRVhandl.o
                                         0xa8 (size before relaxing)
 .eh_frame      0x000000000020a598      0x120 ../bin/obj/multitasking.o
                                        0x160 (size before relaxing)
 .eh_frame      0x000000000020a6b8       0x84 ../bin/obj/v86c.o
                                         0xb0 (size before relaxing)
 .eh_frame      0x000000000020a73c       0x68 ../bin/obj/vesa.o
                                         0xa8 (size before relaxing)

.note.gnu.property
                0x000000000020a7a4       0x1c
 .note.gnu.property
                0x000000000020a7a4       0x1c ../bin/obj/stack.o

.rel.dyn        0x000000000020a7c0        0x0
 .rel.got       0x000000000020a7c0        0x0 ../bin/obj/stack.o
 .rel.iplt      0x000000000020a7c0        0x0 ../bin/obj/stack.o
 .rel.text      0x000000000020a7c0        0x0 ../bin/obj/stack.o
 .rel.data.rel  0x000000000020a7c0        0x0 ../bin/obj/stack.o

.data           0x000000000020a7c0       0x18
 *(.data)
 .data          0x000000000020a7c0        0x0 ../bin/obj/kc.o
 .data          0x000000000020a7c0        0x0 ../bin/obj/sys.o
 .data          0x000000000020a7c0        0x4 ../bin/obj/screen.o
                0x000000000020a7c0                color
 .data          0x000000000020a7c4        0x0 ../bin/obj/gdt.o
 .data          0x000000000020a7c4        0x4 ../bin/obj/hardw.o
                0x000000000020a7c4                CMOS_NMI_disable
 .data          0x000000000020a7c8        0x0 ../bin/obj/cpu.o
 .data          0x000000000020a7c8        0x0 ../bin/obj/isr.o
 .data          0x000000000020a7c8        0x0 ../bin/obj/util.o
 .data          0x000000000020a7c8        0x0 ../bin/obj/errorHandl.o
 .data          0x000000000020a7c8        0x4 ../bin/obj/keyboard.o
                0x000000000020a7c8                scancodeset
 .data          0x000000000020a7cc        0x8 ../bin/obj/memory.o
                0x000000000020a7cc                MEM_start
                0x000000000020a7d0                mem_table_entry
 .data          0x000000000020a7d4        0x0 ../bin/obj/pci.o
 .data          0x000000000020a7d4        0x0 ../bin/obj/ahci.o
 .data          0x000000000020a7d4        0x0 ../bin/obj/ATA.o
 .data          0x000000000020a7d4        0x0 ../bin/obj/fat.o
 .data          0x000000000020a7d4        0x0 ../bin/obj/hdd.o
 .data          0x000000000020a7d4        0x0 ../bin/obj/iso.o
 .data          0x000000000020a7d4        0x0 ../bin/obj/DRVhandl.o
 .data          0x000000000020a7d4        0x0 ../bin/obj/multitasking.o
 .data          0x000000000020a7d4        0x0 ../bin/obj/v86c.o
 .data          0x000000000020a7d4        0x4 ../bin/obj/vesa.o
                0x000000000020a7d4                screen

.data.rel       0x000000000020a7d8        0x4
 .data.rel      0x000000000020a7d8        0x4 ../bin/obj/keyboard.o
                0x000000000020a7d8                kbrdbfr

.data.rel.local
                0x000000000020a7dc        0xc
 .data.rel.local
                0x000000000020a7dc        0xc ../bin/obj/DRVhandl.o
                0x000000000020a7dc                UNKOWN
                0x000000000020a7e0                EMPTY
                0x000000000020a7e4                VESA

.got            0x000000000020a7e8        0x0
 .got           0x000000000020a7e8        0x0 ../bin/obj/stack.o

.got.plt        0x000000000020a7e8        0xc
 .got.plt       0x000000000020a7e8        0xc ../bin/obj/stack.o
                0x000000000020a7e8                _GLOBAL_OFFSET_TABLE_

.igot.plt       0x000000000020a7f4        0x0
 .igot.plt      0x000000000020a7f4        0x0 ../bin/obj/stack.o

.bss            0x000000000020a800    0x69f10
 *(.bss)
 .bss           0x000000000020a800        0xc ../bin/obj/kc.o
                0x000000000020a800                KERNEL_FLAGS
 .bss           0x000000000020a80c        0x0 ../bin/obj/sys.o
 .bss           0x000000000020a80c       0x10 ../bin/obj/screen.o
                0x000000000020a80c                cursorX
                0x000000000020a810                cursorY
 *fill*         0x000000000020a81c        0x4 
 .bss           0x000000000020a820       0x5e ../bin/obj/gdt.o
 *fill*         0x000000000020a87e        0x2 
 .bss           0x000000000020a880        0x8 ../bin/obj/hardw.o
 *fill*         0x000000000020a888       0x18 
 .bss           0x000000000020a8a0      0x826 ../bin/obj/cpu.o
 *fill*         0x000000000020b0c6        0x2 
 .bss           0x000000000020b0c8        0xc ../bin/obj/isr.o
                0x000000000020b0c8                sec
 .bss           0x000000000020b0d4       0x10 ../bin/obj/util.o
 .bss           0x000000000020b0e4        0x8 ../bin/obj/errorHandl.o
 .bss           0x000000000020b0ec       0x1c ../bin/obj/keyboard.o
                0x000000000020b0ec                enter
                0x000000000020b0f0                bEnterPause
                0x000000000020b0f4                boolsk3
                0x000000000020b0f8                noreturn
                0x000000000020b0fc                shift
 .bss           0x000000000020b108        0x8 ../bin/obj/memory.o
 .bss           0x000000000020b110        0x8 ../bin/obj/pci.o
 .bss           0x000000000020b118        0x8 ../bin/obj/ahci.o
 .bss           0x000000000020b120        0x8 ../bin/obj/ATA.o
 .bss           0x000000000020b128       0x10 ../bin/obj/fat.o
 .bss           0x000000000020b138        0x8 ../bin/obj/hdd.o
 .bss           0x000000000020b140        0x8 ../bin/obj/iso.o
 .bss           0x000000000020b148        0x8 ../bin/obj/DRVhandl.o
 .bss           0x000000000020b150        0xd ../bin/obj/multitasking.o
                0x000000000020b150                CurrentTasks
 *fill*         0x000000000020b15d        0x3 
 .bss           0x000000000020b160        0x8 ../bin/obj/v86c.o
 .bss           0x000000000020b168        0x8 ../bin/obj/vesa.o
 .bss           0x000000000020b170     0x1000 ../bin/obj/stack.o
                0x000000000020b170                stack
                0x000000000020c170                end_stack
 *fill*         0x000000000020c170       0x10 
 COMMON         0x000000000020c180    0x283e4 ../bin/obj/kc.o
                0x000000000020c180                BPB
                0x000000000020c1a0                tasks
                0x000000000020c440                systeminfo
                0x000000000020c4c0                pci_device_info
                0x00000000002344c0                segments
                0x00000000002344c4                vfs_info
                0x00000000002344e0                devices
                0x0000000000234560                abar
 *fill*         0x0000000000234564       0x1c 
 COMMON         0x0000000000234580       0x68 ../bin/obj/gdt.o
                0x0000000000234580                tss
 COMMON         0x00000000002345e8        0x8 ../bin/obj/cpu.o
                0x00000000002345e8                VendorID
                0x00000000002345ec                cpuvend
 COMMON         0x00000000002345f0        0xe ../bin/obj/isr.o
                0x00000000002345f0                before_int_ax
                0x00000000002345f2                tckcounter
                0x00000000002345f4                int_stack
                0x00000000002345f8                last_interrupt
                0x00000000002345fa                before_int_di
                0x00000000002345fc                counter
 *fill*         0x00000000002345fe        0x2 
 COMMON         0x0000000000234600      0x100 ../bin/obj/keyboard.o
                0x0000000000234600                buff
 COMMON         0x0000000000234700    0x40004 ../bin/obj/memory.o
                0x0000000000234700                mem_table
                0x0000000000274700                MEM_MAX
 COMMON         0x0000000000274704        0x8 ../bin/obj/ATA.o
                0x0000000000274704                prdt
                0x0000000000274708                BMR
 COMMON         0x000000000027470c        0x4 ../bin/obj/fat.o
                0x000000000027470c                ROOTDIR
LOAD ../bin/obj/kasm.o
LOAD ../bin/obj/kc.o
LOAD ../bin/obj/sys.o
LOAD ../bin/obj/screen.o
LOAD ../bin/obj/gdt.o
LOAD ../bin/obj/gdtasm.o
LOAD ../bin/obj/hardw.o
LOAD ../bin/obj/cpu.o
LOAD ../bin/obj/isr.o
LOAD ../bin/obj/util.o
LOAD ../bin/obj/idta.o
LOAD ../bin/obj/isra.o
LOAD ../bin/obj/asm.o
LOAD ../bin/obj/errorHandl.o
LOAD ../bin/obj/keyboard.o
LOAD ../bin/obj/memory.o
LOAD ../bin/obj/pci.o
LOAD ../bin/obj/ahci.o
LOAD ../bin/obj/ATA.o
LOAD ../bin/obj/fat.o
LOAD ../bin/obj/hdd.o
LOAD ../bin/obj/iso.o
LOAD ../bin/obj/DRVhandl.o
LOAD ../bin/obj/v86.o
LOAD ../bin/obj/multitasking.o
LOAD ../bin/obj/v86c.o
LOAD ../bin/obj/vesa.o
LOAD ../bin/obj/stack.o
OUTPUT(../bin/kernel/kernel.sys elf32-i386)

.comment        0x0000000000000000       0x29
 .comment       0x0000000000000000       0x29 ../bin/obj/kc.o
                                         0x2a (size before relaxing)
 .comment       0x0000000000000029       0x2a ../bin/obj/sys.o
 .comment       0x0000000000000029       0x2a ../bin/obj/screen.o
 .comment       0x0000000000000029       0x2a ../bin/obj/gdt.o
 .comment       0x0000000000000029       0x2a ../bin/obj/hardw.o
 .comment       0x0000000000000029       0x2a ../bin/obj/cpu.o
 .comment       0x0000000000000029       0x2a ../bin/obj/isr.o
 .comment       0x0000000000000029       0x2a ../bin/obj/util.o
 .comment       0x0000000000000029       0x2a ../bin/obj/errorHandl.o
 .comment       0x0000000000000029       0x2a ../bin/obj/keyboard.o
 .comment       0x0000000000000029       0x2a ../bin/obj/memory.o
 .comment       0x0000000000000029       0x2a ../bin/obj/pci.o
 .comment       0x0000000000000029       0x2a ../bin/obj/ahci.o
 .comment       0x0000000000000029       0x2a ../bin/obj/ATA.o
 .comment       0x0000000000000029       0x2a ../bin/obj/fat.o
 .comment       0x0000000000000029       0x2a ../bin/obj/hdd.o
 .comment       0x0000000000000029       0x2a ../bin/obj/iso.o
 .comment       0x0000000000000029       0x2a ../bin/obj/DRVhandl.o
 .comment       0x0000000000000029       0x2a ../bin/obj/multitasking.o
 .comment       0x0000000000000029       0x2a ../bin/obj/v86c.o
 .comment       0x0000000000000029       0x2a ../bin/obj/vesa.o

.note.GNU-stack
                0x0000000000000000        0x0
 .note.GNU-stack
                0x0000000000000000        0x0 ../bin/obj/kc.o
 .note.GNU-stack
                0x0000000000000000        0x0 ../bin/obj/sys.o
 .note.GNU-stack
                0x0000000000000000        0x0 ../bin/obj/screen.o
 .note.GNU-stack
                0x0000000000000000        0x0 ../bin/obj/gdt.o
 .note.GNU-stack
                0x0000000000000000        0x0 ../bin/obj/hardw.o
 .note.GNU-stack
                0x0000000000000000        0x0 ../bin/obj/cpu.o
 .note.GNU-stack
                0x0000000000000000        0x0 ../bin/obj/isr.o
 .note.GNU-stack
                0x0000000000000000        0x0 ../bin/obj/util.o
 .note.GNU-stack
                0x0000000000000000        0x0 ../bin/obj/errorHandl.o
 .note.GNU-stack
                0x0000000000000000        0x0 ../bin/obj/keyboard.o
 .note.GNU-stack
                0x0000000000000000        0x0 ../bin/obj/memory.o
 .note.GNU-stack
                0x0000000000000000        0x0 ../bin/obj/pci.o
 .note.GNU-stack
                0x0000000000000000        0x0 ../bin/obj/ahci.o
 .note.GNU-stack
                0x0000000000000000        0x0 ../bin/obj/ATA.o
 .note.GNU-stack
                0x0000000000000000        0x0 ../bin/obj/fat.o
 .note.GNU-stack
                0x0000000000000000        0x0 ../bin/obj/hdd.o
 .note.GNU-stack
                0x0000000000000000        0x0 ../bin/obj/iso.o
 .note.GNU-stack
                0x0000000000000000        0x0 ../bin/obj/DRVhandl.o
 .note.GNU-stack
                0x0000000000000000        0x0 ../bin/obj/multitasking.o
 .note.GNU-stack
                0x0000000000000000        0x0 ../bin/obj/v86c.o
 .note.GNU-stack
                0x0000000000000000        0x0 ../bin/obj/vesa.o
