
Allocating common symbols
Common symbol       size              file

BPB                 0x4               ../bin/obj/kc.o
prdt                0x4               ../bin/obj/ATA.o
before_int_ax       0x2               ../bin/obj/isr.o
tckcounter          0x1               ../bin/obj/isr.o
tasks               0x384             ../bin/obj/kc.o
systeminfo          0x70              ../bin/obj/kc.o
pci_device_info     0x28000           ../bin/obj/kc.o
screen              0x4               ../bin/obj/vesa.o
int_stack           0x4               ../bin/obj/isr.o
buff                0x100             ../bin/obj/keyboard.o
mem_table           0x40000           ../bin/obj/memory.o
tss                 0x68              ../bin/obj/gdt.o
VendorID            0x4               ../bin/obj/cpu.o
cpuvend             0x4               ../bin/obj/cpu.o
current_vid_mode_inf
                    0x4               ../bin/obj/kc.o
last_interrupt      0x1               ../bin/obj/isr.o
segments            0x4               ../bin/obj/kc.o
before_int_di       0x2               ../bin/obj/isr.o
vfs_info            0xc               ../bin/obj/kc.o
counter             0x2               ../bin/obj/isr.o
mouse_cycle         0x1               ../bin/obj/isr.o
mouse_byte          0x2               ../bin/obj/isr.o
BMR                 0x4               ../bin/obj/ATA.o
pci_devices         0x600             ../bin/obj/kc.o
devices             0x80              ../bin/obj/kc.o
MEM_MAX             0x4               ../bin/obj/memory.o
ROOTDIR             0x4               ../bin/obj/fat.o
abar                0x4               ../bin/obj/kc.o

Discarded input sections

 .group         0x0000000000000000        0x8 ../bin/obj/kc.o
 .group         0x0000000000000000        0x8 ../bin/obj/kc.o
 .group         0x0000000000000000        0x8 ../bin/obj/sys.o
 .text.__x86.get_pc_thunk.ax
                0x0000000000000000        0x4 ../bin/obj/sys.o
 .group         0x0000000000000000        0x8 ../bin/obj/screen.o
 .group         0x0000000000000000        0x8 ../bin/obj/screen.o
 .text.__x86.get_pc_thunk.ax
                0x0000000000000000        0x4 ../bin/obj/screen.o
 .text.__x86.get_pc_thunk.bx
                0x0000000000000000        0x4 ../bin/obj/screen.o
 .group         0x0000000000000000        0x8 ../bin/obj/gdt.o
 .group         0x0000000000000000        0x8 ../bin/obj/gdt.o
 .text.__x86.get_pc_thunk.ax
                0x0000000000000000        0x4 ../bin/obj/gdt.o
 .text.__x86.get_pc_thunk.bx
                0x0000000000000000        0x4 ../bin/obj/gdt.o
 .group         0x0000000000000000        0x8 ../bin/obj/hardw.o
 .group         0x0000000000000000        0x8 ../bin/obj/hardw.o
 .text.__x86.get_pc_thunk.ax
                0x0000000000000000        0x4 ../bin/obj/hardw.o
 .text.__x86.get_pc_thunk.bx
                0x0000000000000000        0x4 ../bin/obj/hardw.o
 .group         0x0000000000000000        0x8 ../bin/obj/cpu.o
 .group         0x0000000000000000        0x8 ../bin/obj/cpu.o
 .text.__x86.get_pc_thunk.ax
                0x0000000000000000        0x4 ../bin/obj/cpu.o
 .text.__x86.get_pc_thunk.bx
                0x0000000000000000        0x4 ../bin/obj/cpu.o
 .group         0x0000000000000000        0x8 ../bin/obj/isr.o
 .group         0x0000000000000000        0x8 ../bin/obj/isr.o
 .text.__x86.get_pc_thunk.ax
                0x0000000000000000        0x4 ../bin/obj/isr.o
 .text.__x86.get_pc_thunk.bx
                0x0000000000000000        0x4 ../bin/obj/isr.o
 .group         0x0000000000000000        0x8 ../bin/obj/util.o
 .group         0x0000000000000000        0x8 ../bin/obj/util.o
 .text.__x86.get_pc_thunk.ax
                0x0000000000000000        0x4 ../bin/obj/util.o
 .text.__x86.get_pc_thunk.bx
                0x0000000000000000        0x4 ../bin/obj/util.o
 .group         0x0000000000000000        0x8 ../bin/obj/errorHandl.o
 .text.__x86.get_pc_thunk.bx
                0x0000000000000000        0x4 ../bin/obj/errorHandl.o
 .group         0x0000000000000000        0x8 ../bin/obj/keyboard.o
 .group         0x0000000000000000        0x8 ../bin/obj/keyboard.o
 .text.__x86.get_pc_thunk.ax
                0x0000000000000000        0x4 ../bin/obj/keyboard.o
 .text.__x86.get_pc_thunk.bx
                0x0000000000000000        0x4 ../bin/obj/keyboard.o
 .group         0x0000000000000000        0x8 ../bin/obj/memory.o
 .text.__x86.get_pc_thunk.ax
                0x0000000000000000        0x4 ../bin/obj/memory.o
 .group         0x0000000000000000        0x8 ../bin/obj/pci.o
 .group         0x0000000000000000        0x8 ../bin/obj/pci.o
 .group         0x0000000000000000        0x8 ../bin/obj/pci.o
 .text.__x86.get_pc_thunk.ax
                0x0000000000000000        0x4 ../bin/obj/pci.o
 .text.__x86.get_pc_thunk.bx
                0x0000000000000000        0x4 ../bin/obj/pci.o
 .group         0x0000000000000000        0x8 ../bin/obj/ahci.o
 .group         0x0000000000000000        0x8 ../bin/obj/ahci.o
 .text.__x86.get_pc_thunk.ax
                0x0000000000000000        0x4 ../bin/obj/ahci.o
 .text.__x86.get_pc_thunk.bx
                0x0000000000000000        0x4 ../bin/obj/ahci.o
 .group         0x0000000000000000        0x8 ../bin/obj/ATA.o
 .group         0x0000000000000000        0x8 ../bin/obj/ATA.o
 .text.__x86.get_pc_thunk.ax
                0x0000000000000000        0x4 ../bin/obj/ATA.o
 .text.__x86.get_pc_thunk.bx
                0x0000000000000000        0x4 ../bin/obj/ATA.o
 .group         0x0000000000000000        0x8 ../bin/obj/fat.o
 .group         0x0000000000000000        0x8 ../bin/obj/fat.o
 .text.__x86.get_pc_thunk.ax
                0x0000000000000000        0x4 ../bin/obj/fat.o
 .text.__x86.get_pc_thunk.bx
                0x0000000000000000        0x4 ../bin/obj/fat.o
 .group         0x0000000000000000        0x8 ../bin/obj/hdd.o
 .text.__x86.get_pc_thunk.bx
                0x0000000000000000        0x4 ../bin/obj/hdd.o
 .group         0x0000000000000000        0x8 ../bin/obj/iso.o
 .text.__x86.get_pc_thunk.ax
                0x0000000000000000        0x4 ../bin/obj/iso.o
 .group         0x0000000000000000        0x8 ../bin/obj/DRVhandl.o
 .group         0x0000000000000000        0x8 ../bin/obj/DRVhandl.o
 .text.__x86.get_pc_thunk.ax
                0x0000000000000000        0x4 ../bin/obj/DRVhandl.o
 .text.__x86.get_pc_thunk.bx
                0x0000000000000000        0x4 ../bin/obj/DRVhandl.o
 .group         0x0000000000000000        0x8 ../bin/obj/multitasking.o
 .group         0x0000000000000000        0x8 ../bin/obj/multitasking.o
 .group         0x0000000000000000        0x8 ../bin/obj/multitasking.o
 .text.__x86.get_pc_thunk.ax
                0x0000000000000000        0x4 ../bin/obj/multitasking.o
 .text.__x86.get_pc_thunk.dx
                0x0000000000000000        0x4 ../bin/obj/multitasking.o
 .text.__x86.get_pc_thunk.bx
                0x0000000000000000        0x4 ../bin/obj/multitasking.o
 .group         0x0000000000000000        0x8 ../bin/obj/v86c.o
 .text.__x86.get_pc_thunk.ax
                0x0000000000000000        0x4 ../bin/obj/v86c.o
 .group         0x0000000000000000        0x8 ../bin/obj/vesa.o
 .group         0x0000000000000000        0x8 ../bin/obj/vesa.o
 .text.__x86.get_pc_thunk.ax
                0x0000000000000000        0x4 ../bin/obj/vesa.o
 .text.__x86.get_pc_thunk.bx
                0x0000000000000000        0x4 ../bin/obj/vesa.o

Memory Configuration

Name             Origin             Length             Attributes
*default*        0x0000000000000000 0xffffffffffffffff

Linker script and memory map

                0x0000000000200000                . = 0x200000

.text           0x0000000000200000     0x9139
 *(.text)
 .text          0x0000000000200000     0x20ad ../bin/obj/kasm.o
                0x000000000020000c                start
                0x0000000000200021                paging
 .text          0x00000000002020ad      0x3b1 ../bin/obj/kc.o
                0x00000000002020ad                main
                0x0000000000202386                kernel_thing
                0x00000000002023b1                kernel_version
 .text          0x000000000020245e      0x157 ../bin/obj/sys.o
                0x000000000020245e                inb
                0x0000000000202485                inw
                0x00000000002024ae                outb
                0x00000000002024d9                outw
                0x0000000000202504                outl
                0x0000000000202526                inl
                0x000000000020254c                sysinlong
                0x0000000000202572                outsw
 .text          0x00000000002025b5      0x734 ../bin/obj/screen.o
                0x00000000002025b5                updCurs
                0x000000000020263e                setcolor
                0x0000000000202657                trace
                0x0000000000202759                putchar
                0x00000000002028c9                TextModeVideoMemDump
                0x000000000020290e                print
                0x0000000000202970                printline
                0x00000000002029ef                linecheck
                0x0000000000202a24                clearl
                0x0000000000202ad0                clearscr
                0x0000000000202b1e                scroll
                0x0000000000202c22                disablecursor
                0x0000000000202c5e                paintscr
 .text          0x0000000000202ce9      0x247 ../bin/obj/gdt.o
                0x0000000000202ce9                Prep_TSS
                0x0000000000202d88                TSS_update_stack
                0x0000000000202db7                GDT
 .text          0x0000000000202f30       0x36 ../bin/obj/gdtasm.o
                0x0000000000202f30                gdt_set32
                0x0000000000202f62                CRzero
 .text          0x0000000000202f66      0x5c4 ../bin/obj/hardw.o
                0x0000000000202f66                setints
                0x0000000000202f9d                IRQclrmsk
                0x0000000000203013                IRQclrallmsks
                0x000000000020304c                IRQmskall
                0x00000000002030ae                IRQdisableall
                0x00000000002030ea                IRQsetmsk
                0x000000000020315e                initpics
                0x0000000000203242                inthndld
                0x0000000000203287                PIC_remap
                0x0000000000203370                PIT_init
                0x00000000002033c9                inita20
                0x0000000000203467                DetectSpeed
                0x00000000002034cf                keybsndcom
                0x0000000000203500                keybwait
 .text          0x000000000020352a      0x12a ../bin/obj/cpu.o
                0x000000000020352a                idtent
                0x0000000000203558                setidt
                0x00000000002035ae                CPUID
                0x00000000002035dc                IDT_add
                0x0000000000203639                cpuSetMSR
 .text          0x0000000000203654      0x90b ../bin/obj/isr.o
                0x0000000000203654                isrinst
                0x00000000002037b1                isr0c
                0x00000000002037ea                isr1c
                0x0000000000203833                isr3c
                0x000000000020385f                isr4c
                0x0000000000203871                isr7c
                0x00000000002038b8                isr8c
                0x00000000002038df                isr11c
                0x000000000020390a                isr12c
                0x0000000000203936                isr13c
                0x0000000000203cf5                isr14c
                0x0000000000203d20                isr15
                0x0000000000203d4c                isr20c
                0x0000000000203d9d                isr21c
                0x0000000000203df2                isr2cc
                0x0000000000203edb                isr30c
                0x0000000000203f14                isr47c
 .text          0x0000000000203f5f      0x61f ../bin/obj/util.o
                0x0000000000203f5f                getBYTE
                0x0000000000203f94                getWORD
                0x0000000000203fca                eqlstr
                0x000000000020404e                sleep
                0x000000000020408f                timer_start
                0x00000000002040ae                timer_end
                0x00000000002040dc                movestr
                0x0000000000204155                hasStr
                0x00000000002041b9                hexstr
                0x0000000000204220                intstr
                0x00000000002042d3                strlen
                0x0000000000204304                TransformUpLowUC
                0x00000000002043b4                PartyChop
                0x0000000000204403                strtok
                0x0000000000204454                strsep
                0x00000000002044ac                strpbrk
 *fill*         0x000000000020457e        0x2 
 .text          0x0000000000204580        0xa ../bin/obj/idta.o
                0x0000000000204580                idt_set
 *fill*         0x000000000020458a        0x6 
 .text          0x0000000000204590       0xfa ../bin/obj/isra.o
                0x0000000000204590                isr0
                0x00000000002045ac                isr1
                0x00000000002045ba                isr3
                0x00000000002045c4                isr4
                0x00000000002045cc                isr7
                0x00000000002045d5                isr8
                0x00000000002045e3                isr9
                0x00000000002045e4                isr10
                0x00000000002045e7                isr11
                0x00000000002045f8                isr13
                0x0000000000204634                isr14
                0x000000000020463e                isr20
                0x0000000000204666                isr21
                0x000000000020466f                isr2c
                0x0000000000204678                isr30
                0x0000000000204681                isr47
 *fill*         0x000000000020468a        0x6 
 .text          0x0000000000204690       0xe9 ../bin/obj/asm.o
                0x0000000000204690                PIT_initasm
                0x000000000020469f                PIT_readcount
                0x00000000002046b7                enable_A20
                0x0000000000204703                GetCPUVendor
                0x000000000020471d                TLBflush
                0x0000000000204727                getESP
                0x0000000000204732                TSS_flush
                0x000000000020473a                jmp_user_mode
                0x0000000000204755                jmp_back_kernel
                0x0000000000204769                memory_set_stack
                0x0000000000204775                StackPointer
 .text          0x0000000000204779      0x48d ../bin/obj/errorHandl.o
                0x0000000000204779                kernel_panic
                0x0000000000204878                kernel_panic_dump
                0x00000000002049ef                InitFail
                0x0000000000204a4e                console_Warning
                0x0000000000204aa0                error
 .text          0x0000000000204c06      0x3d2 ../bin/obj/keyboard.o
                0x0000000000204c06                keybin
                0x0000000000204c49                putonscr
                0x0000000000204c62                IS_pressed
                0x0000000000204c95                hang_for_key
                0x0000000000204ccf                ps2_keyb_init
                0x0000000000204d11                mouse_write
                0x0000000000204d6d                mouse_read
                0x0000000000204d9e                mouse_wait
                0x0000000000204e1b                ps2_mouse_init
                0x0000000000204f81                ps2_wait_write
                0x0000000000204fb1                ps2_wait_read
 .text          0x0000000000204fd8      0x3fd ../bin/obj/memory.o
                0x0000000000204fd8                memory_init
                0x0000000000204ff9                GRUB_GetMemInfo
                0x00000000002050e0                malloc
                0x000000000020525f                demalloc
                0x00000000002052c2                kmemset
                0x00000000002052f2                MemCopy
                0x0000000000205347                strcopy
                0x0000000000205398                strncpy
 .text          0x00000000002053d5      0x691 ../bin/obj/pci.o
                0x00000000002053d5                pci_init
                0x0000000000205599                pci_get_device
                0x0000000000205682                pci_get_val
                0x0000000000205723                GetPCIDevice
                0x00000000002058d2                pciConfigRead
                0x0000000000205978                pciConfigWrite
                0x0000000000205a1c                pciGetInterruptLine
 .text          0x0000000000205a66      0x853 ../bin/obj/ahci.o
                0x0000000000205a66                AHCI_init
                0x0000000000205ae3                getBAR5
                0x0000000000205b69                AHCI_setup_port
                0x0000000000205b9b                search_drives
                0x0000000000205e19                port_rebase
                0x0000000000205f7b                start_cmd
                0x0000000000205fbd                stop_cmd
                0x0000000000206013                Read_SATA
                0x0000000000206233                find_cmdslot
 .text          0x00000000002062b9      0xf1a ../bin/obj/ATA.o
                0x00000000002062b9                ATA_init
                0x0000000000206539                ATAPI_init
                0x0000000000206552                ATAwait
                0x0000000000206585                ATAPI_CHECK
                0x00000000002066ae                ATA_swreset
                0x0000000000206746                DRIVE_ERROR_DETECT
                0x00000000002067a0                nIEN_rs
                0x00000000002067e8                PIO_READ_ATA
                0x0000000000206982                PIO_WRITE_ATA
                0x0000000000206b70                PIO_READ_ATAPI
                0x0000000000206e11                DMA_ATA_SETUP
                0x0000000000206f10                DMA_ATA_READ
                0x0000000000207062                DMA_ATA_WRITE
                0x0000000000207165                ATA_STANDARD
 .text          0x00000000002071d3      0xbf8 ../bin/obj/fat.o
                0x00000000002071d3                GetBootCodeFAT
                0x000000000020721a                FATinit
                0x00000000002072c7                GetFile
                0x0000000000207340                FindFile
                0x000000000020742e                FAT_Traverse
                0x00000000002074e2                fat_find_dir
                0x00000000002075ff                FindNextDir
                0x0000000000207723                FAT32_WRITE_FILE
                0x0000000000207849                FAT32_DIRPREP
                0x0000000000207917                FAT32_Write_cluster
                0x0000000000207969                FAT32_READ_FILE
                0x00000000002079d5                FAT_cluster_LBA
                0x0000000000207a0d                FAT_read_table
                0x0000000000207afb                ReadDir
                0x0000000000207c62                FATFindFreeClusterChain
 .text          0x0000000000207dcb      0x261 ../bin/obj/hdd.o
                0x0000000000207dcb                get_drive_info
                0x0000000000207f8f                GetFirstSectLBA
 .text          0x000000000020802c       0x19 ../bin/obj/iso.o
                0x000000000020802c                iso_init
 .text          0x0000000000208045      0x1f8 ../bin/obj/DRVhandl.o
                0x0000000000208045                driver_type
                0x0000000000208075                FindDriver
                0x00000000002081bf                run_v86_driver
 *fill*         0x000000000020823d        0x3 
 .text          0x0000000000208240       0x79 ../bin/obj/v86.o
                0x0000000000208240                v86_enter
                0x000000000020827a                do_exor
                0x0000000000208289                do_regs
                0x000000000020829b                v86_ret
 .text          0x00000000002082b9      0x8db ../bin/obj/multitasking.o
                0x00000000002082b9                Task_Save_State
                0x00000000002083c7                task_timeguard
                0x000000000020857c                task_push_v86
                0x0000000000208656                task_push
                0x0000000000208731                task_pop
                0x00000000002089a1                task_save
                0x0000000000208aef                task_findnew
                0x0000000000208b31                task_internal_ret_from_interrupt
 .text          0x0000000000208b94      0x142 ../bin/obj/v86c.o
                0x0000000000208b94                v86_linear_to_sgoff
                0x0000000000208bd1                v86_sgoff_to_linear
                0x0000000000208c06                v86_interrupt
                0x0000000000208c7e                v86_save_state
 .text          0x0000000000208cd6      0x463 ../bin/obj/vesa.o
                0x0000000000208cd6                vesa_init
                0x0000000000208dc4                vesa_findmode
                0x0000000000209092                vesa_difference
                0x00000000002090a7                vesa_put_pixel

.text.__x86.get_pc_thunk.ax
                0x0000000000209139        0x4
 .text.__x86.get_pc_thunk.ax
                0x0000000000209139        0x4 ../bin/obj/kc.o
                0x0000000000209139                __x86.get_pc_thunk.ax

.text.__x86.get_pc_thunk.bx
                0x000000000020913d        0x4
 .text.__x86.get_pc_thunk.bx
                0x000000000020913d        0x4 ../bin/obj/kc.o
                0x000000000020913d                __x86.get_pc_thunk.bx

.text.__x86.get_pc_thunk.dx
                0x0000000000209141        0x4
 .text.__x86.get_pc_thunk.dx
                0x0000000000209141        0x4 ../bin/obj/pci.o
                0x0000000000209141                __x86.get_pc_thunk.dx

.iplt           0x0000000000209148        0x0
 .iplt          0x0000000000209148        0x0 ../bin/obj/stack.o

.rodata         0x0000000000209148      0x850
 .rodata        0x0000000000209148       0xdd ../bin/obj/kc.o
 .rodata        0x0000000000209225        0x3 ../bin/obj/screen.o
                0x0000000000209225                height
                0x0000000000209226                width
                0x0000000000209227                depth
 .rodata        0x0000000000209228       0xc6 ../bin/obj/isr.o
 .rodata        0x00000000002092ee       0x1b ../bin/obj/util.o
 *fill*         0x0000000000209309        0x3 
 .rodata        0x000000000020930c      0x430 ../bin/obj/errorHandl.o
 .rodata        0x000000000020973c       0x32 ../bin/obj/keyboard.o
 .rodata        0x000000000020976e       0x36 ../bin/obj/pci.o
 .rodata        0x00000000002097a4       0x9a ../bin/obj/ahci.o
 .rodata        0x000000000020983e       0xa1 ../bin/obj/ATA.o
 .rodata        0x00000000002098df        0xb ../bin/obj/fat.o
 .rodata        0x00000000002098ea       0x11 ../bin/obj/hdd.o
 .rodata        0x00000000002098fb       0x54 ../bin/obj/DRVhandl.o
 .rodata        0x000000000020994f       0x49 ../bin/obj/multitasking.o

.eh_frame       0x0000000000209998     0x17f8
 .eh_frame      0x0000000000209998       0xb4 ../bin/obj/kc.o
 .eh_frame      0x0000000000209a4c      0x100 ../bin/obj/sys.o
                                        0x12c (size before relaxing)
 .eh_frame      0x0000000000209b4c      0x1c8 ../bin/obj/screen.o
                                        0x208 (size before relaxing)
 .eh_frame      0x0000000000209d14       0x8c ../bin/obj/gdt.o
                                         0xcc (size before relaxing)
 .eh_frame      0x0000000000209da0      0x1fc ../bin/obj/hardw.o
                                        0x23c (size before relaxing)
 .eh_frame      0x0000000000209f9c       0xa4 ../bin/obj/cpu.o
                                         0xe4 (size before relaxing)
 .eh_frame      0x000000000020a040      0x260 ../bin/obj/isr.o
                                        0x2a0 (size before relaxing)
 .eh_frame      0x000000000020a2a0      0x22c ../bin/obj/util.o
                                        0x26c (size before relaxing)
 .eh_frame      0x000000000020a4cc       0xa4 ../bin/obj/errorHandl.o
                                         0xd0 (size before relaxing)
 .eh_frame      0x000000000020a570      0x180 ../bin/obj/keyboard.o
                                        0x1c0 (size before relaxing)
 .eh_frame      0x000000000020a6f0      0x10c ../bin/obj/memory.o
                                        0x138 (size before relaxing)
 .eh_frame      0x000000000020a7fc      0x128 ../bin/obj/pci.o
                                        0x168 (size before relaxing)
 .eh_frame      0x000000000020a924      0x160 ../bin/obj/ahci.o
                                        0x1a0 (size before relaxing)
 .eh_frame      0x000000000020aa84      0x1f8 ../bin/obj/ATA.o
                                        0x238 (size before relaxing)
 .eh_frame      0x000000000020ac7c      0x228 ../bin/obj/fat.o
                                        0x268 (size before relaxing)
 .eh_frame      0x000000000020aea4       0x48 ../bin/obj/hdd.o
                                         0x74 (size before relaxing)
 .eh_frame      0x000000000020aeec       0x20 ../bin/obj/iso.o
                                         0x4c (size before relaxing)
 .eh_frame      0x000000000020af0c       0x68 ../bin/obj/DRVhandl.o
                                         0xa8 (size before relaxing)
 .eh_frame      0x000000000020af74      0x10c ../bin/obj/multitasking.o
                                        0x160 (size before relaxing)
 .eh_frame      0x000000000020b080       0x84 ../bin/obj/v86c.o
                                         0xb0 (size before relaxing)
 .eh_frame      0x000000000020b104       0x8c ../bin/obj/vesa.o
                                         0xcc (size before relaxing)

.note.gnu.property
                0x000000000020b190       0x1c
 .note.gnu.property
                0x000000000020b190       0x1c ../bin/obj/stack.o

.rel.dyn        0x000000000020b1ac        0x0
 .rel.got       0x000000000020b1ac        0x0 ../bin/obj/stack.o
 .rel.iplt      0x000000000020b1ac        0x0 ../bin/obj/stack.o
 .rel.text      0x000000000020b1ac        0x0 ../bin/obj/stack.o
 .rel.data.rel  0x000000000020b1ac        0x0 ../bin/obj/stack.o

.data           0x000000000020b1ac       0x14
 *(.data)
 .data          0x000000000020b1ac        0x0 ../bin/obj/kc.o
 .data          0x000000000020b1ac        0x0 ../bin/obj/sys.o
 .data          0x000000000020b1ac        0x4 ../bin/obj/screen.o
                0x000000000020b1ac                color
 .data          0x000000000020b1b0        0x0 ../bin/obj/gdt.o
 .data          0x000000000020b1b0        0x4 ../bin/obj/hardw.o
                0x000000000020b1b0                CMOS_NMI_disable
 .data          0x000000000020b1b4        0x0 ../bin/obj/cpu.o
 .data          0x000000000020b1b4        0x0 ../bin/obj/isr.o
 .data          0x000000000020b1b4        0x0 ../bin/obj/util.o
 .data          0x000000000020b1b4        0x0 ../bin/obj/errorHandl.o
 .data          0x000000000020b1b4        0x4 ../bin/obj/keyboard.o
                0x000000000020b1b4                scancodeset
 .data          0x000000000020b1b8        0x8 ../bin/obj/memory.o
                0x000000000020b1b8                MEM_start
                0x000000000020b1bc                mem_table_entry
 .data          0x000000000020b1c0        0x0 ../bin/obj/pci.o
 .data          0x000000000020b1c0        0x0 ../bin/obj/ahci.o
 .data          0x000000000020b1c0        0x0 ../bin/obj/ATA.o
 .data          0x000000000020b1c0        0x0 ../bin/obj/fat.o
 .data          0x000000000020b1c0        0x0 ../bin/obj/hdd.o
 .data          0x000000000020b1c0        0x0 ../bin/obj/iso.o
 .data          0x000000000020b1c0        0x0 ../bin/obj/DRVhandl.o
 .data          0x000000000020b1c0        0x0 ../bin/obj/multitasking.o
 .data          0x000000000020b1c0        0x0 ../bin/obj/v86c.o
 .data          0x000000000020b1c0        0x0 ../bin/obj/vesa.o

.data.rel       0x000000000020b1c0        0x4
 .data.rel      0x000000000020b1c0        0x4 ../bin/obj/keyboard.o
                0x000000000020b1c0                kbrdbfr

.data.rel.local
                0x000000000020b1c4        0xc
 .data.rel.local
                0x000000000020b1c4        0xc ../bin/obj/DRVhandl.o
                0x000000000020b1c4                UNKOWN
                0x000000000020b1c8                EMPTY
                0x000000000020b1cc                VESA

.got            0x000000000020b1d0        0x0
 .got           0x000000000020b1d0        0x0 ../bin/obj/stack.o

.got.plt        0x000000000020b1d0        0xc
 .got.plt       0x000000000020b1d0        0xc ../bin/obj/stack.o
                0x000000000020b1d0                _GLOBAL_OFFSET_TABLE_

.igot.plt       0x000000000020b1dc        0x0
 .igot.plt      0x000000000020b1dc        0x0 ../bin/obj/stack.o

.bss            0x000000000020b1e0    0x6a614
 *(.bss)
 .bss           0x000000000020b1e0        0xc ../bin/obj/kc.o
                0x000000000020b1e0                KERNEL_FLAGS
 .bss           0x000000000020b1ec        0x0 ../bin/obj/sys.o
 .bss           0x000000000020b1ec       0x10 ../bin/obj/screen.o
                0x000000000020b1ec                cursorX
                0x000000000020b1f0                cursorY
 *fill*         0x000000000020b1fc        0x4 
 .bss           0x000000000020b200       0x56 ../bin/obj/gdt.o
 *fill*         0x000000000020b256        0x2 
 .bss           0x000000000020b258        0x8 ../bin/obj/hardw.o
 .bss           0x000000000020b260      0x826 ../bin/obj/cpu.o
 *fill*         0x000000000020ba86        0x2 
 .bss           0x000000000020ba88        0xc ../bin/obj/isr.o
                0x000000000020ba88                sec
 .bss           0x000000000020ba94       0x10 ../bin/obj/util.o
 .bss           0x000000000020baa4        0x8 ../bin/obj/errorHandl.o
 .bss           0x000000000020baac       0x1c ../bin/obj/keyboard.o
                0x000000000020baac                enter
                0x000000000020bab0                bEnterPause
                0x000000000020bab4                boolsk3
                0x000000000020bab8                noreturn
                0x000000000020babc                shift
 .bss           0x000000000020bac8        0x8 ../bin/obj/memory.o
 .bss           0x000000000020bad0        0x8 ../bin/obj/pci.o
 .bss           0x000000000020bad8        0x8 ../bin/obj/ahci.o
 .bss           0x000000000020bae0        0x8 ../bin/obj/ATA.o
 .bss           0x000000000020bae8       0x10 ../bin/obj/fat.o
 .bss           0x000000000020baf8        0x8 ../bin/obj/hdd.o
 .bss           0x000000000020bb00        0x8 ../bin/obj/iso.o
 .bss           0x000000000020bb08        0x8 ../bin/obj/DRVhandl.o
 .bss           0x000000000020bb10       0x11 ../bin/obj/multitasking.o
                0x000000000020bb10                isMultitasking
                0x000000000020bb14                CurrentTasks
 *fill*         0x000000000020bb21        0x3 
 .bss           0x000000000020bb24        0x8 ../bin/obj/v86c.o
 .bss           0x000000000020bb2c        0x8 ../bin/obj/vesa.o
 .bss           0x000000000020bb34     0x1000 ../bin/obj/stack.o
                0x000000000020bb34                stack
                0x000000000020cb34                end_stack
 *fill*         0x000000000020cb34        0xc 
 COMMON         0x000000000020cb40    0x28ae4 ../bin/obj/kc.o
                0x000000000020cb40                BPB
                0x000000000020cb60                tasks
                0x000000000020cf00                systeminfo
                0x000000000020cf80                pci_device_info
                0x0000000000234f80                current_vid_mode_inf
                0x0000000000234f84                segments
                0x0000000000234f88                vfs_info
                0x0000000000234fa0                pci_devices
                0x00000000002355a0                devices
                0x0000000000235620                abar
 *fill*         0x0000000000235624       0x1c 
 COMMON         0x0000000000235640       0x68 ../bin/obj/gdt.o
                0x0000000000235640                tss
 COMMON         0x00000000002356a8        0x8 ../bin/obj/cpu.o
                0x00000000002356a8                VendorID
                0x00000000002356ac                cpuvend
 COMMON         0x00000000002356b0       0x11 ../bin/obj/isr.o
                0x00000000002356b0                before_int_ax
                0x00000000002356b2                tckcounter
                0x00000000002356b4                int_stack
                0x00000000002356b8                last_interrupt
                0x00000000002356ba                before_int_di
                0x00000000002356bc                counter
                0x00000000002356be                mouse_cycle
                0x00000000002356bf                mouse_byte
 *fill*         0x00000000002356c1       0x1f 
 COMMON         0x00000000002356e0      0x100 ../bin/obj/keyboard.o
                0x00000000002356e0                buff
 COMMON         0x00000000002357e0    0x40004 ../bin/obj/memory.o
                0x00000000002357e0                mem_table
                0x00000000002757e0                MEM_MAX
 COMMON         0x00000000002757e4        0x8 ../bin/obj/ATA.o
                0x00000000002757e4                prdt
                0x00000000002757e8                BMR
 COMMON         0x00000000002757ec        0x4 ../bin/obj/fat.o
                0x00000000002757ec                ROOTDIR
 COMMON         0x00000000002757f0        0x4 ../bin/obj/vesa.o
                0x00000000002757f0                screen
LOAD ../bin/obj/kasm.o
LOAD ../bin/obj/kc.o
LOAD ../bin/obj/sys.o
LOAD ../bin/obj/screen.o
LOAD ../bin/obj/gdt.o
LOAD ../bin/obj/gdtasm.o
LOAD ../bin/obj/hardw.o
LOAD ../bin/obj/cpu.o
LOAD ../bin/obj/isr.o
LOAD ../bin/obj/util.o
LOAD ../bin/obj/idta.o
LOAD ../bin/obj/isra.o
LOAD ../bin/obj/asm.o
LOAD ../bin/obj/errorHandl.o
LOAD ../bin/obj/keyboard.o
LOAD ../bin/obj/memory.o
LOAD ../bin/obj/pci.o
LOAD ../bin/obj/ahci.o
LOAD ../bin/obj/ATA.o
LOAD ../bin/obj/fat.o
LOAD ../bin/obj/hdd.o
LOAD ../bin/obj/iso.o
LOAD ../bin/obj/DRVhandl.o
LOAD ../bin/obj/v86.o
LOAD ../bin/obj/multitasking.o
LOAD ../bin/obj/v86c.o
LOAD ../bin/obj/vesa.o
LOAD ../bin/obj/stack.o
OUTPUT(../bin/kernel/kernel.sys elf32-i386)

.comment        0x0000000000000000       0x29
 .comment       0x0000000000000000       0x29 ../bin/obj/kc.o
                                         0x2a (size before relaxing)
 .comment       0x0000000000000029       0x2a ../bin/obj/sys.o
 .comment       0x0000000000000029       0x2a ../bin/obj/screen.o
 .comment       0x0000000000000029       0x2a ../bin/obj/gdt.o
 .comment       0x0000000000000029       0x2a ../bin/obj/hardw.o
 .comment       0x0000000000000029       0x2a ../bin/obj/cpu.o
 .comment       0x0000000000000029       0x2a ../bin/obj/isr.o
 .comment       0x0000000000000029       0x2a ../bin/obj/util.o
 .comment       0x0000000000000029       0x2a ../bin/obj/errorHandl.o
 .comment       0x0000000000000029       0x2a ../bin/obj/keyboard.o
 .comment       0x0000000000000029       0x2a ../bin/obj/memory.o
 .comment       0x0000000000000029       0x2a ../bin/obj/pci.o
 .comment       0x0000000000000029       0x2a ../bin/obj/ahci.o
 .comment       0x0000000000000029       0x2a ../bin/obj/ATA.o
 .comment       0x0000000000000029       0x2a ../bin/obj/fat.o
 .comment       0x0000000000000029       0x2a ../bin/obj/hdd.o
 .comment       0x0000000000000029       0x2a ../bin/obj/iso.o
 .comment       0x0000000000000029       0x2a ../bin/obj/DRVhandl.o
 .comment       0x0000000000000029       0x2a ../bin/obj/multitasking.o
 .comment       0x0000000000000029       0x2a ../bin/obj/v86c.o
 .comment       0x0000000000000029       0x2a ../bin/obj/vesa.o

.note.GNU-stack
                0x0000000000000000        0x0
 .note.GNU-stack
                0x0000000000000000        0x0 ../bin/obj/kc.o
 .note.GNU-stack
                0x0000000000000000        0x0 ../bin/obj/sys.o
 .note.GNU-stack
                0x0000000000000000        0x0 ../bin/obj/screen.o
 .note.GNU-stack
                0x0000000000000000        0x0 ../bin/obj/gdt.o
 .note.GNU-stack
                0x0000000000000000        0x0 ../bin/obj/hardw.o
 .note.GNU-stack
                0x0000000000000000        0x0 ../bin/obj/cpu.o
 .note.GNU-stack
                0x0000000000000000        0x0 ../bin/obj/isr.o
 .note.GNU-stack
                0x0000000000000000        0x0 ../bin/obj/util.o
 .note.GNU-stack
                0x0000000000000000        0x0 ../bin/obj/errorHandl.o
 .note.GNU-stack
                0x0000000000000000        0x0 ../bin/obj/keyboard.o
 .note.GNU-stack
                0x0000000000000000        0x0 ../bin/obj/memory.o
 .note.GNU-stack
                0x0000000000000000        0x0 ../bin/obj/pci.o
 .note.GNU-stack
                0x0000000000000000        0x0 ../bin/obj/ahci.o
 .note.GNU-stack
                0x0000000000000000        0x0 ../bin/obj/ATA.o
 .note.GNU-stack
                0x0000000000000000        0x0 ../bin/obj/fat.o
 .note.GNU-stack
                0x0000000000000000        0x0 ../bin/obj/hdd.o
 .note.GNU-stack
                0x0000000000000000        0x0 ../bin/obj/iso.o
 .note.GNU-stack
                0x0000000000000000        0x0 ../bin/obj/DRVhandl.o
 .note.GNU-stack
                0x0000000000000000        0x0 ../bin/obj/multitasking.o
 .note.GNU-stack
                0x0000000000000000        0x0 ../bin/obj/v86c.o
 .note.GNU-stack
                0x0000000000000000        0x0 ../bin/obj/vesa.o
