
Allocating common symbols
Common symbol       size              file

BPB                 0x4               ../bin/obj/kc.o
prdt                0x4               ../bin/obj/ATA.o
before_int_ax       0x2               ../bin/obj/isr.o
tckcounter          0x1               ../bin/obj/isr.o
tasks               0x384             ../bin/obj/kc.o
systeminfo          0x70              ../bin/obj/kc.o
pci_device_info     0x28000           ../bin/obj/kc.o
screen              0x4               ../bin/obj/vesa.o
int_stack           0x4               ../bin/obj/isr.o
buff                0x100             ../bin/obj/keyboard.o
mem_table           0x40000           ../bin/obj/memory.o
tss                 0x68              ../bin/obj/gdt.o
VendorID            0x4               ../bin/obj/cpu.o
cpuvend             0x4               ../bin/obj/cpu.o
current_vid_mode_inf
                    0x4               ../bin/obj/kc.o
last_interrupt      0x1               ../bin/obj/isr.o
segments            0x4               ../bin/obj/kc.o
before_int_di       0x2               ../bin/obj/isr.o
vfs_info            0xc               ../bin/obj/kc.o
counter             0x2               ../bin/obj/isr.o
mouse_cycle         0x1               ../bin/obj/isr.o
mouse_byte          0x2               ../bin/obj/isr.o
BMR                 0x4               ../bin/obj/ATA.o
pci_devices         0x600             ../bin/obj/kc.o
devices             0x80              ../bin/obj/kc.o
MEM_MAX             0x4               ../bin/obj/memory.o
ROOTDIR             0x4               ../bin/obj/fat.o
abar                0x4               ../bin/obj/kc.o

Discarded input sections

 .group         0x0000000000000000        0x8 ../bin/obj/kc.o
 .group         0x0000000000000000        0x8 ../bin/obj/sys.o
 .group         0x0000000000000000        0x8 ../bin/obj/screen.o
 .group         0x0000000000000000        0x8 ../bin/obj/screen.o
 .text.__x86.get_pc_thunk.ax
                0x0000000000000000        0x4 ../bin/obj/screen.o
 .text.__x86.get_pc_thunk.bx
                0x0000000000000000        0x4 ../bin/obj/screen.o
 .group         0x0000000000000000        0x8 ../bin/obj/gdt.o
 .group         0x0000000000000000        0x8 ../bin/obj/gdt.o
 .text.__x86.get_pc_thunk.ax
                0x0000000000000000        0x4 ../bin/obj/gdt.o
 .text.__x86.get_pc_thunk.bx
                0x0000000000000000        0x4 ../bin/obj/gdt.o
 .group         0x0000000000000000        0x8 ../bin/obj/hardw.o
 .group         0x0000000000000000        0x8 ../bin/obj/hardw.o
 .text.__x86.get_pc_thunk.ax
                0x0000000000000000        0x4 ../bin/obj/hardw.o
 .text.__x86.get_pc_thunk.bx
                0x0000000000000000        0x4 ../bin/obj/hardw.o
 .group         0x0000000000000000        0x8 ../bin/obj/cpu.o
 .group         0x0000000000000000        0x8 ../bin/obj/cpu.o
 .text.__x86.get_pc_thunk.ax
                0x0000000000000000        0x4 ../bin/obj/cpu.o
 .text.__x86.get_pc_thunk.bx
                0x0000000000000000        0x4 ../bin/obj/cpu.o
 .group         0x0000000000000000        0x8 ../bin/obj/isr.o
 .group         0x0000000000000000        0x8 ../bin/obj/isr.o
 .text.__x86.get_pc_thunk.ax
                0x0000000000000000        0x4 ../bin/obj/isr.o
 .text.__x86.get_pc_thunk.bx
                0x0000000000000000        0x4 ../bin/obj/isr.o
 .group         0x0000000000000000        0x8 ../bin/obj/util.o
 .group         0x0000000000000000        0x8 ../bin/obj/util.o
 .text.__x86.get_pc_thunk.ax
                0x0000000000000000        0x4 ../bin/obj/util.o
 .text.__x86.get_pc_thunk.bx
                0x0000000000000000        0x4 ../bin/obj/util.o
 .group         0x0000000000000000        0x8 ../bin/obj/errorHandl.o
 .text.__x86.get_pc_thunk.bx
                0x0000000000000000        0x4 ../bin/obj/errorHandl.o
 .group         0x0000000000000000        0x8 ../bin/obj/keyboard.o
 .group         0x0000000000000000        0x8 ../bin/obj/keyboard.o
 .text.__x86.get_pc_thunk.ax
                0x0000000000000000        0x4 ../bin/obj/keyboard.o
 .text.__x86.get_pc_thunk.bx
                0x0000000000000000        0x4 ../bin/obj/keyboard.o
 .group         0x0000000000000000        0x8 ../bin/obj/memory.o
 .text.__x86.get_pc_thunk.ax
                0x0000000000000000        0x4 ../bin/obj/memory.o
 .group         0x0000000000000000        0x8 ../bin/obj/pci.o
 .group         0x0000000000000000        0x8 ../bin/obj/pci.o
 .group         0x0000000000000000        0x8 ../bin/obj/pci.o
 .text.__x86.get_pc_thunk.ax
                0x0000000000000000        0x4 ../bin/obj/pci.o
 .text.__x86.get_pc_thunk.bx
                0x0000000000000000        0x4 ../bin/obj/pci.o
 .group         0x0000000000000000        0x8 ../bin/obj/ahci.o
 .group         0x0000000000000000        0x8 ../bin/obj/ahci.o
 .text.__x86.get_pc_thunk.ax
                0x0000000000000000        0x4 ../bin/obj/ahci.o
 .text.__x86.get_pc_thunk.bx
                0x0000000000000000        0x4 ../bin/obj/ahci.o
 .group         0x0000000000000000        0x8 ../bin/obj/ATA.o
 .group         0x0000000000000000        0x8 ../bin/obj/ATA.o
 .text.__x86.get_pc_thunk.ax
                0x0000000000000000        0x4 ../bin/obj/ATA.o
 .text.__x86.get_pc_thunk.bx
                0x0000000000000000        0x4 ../bin/obj/ATA.o
 .group         0x0000000000000000        0x8 ../bin/obj/fat.o
 .group         0x0000000000000000        0x8 ../bin/obj/fat.o
 .text.__x86.get_pc_thunk.ax
                0x0000000000000000        0x4 ../bin/obj/fat.o
 .text.__x86.get_pc_thunk.bx
                0x0000000000000000        0x4 ../bin/obj/fat.o
 .group         0x0000000000000000        0x8 ../bin/obj/hdd.o
 .text.__x86.get_pc_thunk.bx
                0x0000000000000000        0x4 ../bin/obj/hdd.o
 .group         0x0000000000000000        0x8 ../bin/obj/iso.o
 .text.__x86.get_pc_thunk.ax
                0x0000000000000000        0x4 ../bin/obj/iso.o
 .group         0x0000000000000000        0x8 ../bin/obj/DRVhandl.o
 .group         0x0000000000000000        0x8 ../bin/obj/DRVhandl.o
 .text.__x86.get_pc_thunk.ax
                0x0000000000000000        0x4 ../bin/obj/DRVhandl.o
 .text.__x86.get_pc_thunk.bx
                0x0000000000000000        0x4 ../bin/obj/DRVhandl.o
 .group         0x0000000000000000        0x8 ../bin/obj/multitasking.o
 .group         0x0000000000000000        0x8 ../bin/obj/multitasking.o
 .group         0x0000000000000000        0x8 ../bin/obj/multitasking.o
 .text.__x86.get_pc_thunk.ax
                0x0000000000000000        0x4 ../bin/obj/multitasking.o
 .text.__x86.get_pc_thunk.dx
                0x0000000000000000        0x4 ../bin/obj/multitasking.o
 .text.__x86.get_pc_thunk.bx
                0x0000000000000000        0x4 ../bin/obj/multitasking.o
 .group         0x0000000000000000        0x8 ../bin/obj/v86c.o
 .text.__x86.get_pc_thunk.ax
                0x0000000000000000        0x4 ../bin/obj/v86c.o
 .group         0x0000000000000000        0x8 ../bin/obj/vesa.o
 .group         0x0000000000000000        0x8 ../bin/obj/vesa.o
 .text.__x86.get_pc_thunk.ax
                0x0000000000000000        0x4 ../bin/obj/vesa.o
 .text.__x86.get_pc_thunk.bx
                0x0000000000000000        0x4 ../bin/obj/vesa.o

Memory Configuration

Name             Origin             Length             Attributes
*default*        0x0000000000000000 0xffffffffffffffff

Linker script and memory map

                0x0000000000200000                . = 0x200000

.text           0x0000000000200000     0x90de
 *(.text)
 .text          0x0000000000200000     0x20ad ../bin/obj/kasm.o
                0x000000000020000c                start
                0x0000000000200021                paging
 .text          0x00000000002020ad      0x398 ../bin/obj/kc.o
                0x00000000002020ad                main
                0x0000000000202398                kernel_version
 .text          0x0000000000202445      0x157 ../bin/obj/sys.o
                0x0000000000202445                inb
                0x000000000020246c                inw
                0x0000000000202495                outb
                0x00000000002024c0                outw
                0x00000000002024eb                outl
                0x000000000020250d                inl
                0x0000000000202533                sysinlong
                0x0000000000202559                outsw
 .text          0x000000000020259c      0x734 ../bin/obj/screen.o
                0x000000000020259c                updCurs
                0x0000000000202625                setcolor
                0x000000000020263e                trace
                0x0000000000202740                putchar
                0x00000000002028b0                TextModeVideoMemDump
                0x00000000002028f5                print
                0x0000000000202957                printline
                0x00000000002029d6                linecheck
                0x0000000000202a0b                clearl
                0x0000000000202ab7                clearscr
                0x0000000000202b05                scroll
                0x0000000000202c09                disablecursor
                0x0000000000202c45                paintscr
 .text          0x0000000000202cd0      0x247 ../bin/obj/gdt.o
                0x0000000000202cd0                Prep_TSS
                0x0000000000202d6f                TSS_update_stack
                0x0000000000202d9e                GDT
 *fill*         0x0000000000202f17        0x9 
 .text          0x0000000000202f20       0x36 ../bin/obj/gdtasm.o
                0x0000000000202f20                gdt_set32
                0x0000000000202f52                CRzero
 .text          0x0000000000202f56      0x5c4 ../bin/obj/hardw.o
                0x0000000000202f56                setints
                0x0000000000202f8d                IRQclrmsk
                0x0000000000203003                IRQclrallmsks
                0x000000000020303c                IRQmskall
                0x000000000020309e                IRQdisableall
                0x00000000002030da                IRQsetmsk
                0x000000000020314e                initpics
                0x0000000000203232                inthndld
                0x0000000000203277                PIC_remap
                0x0000000000203360                PIT_init
                0x00000000002033b9                inita20
                0x0000000000203457                DetectSpeed
                0x00000000002034bf                keybsndcom
                0x00000000002034f0                keybwait
 .text          0x000000000020351a      0x12a ../bin/obj/cpu.o
                0x000000000020351a                idtent
                0x0000000000203548                setidt
                0x000000000020359e                CPUID
                0x00000000002035cc                IDT_add
                0x0000000000203629                cpuSetMSR
 .text          0x0000000000203644      0x90b ../bin/obj/isr.o
                0x0000000000203644                isrinst
                0x00000000002037a1                isr0c
                0x00000000002037da                isr1c
                0x0000000000203823                isr3c
                0x000000000020384f                isr4c
                0x0000000000203861                isr7c
                0x00000000002038a8                isr8c
                0x00000000002038cf                isr11c
                0x00000000002038fa                isr12c
                0x0000000000203926                isr13c
                0x0000000000203ce5                isr14c
                0x0000000000203d10                isr15
                0x0000000000203d3c                isr20c
                0x0000000000203d8d                isr21c
                0x0000000000203de2                isr2cc
                0x0000000000203ecb                isr30c
                0x0000000000203f04                isr47c
 .text          0x0000000000203f4f      0x61f ../bin/obj/util.o
                0x0000000000203f4f                getBYTE
                0x0000000000203f84                getWORD
                0x0000000000203fba                eqlstr
                0x000000000020403e                sleep
                0x000000000020407f                timer_start
                0x000000000020409e                timer_end
                0x00000000002040cc                movestr
                0x0000000000204145                hasStr
                0x00000000002041a9                hexstr
                0x0000000000204210                intstr
                0x00000000002042c3                strlen
                0x00000000002042f4                TransformUpLowUC
                0x00000000002043a4                PartyChop
                0x00000000002043f3                strtok
                0x0000000000204444                strsep
                0x000000000020449c                strpbrk
 *fill*         0x000000000020456e        0x2 
 .text          0x0000000000204570        0xa ../bin/obj/idta.o
                0x0000000000204570                idt_set
 *fill*         0x000000000020457a        0x6 
 .text          0x0000000000204580       0xfa ../bin/obj/isra.o
                0x0000000000204580                isr0
                0x000000000020459c                isr1
                0x00000000002045aa                isr3
                0x00000000002045b4                isr4
                0x00000000002045bc                isr7
                0x00000000002045c5                isr8
                0x00000000002045d3                isr9
                0x00000000002045d4                isr10
                0x00000000002045d7                isr11
                0x00000000002045e8                isr13
                0x0000000000204624                isr14
                0x000000000020462e                isr20
                0x0000000000204656                isr21
                0x000000000020465f                isr2c
                0x0000000000204668                isr30
                0x0000000000204671                isr47
 *fill*         0x000000000020467a        0x6 
 .text          0x0000000000204680       0xfb ../bin/obj/asm.o
                0x0000000000204680                PIT_initasm
                0x000000000020468f                PIT_readcount
                0x00000000002046a7                enable_A20
                0x00000000002046f3                GetCPUVendor
                0x000000000020470d                TLBflush
                0x0000000000204717                getESP
                0x0000000000204722                TSS_flush
                0x000000000020472a                jmp_user_mode
                0x0000000000204757                jmp_back_kernel
                0x000000000020476b                memory_set_stack
                0x0000000000204777                StackPointer
 .text          0x000000000020477b      0x48d ../bin/obj/errorHandl.o
                0x000000000020477b                kernel_panic
                0x000000000020487a                kernel_panic_dump
                0x00000000002049f1                InitFail
                0x0000000000204a50                console_Warning
                0x0000000000204aa2                error
 .text          0x0000000000204c08      0x3d2 ../bin/obj/keyboard.o
                0x0000000000204c08                keybin
                0x0000000000204c4b                putonscr
                0x0000000000204c64                IS_pressed
                0x0000000000204c97                hang_for_key
                0x0000000000204cd1                ps2_keyb_init
                0x0000000000204d13                mouse_write
                0x0000000000204d6f                mouse_read
                0x0000000000204da0                mouse_wait
                0x0000000000204e1d                ps2_mouse_init
                0x0000000000204f83                ps2_wait_write
                0x0000000000204fb3                ps2_wait_read
 .text          0x0000000000204fda      0x3fd ../bin/obj/memory.o
                0x0000000000204fda                memory_init
                0x0000000000204ffb                GRUB_GetMemInfo
                0x00000000002050e2                malloc
                0x0000000000205261                demalloc
                0x00000000002052c4                kmemset
                0x00000000002052f4                MemCopy
                0x0000000000205349                strcopy
                0x000000000020539a                strncpy
 .text          0x00000000002053d7      0x691 ../bin/obj/pci.o
                0x00000000002053d7                pci_init
                0x000000000020559b                pci_get_device
                0x0000000000205684                pci_get_val
                0x0000000000205725                GetPCIDevice
                0x00000000002058d4                pciConfigRead
                0x000000000020597a                pciConfigWrite
                0x0000000000205a1e                pciGetInterruptLine
 .text          0x0000000000205a68      0x853 ../bin/obj/ahci.o
                0x0000000000205a68                AHCI_init
                0x0000000000205ae5                getBAR5
                0x0000000000205b6b                AHCI_setup_port
                0x0000000000205b9d                search_drives
                0x0000000000205e1b                port_rebase
                0x0000000000205f7d                start_cmd
                0x0000000000205fbf                stop_cmd
                0x0000000000206015                Read_SATA
                0x0000000000206235                find_cmdslot
 .text          0x00000000002062bb      0xf1a ../bin/obj/ATA.o
                0x00000000002062bb                ATA_init
                0x000000000020653b                ATAPI_init
                0x0000000000206554                ATAwait
                0x0000000000206587                ATAPI_CHECK
                0x00000000002066b0                ATA_swreset
                0x0000000000206748                DRIVE_ERROR_DETECT
                0x00000000002067a2                nIEN_rs
                0x00000000002067ea                PIO_READ_ATA
                0x0000000000206984                PIO_WRITE_ATA
                0x0000000000206b72                PIO_READ_ATAPI
                0x0000000000206e13                DMA_ATA_SETUP
                0x0000000000206f12                DMA_ATA_READ
                0x0000000000207064                DMA_ATA_WRITE
                0x0000000000207167                ATA_STANDARD
 .text          0x00000000002071d5      0xbf8 ../bin/obj/fat.o
                0x00000000002071d5                GetBootCodeFAT
                0x000000000020721c                FATinit
                0x00000000002072c9                GetFile
                0x0000000000207342                FindFile
                0x0000000000207430                FAT_Traverse
                0x00000000002074e4                fat_find_dir
                0x0000000000207601                FindNextDir
                0x0000000000207725                FAT32_WRITE_FILE
                0x000000000020784b                FAT32_DIRPREP
                0x0000000000207919                FAT32_Write_cluster
                0x000000000020796b                FAT32_READ_FILE
                0x00000000002079d7                FAT_cluster_LBA
                0x0000000000207a0f                FAT_read_table
                0x0000000000207afd                ReadDir
                0x0000000000207c64                FATFindFreeClusterChain
 .text          0x0000000000207dcd      0x261 ../bin/obj/hdd.o
                0x0000000000207dcd                get_drive_info
                0x0000000000207f91                GetFirstSectLBA
 .text          0x000000000020802e       0x19 ../bin/obj/iso.o
                0x000000000020802e                iso_init
 .text          0x0000000000208047      0x1f8 ../bin/obj/DRVhandl.o
                0x0000000000208047                driver_type
                0x0000000000208077                FindDriver
                0x00000000002081c1                run_v86_driver
 *fill*         0x000000000020823f        0x1 
 .text          0x0000000000208240       0x79 ../bin/obj/v86.o
                0x0000000000208240                v86_enter
                0x000000000020827a                do_exor
                0x0000000000208289                do_regs
                0x000000000020829b                v86_ret
 .text          0x00000000002082b9      0x880 ../bin/obj/multitasking.o
                0x00000000002082b9                Task_Save_State
                0x00000000002083c7                task_timeguard
                0x00000000002084ef                task_push_v86
                0x00000000002085c9                task_push
                0x00000000002086a4                task_pop
                0x0000000000208914                task_save
                0x0000000000208a62                task_findnew
                0x0000000000208ad6                task_internal_ret_from_interrupt
 .text          0x0000000000208b39      0x142 ../bin/obj/v86c.o
                0x0000000000208b39                v86_linear_to_sgoff
                0x0000000000208b76                v86_sgoff_to_linear
                0x0000000000208bab                v86_interrupt
                0x0000000000208c23                v86_save_state
 .text          0x0000000000208c7b      0x463 ../bin/obj/vesa.o
                0x0000000000208c7b                vesa_init
                0x0000000000208d69                vesa_findmode
                0x0000000000209037                vesa_difference
                0x000000000020904c                vesa_put_pixel

.text.__x86.get_pc_thunk.bx
                0x00000000002090de        0x4
 .text.__x86.get_pc_thunk.bx
                0x00000000002090de        0x4 ../bin/obj/kc.o
                0x00000000002090de                __x86.get_pc_thunk.bx

.text.__x86.get_pc_thunk.ax
                0x00000000002090e2        0x4
 .text.__x86.get_pc_thunk.ax
                0x00000000002090e2        0x4 ../bin/obj/sys.o
                0x00000000002090e2                __x86.get_pc_thunk.ax

.text.__x86.get_pc_thunk.dx
                0x00000000002090e6        0x4
 .text.__x86.get_pc_thunk.dx
                0x00000000002090e6        0x4 ../bin/obj/pci.o
                0x00000000002090e6                __x86.get_pc_thunk.dx

.iplt           0x00000000002090f0        0x0
 .iplt          0x00000000002090f0        0x0 ../bin/obj/stack.o

.rodata         0x00000000002090ec      0x826
 .rodata        0x00000000002090ec       0xd8 ../bin/obj/kc.o
 .rodata        0x00000000002091c4        0x3 ../bin/obj/screen.o
                0x00000000002091c4                height
                0x00000000002091c5                width
                0x00000000002091c6                depth
 .rodata        0x00000000002091c7       0xc6 ../bin/obj/isr.o
 .rodata        0x000000000020928d       0x1b ../bin/obj/util.o
 .rodata        0x00000000002092a8      0x430 ../bin/obj/errorHandl.o
 .rodata        0x00000000002096d8       0x32 ../bin/obj/keyboard.o
 .rodata        0x000000000020970a       0x36 ../bin/obj/pci.o
 .rodata        0x0000000000209740       0x9a ../bin/obj/ahci.o
 .rodata        0x00000000002097da       0xa1 ../bin/obj/ATA.o
 .rodata        0x000000000020987b        0xb ../bin/obj/fat.o
 .rodata        0x0000000000209886       0x11 ../bin/obj/hdd.o
 .rodata        0x0000000000209897       0x54 ../bin/obj/DRVhandl.o
 .rodata        0x00000000002098eb       0x27 ../bin/obj/multitasking.o

.eh_frame       0x0000000000209914     0x17d4
 .eh_frame      0x0000000000209914       0x7c ../bin/obj/kc.o
 .eh_frame      0x0000000000209990      0x114 ../bin/obj/sys.o
                                        0x12c (size before relaxing)
 .eh_frame      0x0000000000209aa4      0x1c8 ../bin/obj/screen.o
                                        0x208 (size before relaxing)
 .eh_frame      0x0000000000209c6c       0x8c ../bin/obj/gdt.o
                                         0xcc (size before relaxing)
 .eh_frame      0x0000000000209cf8      0x1fc ../bin/obj/hardw.o
                                        0x23c (size before relaxing)
 .eh_frame      0x0000000000209ef4       0xa4 ../bin/obj/cpu.o
                                         0xe4 (size before relaxing)
 .eh_frame      0x0000000000209f98      0x260 ../bin/obj/isr.o
                                        0x2a0 (size before relaxing)
 .eh_frame      0x000000000020a1f8      0x22c ../bin/obj/util.o
                                        0x26c (size before relaxing)
 .eh_frame      0x000000000020a424       0xa4 ../bin/obj/errorHandl.o
                                         0xd0 (size before relaxing)
 .eh_frame      0x000000000020a4c8      0x180 ../bin/obj/keyboard.o
                                        0x1c0 (size before relaxing)
 .eh_frame      0x000000000020a648      0x10c ../bin/obj/memory.o
                                        0x138 (size before relaxing)
 .eh_frame      0x000000000020a754      0x128 ../bin/obj/pci.o
                                        0x168 (size before relaxing)
 .eh_frame      0x000000000020a87c      0x160 ../bin/obj/ahci.o
                                        0x1a0 (size before relaxing)
 .eh_frame      0x000000000020a9dc      0x1f8 ../bin/obj/ATA.o
                                        0x238 (size before relaxing)
 .eh_frame      0x000000000020abd4      0x228 ../bin/obj/fat.o
                                        0x268 (size before relaxing)
 .eh_frame      0x000000000020adfc       0x48 ../bin/obj/hdd.o
                                         0x74 (size before relaxing)
 .eh_frame      0x000000000020ae44       0x20 ../bin/obj/iso.o
                                         0x4c (size before relaxing)
 .eh_frame      0x000000000020ae64       0x68 ../bin/obj/DRVhandl.o
                                         0xa8 (size before relaxing)
 .eh_frame      0x000000000020aecc      0x10c ../bin/obj/multitasking.o
                                        0x160 (size before relaxing)
 .eh_frame      0x000000000020afd8       0x84 ../bin/obj/v86c.o
                                         0xb0 (size before relaxing)
 .eh_frame      0x000000000020b05c       0x8c ../bin/obj/vesa.o
                                         0xcc (size before relaxing)

.note.gnu.property
                0x000000000020b0e8       0x1c
 .note.gnu.property
                0x000000000020b0e8       0x1c ../bin/obj/stack.o

.rel.dyn        0x000000000020b104        0x0
 .rel.got       0x000000000020b104        0x0 ../bin/obj/stack.o
 .rel.iplt      0x000000000020b104        0x0 ../bin/obj/stack.o
 .rel.text      0x000000000020b104        0x0 ../bin/obj/stack.o
 .rel.data.rel  0x000000000020b104        0x0 ../bin/obj/stack.o

.data           0x000000000020b104       0x14
 *(.data)
 .data          0x000000000020b104        0x0 ../bin/obj/kc.o
 .data          0x000000000020b104        0x0 ../bin/obj/sys.o
 .data          0x000000000020b104        0x4 ../bin/obj/screen.o
                0x000000000020b104                color
 .data          0x000000000020b108        0x0 ../bin/obj/gdt.o
 .data          0x000000000020b108        0x4 ../bin/obj/hardw.o
                0x000000000020b108                CMOS_NMI_disable
 .data          0x000000000020b10c        0x0 ../bin/obj/cpu.o
 .data          0x000000000020b10c        0x0 ../bin/obj/isr.o
 .data          0x000000000020b10c        0x0 ../bin/obj/util.o
 .data          0x000000000020b10c        0x0 ../bin/obj/errorHandl.o
 .data          0x000000000020b10c        0x4 ../bin/obj/keyboard.o
                0x000000000020b10c                scancodeset
 .data          0x000000000020b110        0x8 ../bin/obj/memory.o
                0x000000000020b110                MEM_start
                0x000000000020b114                mem_table_entry
 .data          0x000000000020b118        0x0 ../bin/obj/pci.o
 .data          0x000000000020b118        0x0 ../bin/obj/ahci.o
 .data          0x000000000020b118        0x0 ../bin/obj/ATA.o
 .data          0x000000000020b118        0x0 ../bin/obj/fat.o
 .data          0x000000000020b118        0x0 ../bin/obj/hdd.o
 .data          0x000000000020b118        0x0 ../bin/obj/iso.o
 .data          0x000000000020b118        0x0 ../bin/obj/DRVhandl.o
 .data          0x000000000020b118        0x0 ../bin/obj/multitasking.o
 .data          0x000000000020b118        0x0 ../bin/obj/v86c.o
 .data          0x000000000020b118        0x0 ../bin/obj/vesa.o

.data.rel       0x000000000020b118        0x4
 .data.rel      0x000000000020b118        0x4 ../bin/obj/keyboard.o
                0x000000000020b118                kbrdbfr

.data.rel.local
                0x000000000020b11c        0xc
 .data.rel.local
                0x000000000020b11c        0xc ../bin/obj/DRVhandl.o
                0x000000000020b11c                UNKOWN
                0x000000000020b120                EMPTY
                0x000000000020b124                VESA

.got            0x000000000020b128        0x0
 .got           0x000000000020b128        0x0 ../bin/obj/stack.o

.got.plt        0x000000000020b128        0xc
 .got.plt       0x000000000020b128        0xc ../bin/obj/stack.o
                0x000000000020b128                _GLOBAL_OFFSET_TABLE_

.igot.plt       0x000000000020b134        0x0
 .igot.plt      0x000000000020b134        0x0 ../bin/obj/stack.o

.bss            0x000000000020b140    0x6a634
 *(.bss)
 .bss           0x000000000020b140        0xc ../bin/obj/kc.o
                0x000000000020b140                KERNEL_FLAGS
 .bss           0x000000000020b14c        0x0 ../bin/obj/sys.o
 .bss           0x000000000020b14c       0x10 ../bin/obj/screen.o
                0x000000000020b14c                cursorX
                0x000000000020b150                cursorY
 *fill*         0x000000000020b15c        0x4 
 .bss           0x000000000020b160       0x5e ../bin/obj/gdt.o
 *fill*         0x000000000020b1be        0x2 
 .bss           0x000000000020b1c0        0x8 ../bin/obj/hardw.o
 *fill*         0x000000000020b1c8       0x18 
 .bss           0x000000000020b1e0      0x826 ../bin/obj/cpu.o
 *fill*         0x000000000020ba06        0x2 
 .bss           0x000000000020ba08        0xc ../bin/obj/isr.o
                0x000000000020ba08                sec
 .bss           0x000000000020ba14       0x10 ../bin/obj/util.o
 .bss           0x000000000020ba24        0x8 ../bin/obj/errorHandl.o
 .bss           0x000000000020ba2c       0x1c ../bin/obj/keyboard.o
                0x000000000020ba2c                enter
                0x000000000020ba30                bEnterPause
                0x000000000020ba34                boolsk3
                0x000000000020ba38                noreturn
                0x000000000020ba3c                shift
 .bss           0x000000000020ba48        0x8 ../bin/obj/memory.o
 .bss           0x000000000020ba50        0x8 ../bin/obj/pci.o
 .bss           0x000000000020ba58        0x8 ../bin/obj/ahci.o
 .bss           0x000000000020ba60        0x8 ../bin/obj/ATA.o
 .bss           0x000000000020ba68       0x10 ../bin/obj/fat.o
 .bss           0x000000000020ba78        0x8 ../bin/obj/hdd.o
 .bss           0x000000000020ba80        0x8 ../bin/obj/iso.o
 .bss           0x000000000020ba88        0x8 ../bin/obj/DRVhandl.o
 .bss           0x000000000020ba90        0xd ../bin/obj/multitasking.o
                0x000000000020ba90                CurrentTasks
 *fill*         0x000000000020ba9d        0x3 
 .bss           0x000000000020baa0        0x8 ../bin/obj/v86c.o
 .bss           0x000000000020baa8        0x8 ../bin/obj/vesa.o
 .bss           0x000000000020bab0     0x1000 ../bin/obj/stack.o
                0x000000000020bab0                stack
                0x000000000020cab0                end_stack
 *fill*         0x000000000020cab0       0x10 
 COMMON         0x000000000020cac0    0x28ae4 ../bin/obj/kc.o
                0x000000000020cac0                BPB
                0x000000000020cae0                tasks
                0x000000000020ce80                systeminfo
                0x000000000020cf00                pci_device_info
                0x0000000000234f00                current_vid_mode_inf
                0x0000000000234f04                segments
                0x0000000000234f08                vfs_info
                0x0000000000234f20                pci_devices
                0x0000000000235520                devices
                0x00000000002355a0                abar
 *fill*         0x00000000002355a4       0x1c 
 COMMON         0x00000000002355c0       0x68 ../bin/obj/gdt.o
                0x00000000002355c0                tss
 COMMON         0x0000000000235628        0x8 ../bin/obj/cpu.o
                0x0000000000235628                VendorID
                0x000000000023562c                cpuvend
 COMMON         0x0000000000235630       0x11 ../bin/obj/isr.o
                0x0000000000235630                before_int_ax
                0x0000000000235632                tckcounter
                0x0000000000235634                int_stack
                0x0000000000235638                last_interrupt
                0x000000000023563a                before_int_di
                0x000000000023563c                counter
                0x000000000023563e                mouse_cycle
                0x000000000023563f                mouse_byte
 *fill*         0x0000000000235641       0x1f 
 COMMON         0x0000000000235660      0x100 ../bin/obj/keyboard.o
                0x0000000000235660                buff
 COMMON         0x0000000000235760    0x40004 ../bin/obj/memory.o
                0x0000000000235760                mem_table
                0x0000000000275760                MEM_MAX
 COMMON         0x0000000000275764        0x8 ../bin/obj/ATA.o
                0x0000000000275764                prdt
                0x0000000000275768                BMR
 COMMON         0x000000000027576c        0x4 ../bin/obj/fat.o
                0x000000000027576c                ROOTDIR
 COMMON         0x0000000000275770        0x4 ../bin/obj/vesa.o
                0x0000000000275770                screen
LOAD ../bin/obj/kasm.o
LOAD ../bin/obj/kc.o
LOAD ../bin/obj/sys.o
LOAD ../bin/obj/screen.o
LOAD ../bin/obj/gdt.o
LOAD ../bin/obj/gdtasm.o
LOAD ../bin/obj/hardw.o
LOAD ../bin/obj/cpu.o
LOAD ../bin/obj/isr.o
LOAD ../bin/obj/util.o
LOAD ../bin/obj/idta.o
LOAD ../bin/obj/isra.o
LOAD ../bin/obj/asm.o
LOAD ../bin/obj/errorHandl.o
LOAD ../bin/obj/keyboard.o
LOAD ../bin/obj/memory.o
LOAD ../bin/obj/pci.o
LOAD ../bin/obj/ahci.o
LOAD ../bin/obj/ATA.o
LOAD ../bin/obj/fat.o
LOAD ../bin/obj/hdd.o
LOAD ../bin/obj/iso.o
LOAD ../bin/obj/DRVhandl.o
LOAD ../bin/obj/v86.o
LOAD ../bin/obj/multitasking.o
LOAD ../bin/obj/v86c.o
LOAD ../bin/obj/vesa.o
LOAD ../bin/obj/stack.o
OUTPUT(../bin/kernel/kernel.sys elf32-i386)

.comment        0x0000000000000000       0x29
 .comment       0x0000000000000000       0x29 ../bin/obj/kc.o
                                         0x2a (size before relaxing)
 .comment       0x0000000000000029       0x2a ../bin/obj/sys.o
 .comment       0x0000000000000029       0x2a ../bin/obj/screen.o
 .comment       0x0000000000000029       0x2a ../bin/obj/gdt.o
 .comment       0x0000000000000029       0x2a ../bin/obj/hardw.o
 .comment       0x0000000000000029       0x2a ../bin/obj/cpu.o
 .comment       0x0000000000000029       0x2a ../bin/obj/isr.o
 .comment       0x0000000000000029       0x2a ../bin/obj/util.o
 .comment       0x0000000000000029       0x2a ../bin/obj/errorHandl.o
 .comment       0x0000000000000029       0x2a ../bin/obj/keyboard.o
 .comment       0x0000000000000029       0x2a ../bin/obj/memory.o
 .comment       0x0000000000000029       0x2a ../bin/obj/pci.o
 .comment       0x0000000000000029       0x2a ../bin/obj/ahci.o
 .comment       0x0000000000000029       0x2a ../bin/obj/ATA.o
 .comment       0x0000000000000029       0x2a ../bin/obj/fat.o
 .comment       0x0000000000000029       0x2a ../bin/obj/hdd.o
 .comment       0x0000000000000029       0x2a ../bin/obj/iso.o
 .comment       0x0000000000000029       0x2a ../bin/obj/DRVhandl.o
 .comment       0x0000000000000029       0x2a ../bin/obj/multitasking.o
 .comment       0x0000000000000029       0x2a ../bin/obj/v86c.o
 .comment       0x0000000000000029       0x2a ../bin/obj/vesa.o

.note.GNU-stack
                0x0000000000000000        0x0
 .note.GNU-stack
                0x0000000000000000        0x0 ../bin/obj/kc.o
 .note.GNU-stack
                0x0000000000000000        0x0 ../bin/obj/sys.o
 .note.GNU-stack
                0x0000000000000000        0x0 ../bin/obj/screen.o
 .note.GNU-stack
                0x0000000000000000        0x0 ../bin/obj/gdt.o
 .note.GNU-stack
                0x0000000000000000        0x0 ../bin/obj/hardw.o
 .note.GNU-stack
                0x0000000000000000        0x0 ../bin/obj/cpu.o
 .note.GNU-stack
                0x0000000000000000        0x0 ../bin/obj/isr.o
 .note.GNU-stack
                0x0000000000000000        0x0 ../bin/obj/util.o
 .note.GNU-stack
                0x0000000000000000        0x0 ../bin/obj/errorHandl.o
 .note.GNU-stack
                0x0000000000000000        0x0 ../bin/obj/keyboard.o
 .note.GNU-stack
                0x0000000000000000        0x0 ../bin/obj/memory.o
 .note.GNU-stack
                0x0000000000000000        0x0 ../bin/obj/pci.o
 .note.GNU-stack
                0x0000000000000000        0x0 ../bin/obj/ahci.o
 .note.GNU-stack
                0x0000000000000000        0x0 ../bin/obj/ATA.o
 .note.GNU-stack
                0x0000000000000000        0x0 ../bin/obj/fat.o
 .note.GNU-stack
                0x0000000000000000        0x0 ../bin/obj/hdd.o
 .note.GNU-stack
                0x0000000000000000        0x0 ../bin/obj/iso.o
 .note.GNU-stack
                0x0000000000000000        0x0 ../bin/obj/DRVhandl.o
 .note.GNU-stack
                0x0000000000000000        0x0 ../bin/obj/multitasking.o
 .note.GNU-stack
                0x0000000000000000        0x0 ../bin/obj/v86c.o
 .note.GNU-stack
                0x0000000000000000        0x0 ../bin/obj/vesa.o
