
Allocating common symbols
Common symbol       size              file

BPB                 0x4               ../bin/obj/kc.o
prdt                0x4               ../bin/obj/ATA.o
before_int_ax       0x2               ../bin/obj/isr.o
tckcounter          0x1               ../bin/obj/isr.o
tasks               0x3c00            ../bin/obj/kc.o
response_init       0x4               ../bin/obj/api_kernel.o
systeminfo          0x74              ../bin/obj/kc.o
key_bfr             0x4               ../bin/obj/keyboard.o
response_default    0x4               ../bin/obj/api_kernel.o
screen              0x4               ../bin/obj/vesa.o
int_stack           0x4               ../bin/obj/isr.o
mem_table           0x40000           ../bin/obj/memory.o
tss                 0x68              ../bin/obj/gdt.o
VendorID            0x4               ../bin/obj/cpu.o
cpuvend             0x4               ../bin/obj/cpu.o
current_vid_mode_inf
                    0x4               ../bin/obj/kc.o
last_interrupt      0x1               ../bin/obj/isr.o
segments            0x4               ../bin/obj/kc.o
before_int_di       0x2               ../bin/obj/isr.o
vfs_info            0xc               ../bin/obj/kc.o
counter             0x2               ../bin/obj/isr.o
mouse_cycle         0x1               ../bin/obj/isr.o
mouse_byte          0x2               ../bin/obj/isr.o
BMR                 0x4               ../bin/obj/ATA.o
pci_devices         0x600             ../bin/obj/kc.o
api_processes       0x800             ../bin/obj/api_kernel.o
primary             0x7dc             ../bin/obj/iso.o
key_bfr_codes       0x4               ../bin/obj/keyboard.o
devices             0x80              ../bin/obj/kc.o
MEM_MAX             0x4               ../bin/obj/memory.o
ROOTDIR             0x4               ../bin/obj/fat.o
abar                0x4               ../bin/obj/kc.o

Discarded input sections

 .group         0x0000000000000000        0x8 ../bin/obj/kc.o
 .group         0x0000000000000000        0x8 ../bin/obj/kc.o
 .group         0x0000000000000000        0x8 ../bin/obj/sys.o
 .text.__x86.get_pc_thunk.ax
                0x0000000000000000        0x4 ../bin/obj/sys.o
 .group         0x0000000000000000        0x8 ../bin/obj/screen.o
 .group         0x0000000000000000        0x8 ../bin/obj/screen.o
 .text.__x86.get_pc_thunk.ax
                0x0000000000000000        0x4 ../bin/obj/screen.o
 .text.__x86.get_pc_thunk.bx
                0x0000000000000000        0x4 ../bin/obj/screen.o
 .group         0x0000000000000000        0x8 ../bin/obj/gdt.o
 .group         0x0000000000000000        0x8 ../bin/obj/gdt.o
 .text.__x86.get_pc_thunk.ax
                0x0000000000000000        0x4 ../bin/obj/gdt.o
 .text.__x86.get_pc_thunk.bx
                0x0000000000000000        0x4 ../bin/obj/gdt.o
 .group         0x0000000000000000        0x8 ../bin/obj/hardw.o
 .group         0x0000000000000000        0x8 ../bin/obj/hardw.o
 .text.__x86.get_pc_thunk.ax
                0x0000000000000000        0x4 ../bin/obj/hardw.o
 .text.__x86.get_pc_thunk.bx
                0x0000000000000000        0x4 ../bin/obj/hardw.o
 .group         0x0000000000000000        0x8 ../bin/obj/cpu.o
 .group         0x0000000000000000        0x8 ../bin/obj/cpu.o
 .text.__x86.get_pc_thunk.ax
                0x0000000000000000        0x4 ../bin/obj/cpu.o
 .text.__x86.get_pc_thunk.bx
                0x0000000000000000        0x4 ../bin/obj/cpu.o
 .group         0x0000000000000000        0x8 ../bin/obj/isr.o
 .group         0x0000000000000000        0x8 ../bin/obj/isr.o
 .text.__x86.get_pc_thunk.ax
                0x0000000000000000        0x4 ../bin/obj/isr.o
 .text.__x86.get_pc_thunk.bx
                0x0000000000000000        0x4 ../bin/obj/isr.o
 .group         0x0000000000000000        0x8 ../bin/obj/util.o
 .group         0x0000000000000000        0x8 ../bin/obj/util.o
 .text.__x86.get_pc_thunk.ax
                0x0000000000000000        0x4 ../bin/obj/util.o
 .text.__x86.get_pc_thunk.bx
                0x0000000000000000        0x4 ../bin/obj/util.o
 .group         0x0000000000000000        0x8 ../bin/obj/errorHandl.o
 .text.__x86.get_pc_thunk.bx
                0x0000000000000000        0x4 ../bin/obj/errorHandl.o
 .group         0x0000000000000000        0x8 ../bin/obj/keyboard.o
 .group         0x0000000000000000        0x8 ../bin/obj/keyboard.o
 .text.__x86.get_pc_thunk.ax
                0x0000000000000000        0x4 ../bin/obj/keyboard.o
 .text.__x86.get_pc_thunk.bx
                0x0000000000000000        0x4 ../bin/obj/keyboard.o
 .group         0x0000000000000000        0x8 ../bin/obj/memory.o
 .text.__x86.get_pc_thunk.ax
                0x0000000000000000        0x4 ../bin/obj/memory.o
 .group         0x0000000000000000        0x8 ../bin/obj/pci.o
 .group         0x0000000000000000        0x8 ../bin/obj/pci.o
 .group         0x0000000000000000        0x8 ../bin/obj/pci.o
 .text.__x86.get_pc_thunk.ax
                0x0000000000000000        0x4 ../bin/obj/pci.o
 .text.__x86.get_pc_thunk.bx
                0x0000000000000000        0x4 ../bin/obj/pci.o
 .group         0x0000000000000000        0x8 ../bin/obj/ahci.o
 .group         0x0000000000000000        0x8 ../bin/obj/ahci.o
 .text.__x86.get_pc_thunk.ax
                0x0000000000000000        0x4 ../bin/obj/ahci.o
 .text.__x86.get_pc_thunk.bx
                0x0000000000000000        0x4 ../bin/obj/ahci.o
 .group         0x0000000000000000        0x8 ../bin/obj/ATA.o
 .group         0x0000000000000000        0x8 ../bin/obj/ATA.o
 .text.__x86.get_pc_thunk.ax
                0x0000000000000000        0x4 ../bin/obj/ATA.o
 .text.__x86.get_pc_thunk.bx
                0x0000000000000000        0x4 ../bin/obj/ATA.o
 .group         0x0000000000000000        0x8 ../bin/obj/fat.o
 .group         0x0000000000000000        0x8 ../bin/obj/fat.o
 .text.__x86.get_pc_thunk.ax
                0x0000000000000000        0x4 ../bin/obj/fat.o
 .text.__x86.get_pc_thunk.bx
                0x0000000000000000        0x4 ../bin/obj/fat.o
 .group         0x0000000000000000        0x8 ../bin/obj/hdd.o
 .text.__x86.get_pc_thunk.bx
                0x0000000000000000        0x4 ../bin/obj/hdd.o
 .group         0x0000000000000000        0x8 ../bin/obj/DRVhandl.o
 .group         0x0000000000000000        0x8 ../bin/obj/DRVhandl.o
 .text.__x86.get_pc_thunk.ax
                0x0000000000000000        0x4 ../bin/obj/DRVhandl.o
 .text.__x86.get_pc_thunk.bx
                0x0000000000000000        0x4 ../bin/obj/DRVhandl.o
 .group         0x0000000000000000        0x8 ../bin/obj/multitasking.o
 .group         0x0000000000000000        0x8 ../bin/obj/multitasking.o
 .group         0x0000000000000000        0x8 ../bin/obj/multitasking.o
 .text.__x86.get_pc_thunk.ax
                0x0000000000000000        0x4 ../bin/obj/multitasking.o
 .text.__x86.get_pc_thunk.dx
                0x0000000000000000        0x4 ../bin/obj/multitasking.o
 .text.__x86.get_pc_thunk.bx
                0x0000000000000000        0x4 ../bin/obj/multitasking.o
 .group         0x0000000000000000        0x8 ../bin/obj/v86c.o
 .text.__x86.get_pc_thunk.ax
                0x0000000000000000        0x4 ../bin/obj/v86c.o
 .group         0x0000000000000000        0x8 ../bin/obj/vesa.o
 .group         0x0000000000000000        0x8 ../bin/obj/vesa.o
 .text.__x86.get_pc_thunk.ax
                0x0000000000000000        0x4 ../bin/obj/vesa.o
 .text.__x86.get_pc_thunk.bx
                0x0000000000000000        0x4 ../bin/obj/vesa.o
 .group         0x0000000000000000        0x8 ../bin/obj/api_kernel.o
 .group         0x0000000000000000        0x8 ../bin/obj/api_kernel.o
 .text.__x86.get_pc_thunk.bx
                0x0000000000000000        0x4 ../bin/obj/api_kernel.o

Memory Configuration

Name             Origin             Length             Attributes
*default*        0x0000000000000000 0xffffffffffffffff

Linker script and memory map

                0x0000000000200000                . = 0x200000

.text           0x0000000000200000     0x955a
 *(.text)
 .text          0x0000000000200000     0x20ad ../bin/obj/kasm.o
                0x000000000020000c                start
                0x0000000000200021                paging
 .text          0x00000000002020ad      0x21f ../bin/obj/kc.o
                0x00000000002020ad                main
                0x00000000002021a8                kernel_thing
                0x00000000002021cf                kernel_version
                0x000000000020226e                main_kernel_shell_startup
                0x00000000002022a2                main_get_config_file
 .text          0x00000000002022cc      0x157 ../bin/obj/sys.o
                0x00000000002022cc                inb
                0x00000000002022f3                inw
                0x000000000020231c                outb
                0x0000000000202347                outw
                0x0000000000202372                outl
                0x0000000000202394                inl
                0x00000000002023ba                sysinlong
                0x00000000002023e0                outsw
 .text          0x0000000000202423      0x734 ../bin/obj/screen.o
                0x0000000000202423                updCurs
                0x00000000002024ac                setcolor
                0x00000000002024c5                trace
                0x00000000002025c7                putchar
                0x0000000000202737                TextModeVideoMemDump
                0x000000000020277c                print
                0x00000000002027de                printline
                0x000000000020285d                linecheck
                0x0000000000202892                clearl
                0x000000000020293e                clearscr
                0x000000000020298c                scroll
                0x0000000000202a90                disablecursor
                0x0000000000202acc                paintscr
 .text          0x0000000000202b57      0x247 ../bin/obj/gdt.o
                0x0000000000202b57                Prep_TSS
                0x0000000000202bf6                TSS_update_stack
                0x0000000000202c25                GDT
 *fill*         0x0000000000202d9e        0x2 
 .text          0x0000000000202da0       0x36 ../bin/obj/gdtasm.o
                0x0000000000202da0                gdt_set32
                0x0000000000202dd2                CRzero
 .text          0x0000000000202dd6      0x5c4 ../bin/obj/hardw.o
                0x0000000000202dd6                setints
                0x0000000000202e0d                IRQclrmsk
                0x0000000000202e83                IRQclrallmsks
                0x0000000000202ebc                IRQmskall
                0x0000000000202f1e                IRQdisableall
                0x0000000000202f5a                IRQsetmsk
                0x0000000000202fce                initpics
                0x00000000002030b2                inthndld
                0x00000000002030f7                PIC_remap
                0x00000000002031e0                PIT_init
                0x0000000000203239                inita20
                0x00000000002032d7                DetectSpeed
                0x000000000020333f                keybsndcom
                0x0000000000203370                keybwait
 .text          0x000000000020339a      0x12a ../bin/obj/cpu.o
                0x000000000020339a                idtent
                0x00000000002033c8                setidt
                0x000000000020341e                CPUID
                0x000000000020344c                IDT_add
                0x00000000002034a9                cpuSetMSR
 .text          0x00000000002034c4      0x92c ../bin/obj/isr.o
                0x00000000002034c4                isrinst
                0x0000000000203621                isr0c
                0x000000000020365a                isr1c
                0x00000000002036a3                isr3c
                0x00000000002036f0                isr4c
                0x0000000000203702                isr7c
                0x0000000000203749                isr8c
                0x0000000000203770                isr11c
                0x000000000020379b                isr12c
                0x00000000002037c7                isr13c
                0x0000000000203b86                isr14c
                0x0000000000203bb1                isr15
                0x0000000000203bdd                isr20c
                0x0000000000203c2e                isr21c
                0x0000000000203c83                isr2cc
                0x0000000000203d6c                isr30c
                0x0000000000203da5                isr47c
 .text          0x0000000000203df0      0x75e ../bin/obj/util.o
                0x0000000000203df0                getBYTE
                0x0000000000203e25                getWORD
                0x0000000000203e5b                eqlstr
                0x0000000000203edf                sleep
                0x0000000000203f20                timer_start
                0x0000000000203f3f                timer_end
                0x0000000000203f6d                movestr
                0x0000000000203fe6                hasStr
                0x000000000020404a                hexstr
                0x00000000002040b1                intstr
                0x0000000000204164                strlen
                0x0000000000204195                TransformUpLowUC
                0x0000000000204245                util_c_transform_uc
                0x00000000002042a3                util_str_int
                0x0000000000204344                util_to_the_powerof_ten
                0x0000000000204384                PartyChop
                0x00000000002043d3                strtok
                0x0000000000204424                strsep
                0x000000000020447c                strpbrk
 *fill*         0x000000000020454e        0x2 
 .text          0x0000000000204550        0xa ../bin/obj/idta.o
                0x0000000000204550                idt_set
 *fill*         0x000000000020455a        0x6 
 .text          0x0000000000204560      0x11a ../bin/obj/isra.o
                0x0000000000204560                isr0
                0x000000000020457c                isr1
                0x000000000020458a                isr3
                0x00000000002045a7                isr4
                0x00000000002045af                isr7
                0x00000000002045b8                isr8
                0x00000000002045c6                isr9
                0x00000000002045c7                isr10
                0x00000000002045ca                isr11
                0x00000000002045db                isr13
                0x0000000000204617                isr14
                0x0000000000204621                isr20
                0x0000000000204648                isr21
                0x000000000020465f                isr2c
                0x0000000000204668                isr30
                0x0000000000204671                isr47
 *fill*         0x000000000020467a        0x6 
 .text          0x0000000000204680      0x185 ../bin/obj/asm.o
                0x0000000000204680                PIT_initasm
                0x000000000020468f                PIT_readcount
                0x00000000002046a7                enable_A20
                0x00000000002046f3                GetCPUVendor
                0x000000000020470d                TLBflush
                0x0000000000204717                getESP
                0x0000000000204722                TSS_flush
                0x000000000020472a                jmp_user_mode
                0x000000000020476e                asm_fix_stack
                0x000000000020478f                task1
                0x00000000002047a8                task2
                0x00000000002047c4                asm_stuff
                0x00000000002047e1                jmp_back_kernel
                0x00000000002047f5                memory_set_stack
                0x0000000000204801                StackPointer
 .text          0x0000000000204805      0x48d ../bin/obj/errorHandl.o
                0x0000000000204805                kernel_panic
                0x0000000000204904                kernel_panic_dump
                0x0000000000204a7b                InitFail
                0x0000000000204ada                console_Warning
                0x0000000000204b2c                error
 .text          0x0000000000204c92      0x629 ../bin/obj/keyboard.o
                0x0000000000204c92                keybin
                0x0000000000204d18                keyboard_putonscr
                0x0000000000204e83                keyboard_clear_buffers
                0x0000000000204ec9                IS_pressed
                0x0000000000204efc                hang_for_key
                0x0000000000204f36                ps2_keyb_init
                0x0000000000204ff4                mouse_write
                0x0000000000205050                mouse_read
                0x0000000000205081                mouse_wait
                0x00000000002050fe                ps2_mouse_init
                0x0000000000205264                ps2_wait_write
                0x0000000000205294                ps2_wait_read
 .text          0x00000000002052bb      0x3fd ../bin/obj/memory.o
                0x00000000002052bb                memory_init
                0x00000000002052dc                GRUB_GetMemInfo
                0x00000000002053c3                malloc
                0x0000000000205542                demalloc
                0x00000000002055a5                kmemset
                0x00000000002055d5                MemCopy
                0x000000000020562a                strcopy
                0x000000000020567b                strncpy
 .text          0x00000000002056b8      0x691 ../bin/obj/pci.o
                0x00000000002056b8                pci_init
                0x000000000020587c                pci_get_device
                0x0000000000205965                pci_get_val
                0x0000000000205a06                GetPCIDevice
                0x0000000000205bb5                pciConfigRead
                0x0000000000205c5b                pciConfigWrite
                0x0000000000205cff                pciGetInterruptLine
 .text          0x0000000000205d49      0x853 ../bin/obj/ahci.o
                0x0000000000205d49                AHCI_init
                0x0000000000205dc6                getBAR5
                0x0000000000205e4c                AHCI_setup_port
                0x0000000000205e7e                search_drives
                0x00000000002060fc                port_rebase
                0x000000000020625e                start_cmd
                0x00000000002062a0                stop_cmd
                0x00000000002062f6                Read_SATA
                0x0000000000206516                find_cmdslot
 .text          0x000000000020659c      0xf1a ../bin/obj/ATA.o
                0x000000000020659c                ATA_init
                0x000000000020681c                ATAPI_init
                0x0000000000206835                ATAwait
                0x0000000000206868                ATAPI_CHECK
                0x0000000000206991                ATA_swreset
                0x0000000000206a29                DRIVE_ERROR_DETECT
                0x0000000000206a83                nIEN_rs
                0x0000000000206acb                PIO_READ_ATA
                0x0000000000206c65                PIO_WRITE_ATA
                0x0000000000206e53                PIO_READ_ATAPI
                0x00000000002070f4                DMA_ATA_SETUP
                0x00000000002071f3                DMA_ATA_READ
                0x0000000000207345                DMA_ATA_WRITE
                0x0000000000207448                ATA_STANDARD
 .text          0x00000000002074b6      0xbf8 ../bin/obj/fat.o
                0x00000000002074b6                GetBootCodeFAT
                0x00000000002074fd                FATinit
                0x00000000002075aa                GetFile
                0x0000000000207623                FindFile
                0x0000000000207711                FAT_Traverse
                0x00000000002077c5                fat_find_dir
                0x00000000002078e2                FindNextDir
                0x0000000000207a06                FAT32_WRITE_FILE
                0x0000000000207b2c                FAT32_DIRPREP
                0x0000000000207bfa                FAT32_Write_cluster
                0x0000000000207c4c                FAT32_READ_FILE
                0x0000000000207cb8                FAT_cluster_LBA
                0x0000000000207cf0                FAT_read_table
                0x0000000000207dde                ReadDir
                0x0000000000207f45                FATFindFreeClusterChain
 .text          0x00000000002080ae      0x261 ../bin/obj/hdd.o
                0x00000000002080ae                get_drive_info
                0x0000000000208272                GetFirstSectLBA
 .text          0x000000000020830f        0x0 ../bin/obj/iso.o
 .text          0x000000000020830f      0x1f8 ../bin/obj/DRVhandl.o
                0x000000000020830f                driver_type
                0x000000000020833f                FindDriver
                0x0000000000208489                run_v86_driver
 *fill*         0x0000000000208507        0x9 
 .text          0x0000000000208510       0x79 ../bin/obj/v86.o
                0x0000000000208510                v86_enter
                0x000000000020854a                do_exor
                0x0000000000208559                do_regs
                0x000000000020856b                v86_ret
 .text          0x0000000000208589      0x801 ../bin/obj/multitasking.o
                0x0000000000208589                Task_Save_State
                0x0000000000208697                task_timeguard
                0x000000000020889c                task_push
                0x0000000000208965                task_pop
                0x0000000000208b88                task_save
                0x0000000000208cd6                task_findnew
                0x0000000000208d27                task_internal_ret_from_interrupt
 .text          0x0000000000208d8a      0x142 ../bin/obj/v86c.o
                0x0000000000208d8a                v86_linear_to_sgoff
                0x0000000000208dc7                v86_sgoff_to_linear
                0x0000000000208dfc                v86_interrupt
                0x0000000000208e74                v86_save_state
 .text          0x0000000000208ecc      0x463 ../bin/obj/vesa.o
                0x0000000000208ecc                vesa_init
                0x0000000000208fba                vesa_findmode
                0x0000000000209288                vesa_difference
                0x000000000020929d                vesa_put_pixel
 .text          0x000000000020932f      0x22b ../bin/obj/api_kernel.o
                0x000000000020936c                api_init
                0x0000000000209475                api_error

.text.__x86.get_pc_thunk.ax
                0x000000000020955a        0x4
 .text.__x86.get_pc_thunk.ax
                0x000000000020955a        0x4 ../bin/obj/kc.o
                0x000000000020955a                __x86.get_pc_thunk.ax

.text.__x86.get_pc_thunk.bx
                0x000000000020955e        0x4
 .text.__x86.get_pc_thunk.bx
                0x000000000020955e        0x4 ../bin/obj/kc.o
                0x000000000020955e                __x86.get_pc_thunk.bx

.text.__x86.get_pc_thunk.dx
                0x0000000000209562        0x4
 .text.__x86.get_pc_thunk.dx
                0x0000000000209562        0x4 ../bin/obj/pci.o
                0x0000000000209562                __x86.get_pc_thunk.dx

.text.__x86.get_pc_thunk.cx
                0x0000000000209566        0x4
 .text.__x86.get_pc_thunk.cx
                0x0000000000209566        0x4 ../bin/obj/api_kernel.o
                0x0000000000209566                __x86.get_pc_thunk.cx

.iplt           0x0000000000209570        0x0
 .iplt          0x0000000000209570        0x0 ../bin/obj/stack.o

.rodata         0x000000000020956c      0x843
 .rodata        0x000000000020956c       0x7a ../bin/obj/kc.o
 .rodata        0x00000000002095e6        0x3 ../bin/obj/screen.o
                0x00000000002095e6                height
                0x00000000002095e7                width
                0x00000000002095e8                depth
 .rodata        0x00000000002095e9       0xc6 ../bin/obj/isr.o
 .rodata        0x00000000002096af       0x1f ../bin/obj/util.o
 *fill*         0x00000000002096ce        0x2 
 .rodata        0x00000000002096d0      0x430 ../bin/obj/errorHandl.o
 .rodata        0x0000000000209b00       0x6d ../bin/obj/keyboard.o
 .rodata        0x0000000000209b6d       0x36 ../bin/obj/pci.o
 *fill*         0x0000000000209ba3        0x1 
 .rodata        0x0000000000209ba4       0x9a ../bin/obj/ahci.o
 .rodata        0x0000000000209c3e       0xa1 ../bin/obj/ATA.o
 .rodata        0x0000000000209cdf        0xb ../bin/obj/fat.o
 .rodata        0x0000000000209cea       0x11 ../bin/obj/hdd.o
 .rodata        0x0000000000209cfb       0x54 ../bin/obj/DRVhandl.o
 .rodata        0x0000000000209d4f       0x60 ../bin/obj/multitasking.o

.eh_frame       0x0000000000209db0     0x18fc
 .eh_frame      0x0000000000209db0       0xec ../bin/obj/kc.o
 .eh_frame      0x0000000000209e9c      0x100 ../bin/obj/sys.o
                                        0x12c (size before relaxing)
 .eh_frame      0x0000000000209f9c      0x1c8 ../bin/obj/screen.o
                                        0x208 (size before relaxing)
 .eh_frame      0x000000000020a164       0x8c ../bin/obj/gdt.o
                                         0xcc (size before relaxing)
 .eh_frame      0x000000000020a1f0      0x1fc ../bin/obj/hardw.o
                                        0x23c (size before relaxing)
 .eh_frame      0x000000000020a3ec       0xa4 ../bin/obj/cpu.o
                                         0xe4 (size before relaxing)
 .eh_frame      0x000000000020a490      0x260 ../bin/obj/isr.o
                                        0x2a0 (size before relaxing)
 .eh_frame      0x000000000020a6f0      0x290 ../bin/obj/util.o
                                        0x2d0 (size before relaxing)
 .eh_frame      0x000000000020a980       0xa4 ../bin/obj/errorHandl.o
                                         0xd0 (size before relaxing)
 .eh_frame      0x000000000020aa24      0x1a8 ../bin/obj/keyboard.o
                                        0x1e8 (size before relaxing)
 .eh_frame      0x000000000020abcc      0x10c ../bin/obj/memory.o
                                        0x138 (size before relaxing)
 .eh_frame      0x000000000020acd8      0x128 ../bin/obj/pci.o
                                        0x168 (size before relaxing)
 .eh_frame      0x000000000020ae00      0x160 ../bin/obj/ahci.o
                                        0x1a0 (size before relaxing)
 .eh_frame      0x000000000020af60      0x1f8 ../bin/obj/ATA.o
                                        0x238 (size before relaxing)
 .eh_frame      0x000000000020b158      0x228 ../bin/obj/fat.o
                                        0x268 (size before relaxing)
 .eh_frame      0x000000000020b380       0x48 ../bin/obj/hdd.o
                                         0x74 (size before relaxing)
 .eh_frame      0x000000000020b3c8       0x68 ../bin/obj/DRVhandl.o
                                         0xa8 (size before relaxing)
 .eh_frame      0x000000000020b430       0xe8 ../bin/obj/multitasking.o
                                        0x13c (size before relaxing)
 .eh_frame      0x000000000020b518       0x84 ../bin/obj/v86c.o
                                         0xb0 (size before relaxing)
 .eh_frame      0x000000000020b59c       0x8c ../bin/obj/vesa.o
                                         0xcc (size before relaxing)
 .eh_frame      0x000000000020b628       0x84 ../bin/obj/api_kernel.o
                                         0xb0 (size before relaxing)

.note.gnu.property
                0x000000000020b6ac       0x1c
 .note.gnu.property
                0x000000000020b6ac       0x1c ../bin/obj/stack.o

.rel.dyn        0x000000000020b6c8        0x0
 .rel.got       0x000000000020b6c8        0x0 ../bin/obj/stack.o
 .rel.iplt      0x000000000020b6c8        0x0 ../bin/obj/stack.o
 .rel.text      0x000000000020b6c8        0x0 ../bin/obj/stack.o

.data           0x000000000020b6c8       0x18
 *(.data)
 .data          0x000000000020b6c8        0x0 ../bin/obj/kc.o
 .data          0x000000000020b6c8        0x0 ../bin/obj/sys.o
 .data          0x000000000020b6c8        0x4 ../bin/obj/screen.o
                0x000000000020b6c8                color
 .data          0x000000000020b6cc        0x0 ../bin/obj/gdt.o
 .data          0x000000000020b6cc        0x4 ../bin/obj/hardw.o
                0x000000000020b6cc                CMOS_NMI_disable
 .data          0x000000000020b6d0        0x0 ../bin/obj/cpu.o
 .data          0x000000000020b6d0        0x0 ../bin/obj/isr.o
 .data          0x000000000020b6d0        0x0 ../bin/obj/util.o
 .data          0x000000000020b6d0        0x0 ../bin/obj/errorHandl.o
 .data          0x000000000020b6d0        0x4 ../bin/obj/keyboard.o
                0x000000000020b6d0                scancodeset
 .data          0x000000000020b6d4        0x8 ../bin/obj/memory.o
                0x000000000020b6d4                MEM_start
                0x000000000020b6d8                mem_table_entry
 .data          0x000000000020b6dc        0x0 ../bin/obj/pci.o
 .data          0x000000000020b6dc        0x0 ../bin/obj/ahci.o
 .data          0x000000000020b6dc        0x0 ../bin/obj/ATA.o
 .data          0x000000000020b6dc        0x0 ../bin/obj/fat.o
 .data          0x000000000020b6dc        0x0 ../bin/obj/hdd.o
 .data          0x000000000020b6dc        0x0 ../bin/obj/iso.o
 .data          0x000000000020b6dc        0x0 ../bin/obj/DRVhandl.o
 .data          0x000000000020b6dc        0x4 ../bin/obj/multitasking.o
                0x000000000020b6dc                isMultitasking
 .data          0x000000000020b6e0        0x0 ../bin/obj/v86c.o
 .data          0x000000000020b6e0        0x0 ../bin/obj/vesa.o
 .data          0x000000000020b6e0        0x0 ../bin/obj/api_kernel.o

.data.rel.local
                0x000000000020b6e0       0x10
 .data.rel.local
                0x000000000020b6e0        0x4 ../bin/obj/keyboard.o
                0x000000000020b6e0                keyboard_chars
 .data.rel.local
                0x000000000020b6e4        0xc ../bin/obj/DRVhandl.o
                0x000000000020b6e4                UNKOWN
                0x000000000020b6e8                EMPTY
                0x000000000020b6ec                VESA

.got            0x000000000020b6f0        0x0
 .got           0x000000000020b6f0        0x0 ../bin/obj/stack.o

.got.plt        0x000000000020b6f0        0xc
 .got.plt       0x000000000020b6f0        0xc ../bin/obj/stack.o
                0x000000000020b6f0                _GLOBAL_OFFSET_TABLE_

.igot.plt       0x000000000020b6fc        0x0
 .igot.plt      0x000000000020b6fc        0x0 ../bin/obj/stack.o

.bss            0x000000000020b700    0x46d80
 *(.bss)
 .bss           0x000000000020b700        0xc ../bin/obj/kc.o
                0x000000000020b700                KERNEL_FLAGS
 .bss           0x000000000020b70c        0x0 ../bin/obj/sys.o
 .bss           0x000000000020b70c       0x10 ../bin/obj/screen.o
                0x000000000020b70c                cursorX
                0x000000000020b710                cursorY
 *fill*         0x000000000020b71c        0x4 
 .bss           0x000000000020b720       0x56 ../bin/obj/gdt.o
 *fill*         0x000000000020b776        0x2 
 .bss           0x000000000020b778        0x8 ../bin/obj/hardw.o
 .bss           0x000000000020b780      0x826 ../bin/obj/cpu.o
 *fill*         0x000000000020bfa6        0x2 
 .bss           0x000000000020bfa8        0xc ../bin/obj/isr.o
                0x000000000020bfa8                sec
 .bss           0x000000000020bfb4       0x10 ../bin/obj/util.o
 .bss           0x000000000020bfc4        0x8 ../bin/obj/errorHandl.o
 .bss           0x000000000020bfcc       0x10 ../bin/obj/keyboard.o
                0x000000000020bfcc                code_bfr_loc
                0x000000000020bfd0                shift
 .bss           0x000000000020bfdc        0x8 ../bin/obj/memory.o
 .bss           0x000000000020bfe4        0x8 ../bin/obj/pci.o
 .bss           0x000000000020bfec        0x8 ../bin/obj/ahci.o
 .bss           0x000000000020bff4        0x8 ../bin/obj/ATA.o
 .bss           0x000000000020bffc       0x10 ../bin/obj/fat.o
 .bss           0x000000000020c00c        0x8 ../bin/obj/hdd.o
 .bss           0x000000000020c014        0x8 ../bin/obj/iso.o
 .bss           0x000000000020c01c        0x8 ../bin/obj/DRVhandl.o
 .bss           0x000000000020c024        0xd ../bin/obj/multitasking.o
                0x000000000020c024                CurrentTasks
 *fill*         0x000000000020c031        0x3 
 .bss           0x000000000020c034        0x8 ../bin/obj/v86c.o
 .bss           0x000000000020c03c        0x8 ../bin/obj/vesa.o
 .bss           0x000000000020c044        0xc ../bin/obj/api_kernel.o
                0x000000000020c044                next_procID
 .bss           0x000000000020c050     0x1000 ../bin/obj/stack.o
                0x000000000020c050                stack
                0x000000000020d050                end_stack
 *fill*         0x000000000020d050       0x10 
 COMMON         0x000000000020d060     0x4344 ../bin/obj/kc.o
                0x000000000020d060                BPB
                0x000000000020d080                tasks
                0x0000000000210c80                systeminfo
                0x0000000000210cf4                current_vid_mode_inf
                0x0000000000210cf8                segments
                0x0000000000210cfc                vfs_info
                0x0000000000210d20                pci_devices
                0x0000000000211320                devices
                0x00000000002113a0                abar
 *fill*         0x00000000002113a4       0x1c 
 COMMON         0x00000000002113c0       0x68 ../bin/obj/gdt.o
                0x00000000002113c0                tss
 COMMON         0x0000000000211428        0x8 ../bin/obj/cpu.o
                0x0000000000211428                VendorID
                0x000000000021142c                cpuvend
 COMMON         0x0000000000211430       0x11 ../bin/obj/isr.o
                0x0000000000211430                before_int_ax
                0x0000000000211432                tckcounter
                0x0000000000211434                int_stack
                0x0000000000211438                last_interrupt
                0x000000000021143a                before_int_di
                0x000000000021143c                counter
                0x000000000021143e                mouse_cycle
                0x000000000021143f                mouse_byte
 *fill*         0x0000000000211441        0x3 
 COMMON         0x0000000000211444        0x8 ../bin/obj/keyboard.o
                0x0000000000211444                key_bfr
                0x0000000000211448                key_bfr_codes
 *fill*         0x000000000021144c       0x14 
 COMMON         0x0000000000211460    0x40004 ../bin/obj/memory.o
                0x0000000000211460                mem_table
                0x0000000000251460                MEM_MAX
 COMMON         0x0000000000251464        0x8 ../bin/obj/ATA.o
                0x0000000000251464                prdt
                0x0000000000251468                BMR
 COMMON         0x000000000025146c        0x4 ../bin/obj/fat.o
                0x000000000025146c                ROOTDIR
 *fill*         0x0000000000251470       0x10 
 COMMON         0x0000000000251480      0x7dc ../bin/obj/iso.o
                0x0000000000251480                primary
 COMMON         0x0000000000251c5c        0x4 ../bin/obj/vesa.o
                0x0000000000251c5c                screen
 COMMON         0x0000000000251c60      0x820 ../bin/obj/api_kernel.o
                0x0000000000251c60                response_init
                0x0000000000251c64                response_default
                0x0000000000251c80                api_processes
LOAD ../bin/obj/kasm.o
LOAD ../bin/obj/kc.o
LOAD ../bin/obj/sys.o
LOAD ../bin/obj/screen.o
LOAD ../bin/obj/gdt.o
LOAD ../bin/obj/gdtasm.o
LOAD ../bin/obj/hardw.o
LOAD ../bin/obj/cpu.o
LOAD ../bin/obj/isr.o
LOAD ../bin/obj/util.o
LOAD ../bin/obj/idta.o
LOAD ../bin/obj/isra.o
LOAD ../bin/obj/asm.o
LOAD ../bin/obj/errorHandl.o
LOAD ../bin/obj/keyboard.o
LOAD ../bin/obj/memory.o
LOAD ../bin/obj/pci.o
LOAD ../bin/obj/ahci.o
LOAD ../bin/obj/ATA.o
LOAD ../bin/obj/fat.o
LOAD ../bin/obj/hdd.o
LOAD ../bin/obj/iso.o
LOAD ../bin/obj/DRVhandl.o
LOAD ../bin/obj/v86.o
LOAD ../bin/obj/multitasking.o
LOAD ../bin/obj/v86c.o
LOAD ../bin/obj/vesa.o
LOAD ../bin/obj/api_kernel.o
LOAD ../bin/obj/stack.o
OUTPUT(../bin/kernel/kernel.sys elf32-i386)

.comment        0x0000000000000000       0x2b
 .comment       0x0000000000000000       0x2b ../bin/obj/kc.o
                                         0x2c (size before relaxing)
 .comment       0x000000000000002b       0x2c ../bin/obj/sys.o
 .comment       0x000000000000002b       0x2c ../bin/obj/screen.o
 .comment       0x000000000000002b       0x2c ../bin/obj/gdt.o
 .comment       0x000000000000002b       0x2c ../bin/obj/hardw.o
 .comment       0x000000000000002b       0x2c ../bin/obj/cpu.o
 .comment       0x000000000000002b       0x2c ../bin/obj/isr.o
 .comment       0x000000000000002b       0x2c ../bin/obj/util.o
 .comment       0x000000000000002b       0x2c ../bin/obj/errorHandl.o
 .comment       0x000000000000002b       0x2c ../bin/obj/keyboard.o
 .comment       0x000000000000002b       0x2c ../bin/obj/memory.o
 .comment       0x000000000000002b       0x2c ../bin/obj/pci.o
 .comment       0x000000000000002b       0x2c ../bin/obj/ahci.o
 .comment       0x000000000000002b       0x2c ../bin/obj/ATA.o
 .comment       0x000000000000002b       0x2c ../bin/obj/fat.o
 .comment       0x000000000000002b       0x2c ../bin/obj/hdd.o
 .comment       0x000000000000002b       0x2c ../bin/obj/iso.o
 .comment       0x000000000000002b       0x2c ../bin/obj/DRVhandl.o
 .comment       0x000000000000002b       0x2c ../bin/obj/multitasking.o
 .comment       0x000000000000002b       0x2c ../bin/obj/v86c.o
 .comment       0x000000000000002b       0x2c ../bin/obj/vesa.o
 .comment       0x000000000000002b       0x2c ../bin/obj/api_kernel.o

.note.GNU-stack
                0x0000000000000000        0x0
 .note.GNU-stack
                0x0000000000000000        0x0 ../bin/obj/kc.o
 .note.GNU-stack
                0x0000000000000000        0x0 ../bin/obj/sys.o
 .note.GNU-stack
                0x0000000000000000        0x0 ../bin/obj/screen.o
 .note.GNU-stack
                0x0000000000000000        0x0 ../bin/obj/gdt.o
 .note.GNU-stack
                0x0000000000000000        0x0 ../bin/obj/hardw.o
 .note.GNU-stack
                0x0000000000000000        0x0 ../bin/obj/cpu.o
 .note.GNU-stack
                0x0000000000000000        0x0 ../bin/obj/isr.o
 .note.GNU-stack
                0x0000000000000000        0x0 ../bin/obj/util.o
 .note.GNU-stack
                0x0000000000000000        0x0 ../bin/obj/errorHandl.o
 .note.GNU-stack
                0x0000000000000000        0x0 ../bin/obj/keyboard.o
 .note.GNU-stack
                0x0000000000000000        0x0 ../bin/obj/memory.o
 .note.GNU-stack
                0x0000000000000000        0x0 ../bin/obj/pci.o
 .note.GNU-stack
                0x0000000000000000        0x0 ../bin/obj/ahci.o
 .note.GNU-stack
                0x0000000000000000        0x0 ../bin/obj/ATA.o
 .note.GNU-stack
                0x0000000000000000        0x0 ../bin/obj/fat.o
 .note.GNU-stack
                0x0000000000000000        0x0 ../bin/obj/hdd.o
 .note.GNU-stack
                0x0000000000000000        0x0 ../bin/obj/iso.o
 .note.GNU-stack
                0x0000000000000000        0x0 ../bin/obj/DRVhandl.o
 .note.GNU-stack
                0x0000000000000000        0x0 ../bin/obj/multitasking.o
 .note.GNU-stack
                0x0000000000000000        0x0 ../bin/obj/v86c.o
 .note.GNU-stack
                0x0000000000000000        0x0 ../bin/obj/vesa.o
 .note.GNU-stack
                0x0000000000000000        0x0 ../bin/obj/api_kernel.o
