
Allocating common symbols
Common symbol       size              file

BPB                 0x4               ../bin/obj/kc.o
prdt                0x4               ../bin/obj/ATA.o
before_int_ax       0x2               ../bin/obj/isr.o
tckcounter          0x1               ../bin/obj/isr.o
tasks               0x294             ../bin/obj/kc.o
systeminfo          0x68              ../bin/obj/kc.o
pci_device_info     0x28000           ../bin/obj/kc.o
int_stack           0x4               ../bin/obj/isr.o
buff                0x100             ../bin/obj/keyboard.o
mem_table           0x40000           ../bin/obj/memory.o
tss                 0x68              ../bin/obj/gdt.o
VendorID            0x4               ../bin/obj/cpu.o
cpuvend             0x4               ../bin/obj/cpu.o
last_interrupt      0x1               ../bin/obj/isr.o
segments            0x4               ../bin/obj/kc.o
before_int_di       0x2               ../bin/obj/isr.o
vfs_info            0xc               ../bin/obj/kc.o
counter             0x2               ../bin/obj/isr.o
BMR                 0x4               ../bin/obj/ATA.o
pci_devices         0x600             ../bin/obj/kc.o
devices             0x80              ../bin/obj/kc.o
MEM_MAX             0x4               ../bin/obj/memory.o
ROOTDIR             0x4               ../bin/obj/fat.o
abar                0x4               ../bin/obj/kc.o

Discarded input sections

 .group         0x0000000000000000        0x8 ../bin/obj/kc.o
 .group         0x0000000000000000        0x8 ../bin/obj/sys.o
 .group         0x0000000000000000        0x8 ../bin/obj/screen.o
 .group         0x0000000000000000        0x8 ../bin/obj/screen.o
 .text.__x86.get_pc_thunk.ax
                0x0000000000000000        0x4 ../bin/obj/screen.o
 .text.__x86.get_pc_thunk.bx
                0x0000000000000000        0x4 ../bin/obj/screen.o
 .group         0x0000000000000000        0x8 ../bin/obj/gdt.o
 .group         0x0000000000000000        0x8 ../bin/obj/gdt.o
 .text.__x86.get_pc_thunk.ax
                0x0000000000000000        0x4 ../bin/obj/gdt.o
 .text.__x86.get_pc_thunk.bx
                0x0000000000000000        0x4 ../bin/obj/gdt.o
 .group         0x0000000000000000        0x8 ../bin/obj/hardw.o
 .group         0x0000000000000000        0x8 ../bin/obj/hardw.o
 .text.__x86.get_pc_thunk.ax
                0x0000000000000000        0x4 ../bin/obj/hardw.o
 .text.__x86.get_pc_thunk.bx
                0x0000000000000000        0x4 ../bin/obj/hardw.o
 .group         0x0000000000000000        0x8 ../bin/obj/cpu.o
 .group         0x0000000000000000        0x8 ../bin/obj/cpu.o
 .text.__x86.get_pc_thunk.ax
                0x0000000000000000        0x4 ../bin/obj/cpu.o
 .text.__x86.get_pc_thunk.bx
                0x0000000000000000        0x4 ../bin/obj/cpu.o
 .group         0x0000000000000000        0x8 ../bin/obj/isr.o
 .group         0x0000000000000000        0x8 ../bin/obj/isr.o
 .text.__x86.get_pc_thunk.ax
                0x0000000000000000        0x4 ../bin/obj/isr.o
 .text.__x86.get_pc_thunk.bx
                0x0000000000000000        0x4 ../bin/obj/isr.o
 .group         0x0000000000000000        0x8 ../bin/obj/util.o
 .group         0x0000000000000000        0x8 ../bin/obj/util.o
 .text.__x86.get_pc_thunk.ax
                0x0000000000000000        0x4 ../bin/obj/util.o
 .text.__x86.get_pc_thunk.bx
                0x0000000000000000        0x4 ../bin/obj/util.o
 .group         0x0000000000000000        0x8 ../bin/obj/errorHandl.o
 .text.__x86.get_pc_thunk.bx
                0x0000000000000000        0x4 ../bin/obj/errorHandl.o
 .group         0x0000000000000000        0x8 ../bin/obj/keyboard.o
 .group         0x0000000000000000        0x8 ../bin/obj/keyboard.o
 .text.__x86.get_pc_thunk.ax
                0x0000000000000000        0x4 ../bin/obj/keyboard.o
 .text.__x86.get_pc_thunk.bx
                0x0000000000000000        0x4 ../bin/obj/keyboard.o
 .group         0x0000000000000000        0x8 ../bin/obj/memory.o
 .text.__x86.get_pc_thunk.ax
                0x0000000000000000        0x4 ../bin/obj/memory.o
 .group         0x0000000000000000        0x8 ../bin/obj/pci.o
 .group         0x0000000000000000        0x8 ../bin/obj/pci.o
 .group         0x0000000000000000        0x8 ../bin/obj/pci.o
 .text.__x86.get_pc_thunk.ax
                0x0000000000000000        0x4 ../bin/obj/pci.o
 .text.__x86.get_pc_thunk.bx
                0x0000000000000000        0x4 ../bin/obj/pci.o
 .group         0x0000000000000000        0x8 ../bin/obj/ahci.o
 .group         0x0000000000000000        0x8 ../bin/obj/ahci.o
 .text.__x86.get_pc_thunk.ax
                0x0000000000000000        0x4 ../bin/obj/ahci.o
 .text.__x86.get_pc_thunk.bx
                0x0000000000000000        0x4 ../bin/obj/ahci.o
 .group         0x0000000000000000        0x8 ../bin/obj/ATA.o
 .group         0x0000000000000000        0x8 ../bin/obj/ATA.o
 .text.__x86.get_pc_thunk.ax
                0x0000000000000000        0x4 ../bin/obj/ATA.o
 .text.__x86.get_pc_thunk.bx
                0x0000000000000000        0x4 ../bin/obj/ATA.o
 .group         0x0000000000000000        0x8 ../bin/obj/fat.o
 .group         0x0000000000000000        0x8 ../bin/obj/fat.o
 .text.__x86.get_pc_thunk.ax
                0x0000000000000000        0x4 ../bin/obj/fat.o
 .text.__x86.get_pc_thunk.bx
                0x0000000000000000        0x4 ../bin/obj/fat.o
 .group         0x0000000000000000        0x8 ../bin/obj/hdd.o
 .text.__x86.get_pc_thunk.bx
                0x0000000000000000        0x4 ../bin/obj/hdd.o
 .group         0x0000000000000000        0x8 ../bin/obj/iso.o
 .text.__x86.get_pc_thunk.ax
                0x0000000000000000        0x4 ../bin/obj/iso.o
 .group         0x0000000000000000        0x8 ../bin/obj/DRVhandl.o
 .group         0x0000000000000000        0x8 ../bin/obj/DRVhandl.o
 .text.__x86.get_pc_thunk.ax
                0x0000000000000000        0x4 ../bin/obj/DRVhandl.o
 .text.__x86.get_pc_thunk.bx
                0x0000000000000000        0x4 ../bin/obj/DRVhandl.o
 .group         0x0000000000000000        0x8 ../bin/obj/multitasking.o
 .group         0x0000000000000000        0x8 ../bin/obj/multitasking.o
 .group         0x0000000000000000        0x8 ../bin/obj/multitasking.o
 .text.__x86.get_pc_thunk.ax
                0x0000000000000000        0x4 ../bin/obj/multitasking.o
 .text.__x86.get_pc_thunk.dx
                0x0000000000000000        0x4 ../bin/obj/multitasking.o
 .text.__x86.get_pc_thunk.bx
                0x0000000000000000        0x4 ../bin/obj/multitasking.o
 .group         0x0000000000000000        0x8 ../bin/obj/v86c.o
 .text.__x86.get_pc_thunk.ax
                0x0000000000000000        0x4 ../bin/obj/v86c.o
 .group         0x0000000000000000        0x8 ../bin/obj/vesa.o
 .group         0x0000000000000000        0x8 ../bin/obj/vesa.o
 .text.__x86.get_pc_thunk.ax
                0x0000000000000000        0x4 ../bin/obj/vesa.o
 .text.__x86.get_pc_thunk.bx
                0x0000000000000000        0x4 ../bin/obj/vesa.o

Memory Configuration

Name             Origin             Length             Attributes
*default*        0x0000000000000000 0xffffffffffffffff

Linker script and memory map

                0x0000000000200000                . = 0x200000

.text           0x0000000000200000     0x8c3b
 *(.text)
 .text          0x0000000000200000     0x20ad ../bin/obj/kasm.o
                0x000000000020000c                start
                0x0000000000200021                paging
 .text          0x00000000002020ad      0x20c ../bin/obj/kc.o
                0x00000000002020ad                main
                0x000000000020220c                kernel_version
 .text          0x00000000002022b9      0x157 ../bin/obj/sys.o
                0x00000000002022b9                inb
                0x00000000002022e0                inw
                0x0000000000202309                outb
                0x0000000000202334                outw
                0x000000000020235f                outl
                0x0000000000202381                inl
                0x00000000002023a7                sysinlong
                0x00000000002023cd                outsw
 .text          0x0000000000202410      0x734 ../bin/obj/screen.o
                0x0000000000202410                updCurs
                0x0000000000202499                setcolor
                0x00000000002024b2                trace
                0x00000000002025b4                putchar
                0x0000000000202724                TextModeVideoMemDump
                0x0000000000202769                print
                0x00000000002027cb                printline
                0x000000000020284a                linecheck
                0x000000000020287f                clearl
                0x000000000020292b                clearscr
                0x0000000000202979                scroll
                0x0000000000202a7d                disablecursor
                0x0000000000202ab9                paintscr
 .text          0x0000000000202b44      0x247 ../bin/obj/gdt.o
                0x0000000000202b44                Prep_TSS
                0x0000000000202be3                TSS_update_stack
                0x0000000000202c12                GDT
 *fill*         0x0000000000202d8b        0x5 
 .text          0x0000000000202d90       0x36 ../bin/obj/gdtasm.o
                0x0000000000202d90                gdt_set32
                0x0000000000202dc2                CRzero
 .text          0x0000000000202dc6      0x5d6 ../bin/obj/hardw.o
                0x0000000000202dc6                setints
                0x0000000000202e0f                IRQclrmsk
                0x0000000000202e85                IRQclrallmsks
                0x0000000000202ebe                IRQmskall
                0x0000000000202f20                IRQdisableall
                0x0000000000202f5c                IRQsetmsk
                0x0000000000202fd0                initpics
                0x00000000002030b4                inthndld
                0x00000000002030f9                PIC_remap
                0x00000000002031e2                PIT_init
                0x000000000020323b                inita20
                0x00000000002032d9                DetectSpeed
                0x0000000000203341                keybsndcom
                0x0000000000203372                keybwait
 .text          0x000000000020339c      0x12a ../bin/obj/cpu.o
                0x000000000020339c                idtent
                0x00000000002033ca                setidt
                0x0000000000203420                CPUID
                0x000000000020344e                IDT_add
                0x00000000002034ab                cpuSetMSR
 .text          0x00000000002034c6      0x85b ../bin/obj/isr.o
                0x00000000002034c6                isrinst
                0x0000000000203623                isr0c
                0x000000000020365c                isr1c
                0x00000000002036a5                isr3c
                0x00000000002036d1                isr4c
                0x00000000002036e3                isr7c
                0x000000000020372a                isr8c
                0x0000000000203751                isr11c
                0x000000000020377c                isr12c
                0x00000000002037a8                isr13c
                0x0000000000203b67                isr14c
                0x0000000000203b92                isr15
                0x0000000000203bbe                isr20c
                0x0000000000203c0f                isr21c
                0x0000000000203c64                isr2cc
                0x0000000000203c9d                isr30c
                0x0000000000203cd6                isr47c
 .text          0x0000000000203d21      0x61f ../bin/obj/util.o
                0x0000000000203d21                getBYTE
                0x0000000000203d56                getWORD
                0x0000000000203d8c                eqlstr
                0x0000000000203e10                sleep
                0x0000000000203e51                timer_start
                0x0000000000203e70                timer_end
                0x0000000000203e9e                movestr
                0x0000000000203f17                hasStr
                0x0000000000203f7b                hexstr
                0x0000000000203fe2                intstr
                0x0000000000204095                strlen
                0x00000000002040c6                TransformUpLowUC
                0x0000000000204176                PartyChop
                0x00000000002041c5                strtok
                0x0000000000204216                strsep
                0x000000000020426e                strpbrk
 .text          0x0000000000204340        0xa ../bin/obj/idta.o
                0x0000000000204340                idt_set
 *fill*         0x000000000020434a        0x6 
 .text          0x0000000000204350       0xfa ../bin/obj/isra.o
                0x0000000000204350                isr0
                0x000000000020436c                isr1
                0x000000000020437a                isr3
                0x0000000000204384                isr4
                0x000000000020438c                isr7
                0x0000000000204395                isr8
                0x00000000002043a3                isr9
                0x00000000002043a4                isr10
                0x00000000002043a7                isr11
                0x00000000002043b8                isr13
                0x00000000002043f4                isr14
                0x00000000002043fe                isr20
                0x0000000000204426                isr21
                0x000000000020442f                isr2c
                0x0000000000204438                isr30
                0x0000000000204441                isr47
 *fill*         0x000000000020444a        0x6 
 .text          0x0000000000204450       0xfb ../bin/obj/asm.o
                0x0000000000204450                PIT_initasm
                0x000000000020445f                PIT_readcount
                0x0000000000204477                enable_A20
                0x00000000002044c3                GetCPUVendor
                0x00000000002044dd                TLBflush
                0x00000000002044e7                getESP
                0x00000000002044f2                TSS_flush
                0x00000000002044fa                jmp_user_mode
                0x0000000000204527                jmp_back_kernel
                0x000000000020453b                memory_set_stack
                0x0000000000204547                StackPointer
 .text          0x000000000020454b      0x48d ../bin/obj/errorHandl.o
                0x000000000020454b                kernel_panic
                0x000000000020464a                kernel_panic_dump
                0x00000000002047c1                InitFail
                0x0000000000204820                console_Warning
                0x0000000000204872                error
 .text          0x00000000002049d8      0x240 ../bin/obj/keyboard.o
                0x00000000002049d8                keybin
                0x0000000000204a1b                putonscr
                0x0000000000204a34                IS_pressed
                0x0000000000204a67                hang_for_key
                0x0000000000204a92                InitKbrd
                0x0000000000204b48                ps2_mouse_init
 .text          0x0000000000204c18      0x3fd ../bin/obj/memory.o
                0x0000000000204c18                memory_init
                0x0000000000204c39                GRUB_GetMemInfo
                0x0000000000204d20                malloc
                0x0000000000204e9f                demalloc
                0x0000000000204f02                kmemset
                0x0000000000204f32                MemCopy
                0x0000000000204f87                strcopy
                0x0000000000204fd8                strncpy
 .text          0x0000000000205015      0x695 ../bin/obj/pci.o
                0x0000000000205015                pci_init
                0x00000000002051dd                pci_get_device
                0x00000000002052c6                pci_get_val
                0x0000000000205367                GetPCIDevice
                0x0000000000205516                pciConfigRead
                0x00000000002055bc                pciConfigWrite
                0x0000000000205660                pciGetInterruptLine
 .text          0x00000000002056aa      0x853 ../bin/obj/ahci.o
                0x00000000002056aa                AHCI_init
                0x0000000000205727                getBAR5
                0x00000000002057ad                AHCI_setup_port
                0x00000000002057df                search_drives
                0x0000000000205a5d                port_rebase
                0x0000000000205bbf                start_cmd
                0x0000000000205c01                stop_cmd
                0x0000000000205c57                Read_SATA
                0x0000000000205e77                find_cmdslot
 .text          0x0000000000205efd      0xf1a ../bin/obj/ATA.o
                0x0000000000205efd                ATA_init
                0x000000000020617d                ATAPI_init
                0x0000000000206196                ATAwait
                0x00000000002061c9                ATAPI_CHECK
                0x00000000002062f2                ATA_swreset
                0x000000000020638a                DRIVE_ERROR_DETECT
                0x00000000002063e4                nIEN_rs
                0x000000000020642c                PIO_READ_ATA
                0x00000000002065c6                PIO_WRITE_ATA
                0x00000000002067b4                PIO_READ_ATAPI
                0x0000000000206a55                DMA_ATA_SETUP
                0x0000000000206b54                DMA_ATA_READ
                0x0000000000206ca6                DMA_ATA_WRITE
                0x0000000000206da9                ATA_STANDARD
 .text          0x0000000000206e17      0xbf8 ../bin/obj/fat.o
                0x0000000000206e17                GetBootCodeFAT
                0x0000000000206e5e                FATinit
                0x0000000000206f0b                GetFile
                0x0000000000206f84                FindFile
                0x0000000000207072                FAT_Traverse
                0x0000000000207126                fat_find_dir
                0x0000000000207243                FindNextDir
                0x0000000000207367                FAT32_WRITE_FILE
                0x000000000020748d                FAT32_DIRPREP
                0x000000000020755b                FAT32_Write_cluster
                0x00000000002075ad                FAT32_READ_FILE
                0x0000000000207619                FAT_cluster_LBA
                0x0000000000207651                FAT_read_table
                0x000000000020773f                ReadDir
                0x00000000002078a6                FATFindFreeClusterChain
 .text          0x0000000000207a0f      0x261 ../bin/obj/hdd.o
                0x0000000000207a0f                get_drive_info
                0x0000000000207bd3                GetFirstSectLBA
 .text          0x0000000000207c70       0x19 ../bin/obj/iso.o
                0x0000000000207c70                iso_init
 .text          0x0000000000207c89      0x1f8 ../bin/obj/DRVhandl.o
                0x0000000000207c89                driver_type
                0x0000000000207cb9                FindDriver
                0x0000000000207e03                run_v86_driver
 *fill*         0x0000000000207e81        0xf 
 .text          0x0000000000207e90       0x7d ../bin/obj/v86.o
                0x0000000000207e90                v86_enter
                0x0000000000207ece                do_exor
                0x0000000000207edd                do_regs
                0x0000000000207eef                v86_ret
 .text          0x0000000000207f0d      0x81f ../bin/obj/multitasking.o
                0x0000000000207f0d                Task_Save_State
                0x000000000020801b                task_timeguard
                0x0000000000208143                task_push_v86
                0x0000000000208205                task_push
                0x00000000002082c8                task_pop
                0x0000000000208538                task_save
                0x0000000000208655                task_findnew
                0x00000000002086c9                task_internal_ret_from_interrupt
 .text          0x000000000020872c      0x142 ../bin/obj/v86c.o
                0x000000000020872c                v86_linear_to_sgoff
                0x0000000000208769                v86_sgoff_to_linear
                0x000000000020879e                v86_interrupt
                0x0000000000208816                v86_save_state
 .text          0x000000000020886e      0x3cd ../bin/obj/vesa.o
                0x000000000020886e                vesa_findmode
                0x0000000000208bb6                vesa_difference
                0x0000000000208bcb                vesa_put_pixel

.text.__x86.get_pc_thunk.bx
                0x0000000000208c3b        0x4
 .text.__x86.get_pc_thunk.bx
                0x0000000000208c3b        0x4 ../bin/obj/kc.o
                0x0000000000208c3b                __x86.get_pc_thunk.bx

.text.__x86.get_pc_thunk.ax
                0x0000000000208c3f        0x4
 .text.__x86.get_pc_thunk.ax
                0x0000000000208c3f        0x4 ../bin/obj/sys.o
                0x0000000000208c3f                __x86.get_pc_thunk.ax

.text.__x86.get_pc_thunk.dx
                0x0000000000208c43        0x4
 .text.__x86.get_pc_thunk.dx
                0x0000000000208c43        0x4 ../bin/obj/pci.o
                0x0000000000208c43                __x86.get_pc_thunk.dx

.iplt           0x0000000000208c48        0x0
 .iplt          0x0000000000208c48        0x0 ../bin/obj/stack.o

.rodata         0x0000000000208c48      0x857
 .rodata        0x0000000000208c48       0x8d ../bin/obj/kc.o
 .rodata        0x0000000000208cd5        0x3 ../bin/obj/screen.o
                0x0000000000208cd5                height
                0x0000000000208cd6                width
                0x0000000000208cd7                depth
 .rodata        0x0000000000208cd8       0xc6 ../bin/obj/isr.o
 .rodata        0x0000000000208d9e       0x1b ../bin/obj/util.o
 *fill*         0x0000000000208db9        0x3 
 .rodata        0x0000000000208dbc      0x430 ../bin/obj/errorHandl.o
 .rodata        0x00000000002091ec       0x23 ../bin/obj/keyboard.o
 .rodata        0x000000000020920f       0x36 ../bin/obj/pci.o
 *fill*         0x0000000000209245        0x3 
 .rodata        0x0000000000209248       0x9a ../bin/obj/ahci.o
 .rodata        0x00000000002092e2       0xa1 ../bin/obj/ATA.o
 .rodata        0x0000000000209383        0xb ../bin/obj/fat.o
 .rodata        0x000000000020938e       0x11 ../bin/obj/hdd.o
 .rodata        0x000000000020939f       0x54 ../bin/obj/DRVhandl.o
 .rodata        0x00000000002093f3       0x27 ../bin/obj/multitasking.o
 .rodata        0x000000000020941a       0x85 ../bin/obj/vesa.o

.eh_frame       0x00000000002094a0     0x16f8
 .eh_frame      0x00000000002094a0       0x7c ../bin/obj/kc.o
 .eh_frame      0x000000000020951c      0x114 ../bin/obj/sys.o
                                        0x12c (size before relaxing)
 .eh_frame      0x0000000000209630      0x1c8 ../bin/obj/screen.o
                                        0x208 (size before relaxing)
 .eh_frame      0x00000000002097f8       0x8c ../bin/obj/gdt.o
                                         0xcc (size before relaxing)
 .eh_frame      0x0000000000209884      0x1fc ../bin/obj/hardw.o
                                        0x23c (size before relaxing)
 .eh_frame      0x0000000000209a80       0xa4 ../bin/obj/cpu.o
                                         0xe4 (size before relaxing)
 .eh_frame      0x0000000000209b24      0x260 ../bin/obj/isr.o
                                        0x2a0 (size before relaxing)
 .eh_frame      0x0000000000209d84      0x22c ../bin/obj/util.o
                                        0x26c (size before relaxing)
 .eh_frame      0x0000000000209fb0       0xa4 ../bin/obj/errorHandl.o
                                         0xd0 (size before relaxing)
 .eh_frame      0x000000000020a054       0xc8 ../bin/obj/keyboard.o
                                        0x108 (size before relaxing)
 .eh_frame      0x000000000020a11c      0x10c ../bin/obj/memory.o
                                        0x138 (size before relaxing)
 .eh_frame      0x000000000020a228      0x128 ../bin/obj/pci.o
                                        0x168 (size before relaxing)
 .eh_frame      0x000000000020a350      0x160 ../bin/obj/ahci.o
                                        0x1a0 (size before relaxing)
 .eh_frame      0x000000000020a4b0      0x1f8 ../bin/obj/ATA.o
                                        0x238 (size before relaxing)
 .eh_frame      0x000000000020a6a8      0x228 ../bin/obj/fat.o
                                        0x268 (size before relaxing)
 .eh_frame      0x000000000020a8d0       0x48 ../bin/obj/hdd.o
                                         0x74 (size before relaxing)
 .eh_frame      0x000000000020a918       0x20 ../bin/obj/iso.o
                                         0x4c (size before relaxing)
 .eh_frame      0x000000000020a938       0x68 ../bin/obj/DRVhandl.o
                                         0xa8 (size before relaxing)
 .eh_frame      0x000000000020a9a0      0x10c ../bin/obj/multitasking.o
                                        0x160 (size before relaxing)
 .eh_frame      0x000000000020aaac       0x84 ../bin/obj/v86c.o
                                         0xb0 (size before relaxing)
 .eh_frame      0x000000000020ab30       0x68 ../bin/obj/vesa.o
                                         0xa8 (size before relaxing)

.note.gnu.property
                0x000000000020ab98       0x1c
 .note.gnu.property
                0x000000000020ab98       0x1c ../bin/obj/stack.o

.rel.dyn        0x000000000020abb4        0x0
 .rel.got       0x000000000020abb4        0x0 ../bin/obj/stack.o
 .rel.iplt      0x000000000020abb4        0x0 ../bin/obj/stack.o
 .rel.text      0x000000000020abb4        0x0 ../bin/obj/stack.o
 .rel.data.rel  0x000000000020abb4        0x0 ../bin/obj/stack.o

.data           0x000000000020abb4       0x18
 *(.data)
 .data          0x000000000020abb4        0x0 ../bin/obj/kc.o
 .data          0x000000000020abb4        0x0 ../bin/obj/sys.o
 .data          0x000000000020abb4        0x4 ../bin/obj/screen.o
                0x000000000020abb4                color
 .data          0x000000000020abb8        0x0 ../bin/obj/gdt.o
 .data          0x000000000020abb8        0x4 ../bin/obj/hardw.o
                0x000000000020abb8                CMOS_NMI_disable
 .data          0x000000000020abbc        0x0 ../bin/obj/cpu.o
 .data          0x000000000020abbc        0x0 ../bin/obj/isr.o
 .data          0x000000000020abbc        0x0 ../bin/obj/util.o
 .data          0x000000000020abbc        0x0 ../bin/obj/errorHandl.o
 .data          0x000000000020abbc        0x4 ../bin/obj/keyboard.o
                0x000000000020abbc                scancodeset
 .data          0x000000000020abc0        0x8 ../bin/obj/memory.o
                0x000000000020abc0                MEM_start
                0x000000000020abc4                mem_table_entry
 .data          0x000000000020abc8        0x0 ../bin/obj/pci.o
 .data          0x000000000020abc8        0x0 ../bin/obj/ahci.o
 .data          0x000000000020abc8        0x0 ../bin/obj/ATA.o
 .data          0x000000000020abc8        0x0 ../bin/obj/fat.o
 .data          0x000000000020abc8        0x0 ../bin/obj/hdd.o
 .data          0x000000000020abc8        0x0 ../bin/obj/iso.o
 .data          0x000000000020abc8        0x0 ../bin/obj/DRVhandl.o
 .data          0x000000000020abc8        0x0 ../bin/obj/multitasking.o
 .data          0x000000000020abc8        0x0 ../bin/obj/v86c.o
 .data          0x000000000020abc8        0x4 ../bin/obj/vesa.o
                0x000000000020abc8                screen

.data.rel       0x000000000020abcc        0x4
 .data.rel      0x000000000020abcc        0x4 ../bin/obj/keyboard.o
                0x000000000020abcc                kbrdbfr

.data.rel.local
                0x000000000020abd0        0xc
 .data.rel.local
                0x000000000020abd0        0xc ../bin/obj/DRVhandl.o
                0x000000000020abd0                UNKOWN
                0x000000000020abd4                EMPTY
                0x000000000020abd8                VESA

.got            0x000000000020abdc        0x0
 .got           0x000000000020abdc        0x0 ../bin/obj/stack.o

.got.plt        0x000000000020abdc        0xc
 .got.plt       0x000000000020abdc        0xc ../bin/obj/stack.o
                0x000000000020abdc                _GLOBAL_OFFSET_TABLE_

.igot.plt       0x000000000020abe8        0x0
 .igot.plt      0x000000000020abe8        0x0 ../bin/obj/stack.o

.bss            0x000000000020ac00    0x6a510
 *(.bss)
 .bss           0x000000000020ac00        0xc ../bin/obj/kc.o
                0x000000000020ac00                KERNEL_FLAGS
 .bss           0x000000000020ac0c        0x0 ../bin/obj/sys.o
 .bss           0x000000000020ac0c       0x10 ../bin/obj/screen.o
                0x000000000020ac0c                cursorX
                0x000000000020ac10                cursorY
 *fill*         0x000000000020ac1c        0x4 
 .bss           0x000000000020ac20       0x5e ../bin/obj/gdt.o
 *fill*         0x000000000020ac7e        0x2 
 .bss           0x000000000020ac80        0x8 ../bin/obj/hardw.o
 *fill*         0x000000000020ac88       0x18 
 .bss           0x000000000020aca0      0x826 ../bin/obj/cpu.o
 *fill*         0x000000000020b4c6        0x2 
 .bss           0x000000000020b4c8        0xc ../bin/obj/isr.o
                0x000000000020b4c8                sec
 .bss           0x000000000020b4d4       0x10 ../bin/obj/util.o
 .bss           0x000000000020b4e4        0x8 ../bin/obj/errorHandl.o
 .bss           0x000000000020b4ec       0x1c ../bin/obj/keyboard.o
                0x000000000020b4ec                enter
                0x000000000020b4f0                bEnterPause
                0x000000000020b4f4                boolsk3
                0x000000000020b4f8                noreturn
                0x000000000020b4fc                shift
 .bss           0x000000000020b508        0x8 ../bin/obj/memory.o
 .bss           0x000000000020b510        0x8 ../bin/obj/pci.o
 .bss           0x000000000020b518        0x8 ../bin/obj/ahci.o
 .bss           0x000000000020b520        0x8 ../bin/obj/ATA.o
 .bss           0x000000000020b528       0x10 ../bin/obj/fat.o
 .bss           0x000000000020b538        0x8 ../bin/obj/hdd.o
 .bss           0x000000000020b540        0x8 ../bin/obj/iso.o
 .bss           0x000000000020b548        0x8 ../bin/obj/DRVhandl.o
 .bss           0x000000000020b550        0xd ../bin/obj/multitasking.o
                0x000000000020b550                CurrentTasks
 *fill*         0x000000000020b55d        0x3 
 .bss           0x000000000020b560        0x8 ../bin/obj/v86c.o
 .bss           0x000000000020b568        0x8 ../bin/obj/vesa.o
 .bss           0x000000000020b570     0x1000 ../bin/obj/stack.o
                0x000000000020b570                stack
                0x000000000020c570                end_stack
 *fill*         0x000000000020c570       0x10 
 COMMON         0x000000000020c580    0x289e4 ../bin/obj/kc.o
                0x000000000020c580                BPB
                0x000000000020c5a0                tasks
                0x000000000020c840                systeminfo
                0x000000000020c8c0                pci_device_info
                0x00000000002348c0                segments
                0x00000000002348c4                vfs_info
                0x00000000002348e0                pci_devices
                0x0000000000234ee0                devices
                0x0000000000234f60                abar
 *fill*         0x0000000000234f64       0x1c 
 COMMON         0x0000000000234f80       0x68 ../bin/obj/gdt.o
                0x0000000000234f80                tss
 COMMON         0x0000000000234fe8        0x8 ../bin/obj/cpu.o
                0x0000000000234fe8                VendorID
                0x0000000000234fec                cpuvend
 COMMON         0x0000000000234ff0        0xe ../bin/obj/isr.o
                0x0000000000234ff0                before_int_ax
                0x0000000000234ff2                tckcounter
                0x0000000000234ff4                int_stack
                0x0000000000234ff8                last_interrupt
                0x0000000000234ffa                before_int_di
                0x0000000000234ffc                counter
 *fill*         0x0000000000234ffe        0x2 
 COMMON         0x0000000000235000      0x100 ../bin/obj/keyboard.o
                0x0000000000235000                buff
 COMMON         0x0000000000235100    0x40004 ../bin/obj/memory.o
                0x0000000000235100                mem_table
                0x0000000000275100                MEM_MAX
 COMMON         0x0000000000275104        0x8 ../bin/obj/ATA.o
                0x0000000000275104                prdt
                0x0000000000275108                BMR
 COMMON         0x000000000027510c        0x4 ../bin/obj/fat.o
                0x000000000027510c                ROOTDIR
LOAD ../bin/obj/kasm.o
LOAD ../bin/obj/kc.o
LOAD ../bin/obj/sys.o
LOAD ../bin/obj/screen.o
LOAD ../bin/obj/gdt.o
LOAD ../bin/obj/gdtasm.o
LOAD ../bin/obj/hardw.o
LOAD ../bin/obj/cpu.o
LOAD ../bin/obj/isr.o
LOAD ../bin/obj/util.o
LOAD ../bin/obj/idta.o
LOAD ../bin/obj/isra.o
LOAD ../bin/obj/asm.o
LOAD ../bin/obj/errorHandl.o
LOAD ../bin/obj/keyboard.o
LOAD ../bin/obj/memory.o
LOAD ../bin/obj/pci.o
LOAD ../bin/obj/ahci.o
LOAD ../bin/obj/ATA.o
LOAD ../bin/obj/fat.o
LOAD ../bin/obj/hdd.o
LOAD ../bin/obj/iso.o
LOAD ../bin/obj/DRVhandl.o
LOAD ../bin/obj/v86.o
LOAD ../bin/obj/multitasking.o
LOAD ../bin/obj/v86c.o
LOAD ../bin/obj/vesa.o
LOAD ../bin/obj/stack.o
OUTPUT(../bin/kernel/kernel.sys elf32-i386)

.comment        0x0000000000000000       0x29
 .comment       0x0000000000000000       0x29 ../bin/obj/kc.o
                                         0x2a (size before relaxing)
 .comment       0x0000000000000029       0x2a ../bin/obj/sys.o
 .comment       0x0000000000000029       0x2a ../bin/obj/screen.o
 .comment       0x0000000000000029       0x2a ../bin/obj/gdt.o
 .comment       0x0000000000000029       0x2a ../bin/obj/hardw.o
 .comment       0x0000000000000029       0x2a ../bin/obj/cpu.o
 .comment       0x0000000000000029       0x2a ../bin/obj/isr.o
 .comment       0x0000000000000029       0x2a ../bin/obj/util.o
 .comment       0x0000000000000029       0x2a ../bin/obj/errorHandl.o
 .comment       0x0000000000000029       0x2a ../bin/obj/keyboard.o
 .comment       0x0000000000000029       0x2a ../bin/obj/memory.o
 .comment       0x0000000000000029       0x2a ../bin/obj/pci.o
 .comment       0x0000000000000029       0x2a ../bin/obj/ahci.o
 .comment       0x0000000000000029       0x2a ../bin/obj/ATA.o
 .comment       0x0000000000000029       0x2a ../bin/obj/fat.o
 .comment       0x0000000000000029       0x2a ../bin/obj/hdd.o
 .comment       0x0000000000000029       0x2a ../bin/obj/iso.o
 .comment       0x0000000000000029       0x2a ../bin/obj/DRVhandl.o
 .comment       0x0000000000000029       0x2a ../bin/obj/multitasking.o
 .comment       0x0000000000000029       0x2a ../bin/obj/v86c.o
 .comment       0x0000000000000029       0x2a ../bin/obj/vesa.o

.note.GNU-stack
                0x0000000000000000        0x0
 .note.GNU-stack
                0x0000000000000000        0x0 ../bin/obj/kc.o
 .note.GNU-stack
                0x0000000000000000        0x0 ../bin/obj/sys.o
 .note.GNU-stack
                0x0000000000000000        0x0 ../bin/obj/screen.o
 .note.GNU-stack
                0x0000000000000000        0x0 ../bin/obj/gdt.o
 .note.GNU-stack
                0x0000000000000000        0x0 ../bin/obj/hardw.o
 .note.GNU-stack
                0x0000000000000000        0x0 ../bin/obj/cpu.o
 .note.GNU-stack
                0x0000000000000000        0x0 ../bin/obj/isr.o
 .note.GNU-stack
                0x0000000000000000        0x0 ../bin/obj/util.o
 .note.GNU-stack
                0x0000000000000000        0x0 ../bin/obj/errorHandl.o
 .note.GNU-stack
                0x0000000000000000        0x0 ../bin/obj/keyboard.o
 .note.GNU-stack
                0x0000000000000000        0x0 ../bin/obj/memory.o
 .note.GNU-stack
                0x0000000000000000        0x0 ../bin/obj/pci.o
 .note.GNU-stack
                0x0000000000000000        0x0 ../bin/obj/ahci.o
 .note.GNU-stack
                0x0000000000000000        0x0 ../bin/obj/ATA.o
 .note.GNU-stack
                0x0000000000000000        0x0 ../bin/obj/fat.o
 .note.GNU-stack
                0x0000000000000000        0x0 ../bin/obj/hdd.o
 .note.GNU-stack
                0x0000000000000000        0x0 ../bin/obj/iso.o
 .note.GNU-stack
                0x0000000000000000        0x0 ../bin/obj/DRVhandl.o
 .note.GNU-stack
                0x0000000000000000        0x0 ../bin/obj/multitasking.o
 .note.GNU-stack
                0x0000000000000000        0x0 ../bin/obj/v86c.o
 .note.GNU-stack
                0x0000000000000000        0x0 ../bin/obj/vesa.o
